Archive member included because of file (symbol)

../../PLIB2_GIT/PLIB.X/dist/default/production/PLIB.X.a(_LOG.o)
                              build/default/production/_ext/1472/main.o (log_init)
../../PLIB2_GIT/PLIB.X/dist/default/production/PLIB.X.a(ble.o)
                              build/default/production/_ext/1472/main.o (ble_init)
../../PLIB2_GIT/PLIB.X/dist/default/production/PLIB.X.a(utilities.o)
                              ../../PLIB2_GIT/PLIB.X/dist/default/production/PLIB.X.a(ble.o) (fu_crc_16_ibm)
../../PLIB2_GIT/PLIB.X/dist/default/production/PLIB.X.a(s14_timers.o)
                              build/default/production/_ext/1472/interrupts.o (timer_interrupt_handler)
../../PLIB2_GIT/PLIB.X/dist/default/production/PLIB.X.a(s23_spi.o)
                              ../../PLIB2_GIT/PLIB.X/dist/default/production/PLIB.X.a(utilities.o) (spi_enable)
../../PLIB2_GIT/PLIB.X/dist/default/production/PLIB.X.a(s17_adc.o)
                              build/default/production/_ext/1472/config.o (adc10_init)
../../PLIB2_GIT/PLIB.X/dist/default/production/PLIB.X.a(s16_output_compare.o)
                              build/default/production/_ext/1472/main.o (pwm_init)
../../PLIB2_GIT/PLIB.X/dist/default/production/PLIB.X.a(s24_i2c.o)
                              ../../PLIB2_GIT/PLIB.X/dist/default/production/PLIB.X.a(utilities.o) (i2c_enable)
../../PLIB2_GIT/PLIB.X/dist/default/production/PLIB.X.a(s12_ports.o)
                              build/default/production/_ext/1472/config.o (ports_change_notice_init)
../../PLIB2_GIT/PLIB.X/dist/default/production/PLIB.X.a(s21_uart.o)
                              ../../PLIB2_GIT/PLIB.X/dist/default/production/PLIB.X.a(_LOG.o) (uart_init)
../../PLIB2_GIT/PLIB.X/dist/default/production/PLIB.X.a(s31_dma.o)
                              ../../PLIB2_GIT/PLIB.X/dist/default/production/PLIB.X.a(_LOG.o) (dma_init)
../../PLIB2_GIT/PLIB.X/dist/default/production/PLIB.X.a(s07_resets.o)
                              ../../PLIB2_GIT/PLIB.X/dist/default/production/PLIB.X.a(ble.o) (software_reset)
../../PLIB2_GIT/PLIB.X/dist/default/production/PLIB.X.a(s08_interrupts.o)
                              build/default/production/_ext/1472/config.o (irq_link_data_priority)
../../PLIB2_GIT/PLIB.X/dist/default/production/PLIB.X.a(s00_system.o)
                              build/default/production/_ext/1472/config.o (system_config_performance)

Optional file libmchp_peripheral.a not found

Optional file libmchp_peripheral_32MX795F512L.a not found
/Applications/microchip/xc32/v2.40/bin/bin/../../lib/gcc/pic32mx/4.8.3/libgcc.a(_udivdi3.o)
                              ../../PLIB2_GIT/PLIB.X/dist/default/production/PLIB.X.a(_LOG.o) (__udivdi3)
/Applications/microchip/xc32/v2.40/bin/bin/../../lib/gcc/pic32mx/4.8.3/libgcc.a(_umoddi3.o)
                              ../../PLIB2_GIT/PLIB.X/dist/default/production/PLIB.X.a(_LOG.o) (__umoddi3)
/Applications/microchip/xc32/v2.40/bin/bin/../../lib/gcc/pic32mx/4.8.3/libgcc.a(floatunsisf.o)
                              ../../PLIB2_GIT/PLIB.X/dist/default/production/PLIB.X.a(utilities.o) (__floatunsisf)
/Applications/microchip/xc32/v2.40/bin/bin/../../lib/gcc/pic32mx/4.8.3/libgcc.a(floatunsidf.o)
                              ../../PLIB2_GIT/PLIB.X/dist/default/production/PLIB.X.a(utilities.o) (__floatunsidf)
/Applications/microchip/xc32/v2.40/bin/bin/../../lib/gcc/pic32mx/4.8.3/../../../../pic32mx/lib/libpic32.a(memcpy.o)
                              ../../PLIB2_GIT/PLIB.X/dist/default/production/PLIB.X.a(ble.o) (memcpy)
/Applications/microchip/xc32/v2.40/bin/bin/../../lib/gcc/pic32mx/4.8.3/../../../../pic32mx/lib/libpic32.a(memset.o)
                              ../../PLIB2_GIT/PLIB.X/dist/default/production/PLIB.X.a(ble.o) (memset)
/Applications/microchip/xc32/v2.40/bin/bin/../../lib/gcc/pic32mx/4.8.3/../../../../pic32mx/lib/libpic32.a(default-bootstrap-exception-handler.o)
                              /var/folders/nb/nscgpnq50m3_t2k_4gt8dg080000gn/T//cc5zdxJX.o (_bootstrap_exception_handler)
/Applications/microchip/xc32/v2.40/bin/bin/../../lib/gcc/pic32mx/4.8.3/../../../../pic32mx/lib/libpic32.a(default-on-reset.o)
                              /var/folders/nb/nscgpnq50m3_t2k_4gt8dg080000gn/T//cc5zdxJX.o (_on_reset)
/Applications/microchip/xc32/v2.40/bin/bin/../../lib/gcc/pic32mx/4.8.3/../../../../pic32mx/lib/libpic32.a(default-on-bootstrap.o)
                              /var/folders/nb/nscgpnq50m3_t2k_4gt8dg080000gn/T//cc5zdxJX.o (_on_bootstrap)
/Applications/microchip/xc32/v2.40/bin/bin/../../lib/gcc/pic32mx/4.8.3/../../../../pic32mx/lib/libpic32.a(default-nmi-handler.o)
                              /var/folders/nb/nscgpnq50m3_t2k_4gt8dg080000gn/T//cc5zdxJX.o (_nmi_handler)
/Applications/microchip/xc32/v2.40/bin/bin/../../lib/gcc/pic32mx/4.8.3/../../../../pic32mx/lib/libpic32.a(pic32_data_init.o)
                              /var/folders/nb/nscgpnq50m3_t2k_4gt8dg080000gn/T//cc5zdxJX.o (__pic32_data_init)
[...]
Memory Configuration

Name             Origin             Length             Attributes
kseg0_program_mem 0x000000009d000000 0x0000000000080000 xr
kseg0_boot_mem   0x000000009fc00490 0x0000000000000970
exception_mem    0x000000009fc01000 0x0000000000001000
kseg1_boot_mem   0x00000000bfc00000 0x0000000000000490
debug_exec_mem   0x00000000bfc02000 0x0000000000000ff0
config3          0x00000000bfc02ff0 0x0000000000000004
config2          0x00000000bfc02ff4 0x0000000000000004
config1          0x00000000bfc02ff8 0x0000000000000004
config0          0x00000000bfc02ffc 0x0000000000000004
kseg1_data_mem   0x00000000a0000000 0x0000000000020000 w !x
sfrs             0x00000000bf800000 0x0000000000100000
configsfrs       0x00000000bfc02ff0 0x0000000000000010
*default*        0x0000000000000000 0xffffffffffffffff

Linker script and memory map

LOAD /Applications/microchip/xc32/v2.40/bin/bin/../../lib/gcc/pic32mx/4.8.3/../../../../pic32mx/lib/debug-exception-return.o
LOAD build/default/production/_ext/1472/config.o
LOAD build/default/production/_ext/1472/interrupts.o
LOAD build/default/production/_ext/1472/main.o
LOAD ../../PLIB2_GIT/PLIB.X/dist/default/production/PLIB.X.a
                0x0000000000000001                __MPLAB_BUILD = 0x1
                0x0000000000004e20                _min_heap_size = 0x4e20
                0x0000000000000000                _min_stack_size = 0x0
LOAD /var/folders/nb/nscgpnq50m3_t2k_4gt8dg080000gn/T//cc5zdxJX.o
LOAD /var/folders/nb/nscgpnq50m3_t2k_4gt8dg080000gn/T//ccKFR5AX.o
LOAD /var/folders/nb/nscgpnq50m3_t2k_4gt8dg080000gn/T//ccRIzKT9.o
LOAD /Applications/microchip/xc32/v2.40/bin/bin/../../lib/gcc/pic32mx/4.8.3/../../../../pic32mx/lib/pic32_software_reset.o
                0x0000000000000400                PROVIDE (_min_stack_size, 0x400)
START GROUP
LOAD /Applications/microchip/xc32/v2.40/bin/bin/../../lib/gcc/pic32mx/4.8.3/../../../../pic32mx/lib/./proc/32MX795F512L/processor.o
END GROUP
START GROUP
LOAD libmchp_peripheral.a
END GROUP
START GROUP
LOAD libmchp_peripheral_32MX795F512L.a
END GROUP
                0x0000000000000001                PROVIDE (_vector_spacing, 0x1)
                0x000000009fc01000                PROVIDE (_ebase_address, 0x9fc01000)
                0x00000000bfc00000                _RESET_ADDR = 0xbfc00000
                0x00000000bfc00380                _BEV_EXCPT_ADDR = 0xbfc00380
                0x00000000bfc00480                _DBG_EXCPT_ADDR = 0xbfc00480
                0x00000000bfc02000                _DBG_CODE_ADDR = 0xbfc02000
                0x0000000000000ff0                _DBG_CODE_SIZE = 0xff0
                0x000000009fc01180                _GEN_EXCPT_ADDR = (_ebase_address + 0x180)

.config_BFC02FF0
                0x00000000bfc02ff0        0x4
 *(.config_BFC02FF0)
 .config_BFC02FF0
                0x00000000bfc02ff0        0x4 build/default/production/_ext/1472/main.o

.config_BFC02FF4
                0x00000000bfc02ff4        0x4
 *(.config_BFC02FF4)
 .config_BFC02FF4
                0x00000000bfc02ff4        0x4 build/default/production/_ext/1472/main.o

.config_BFC02FF8
                0x00000000bfc02ff8        0x4
 *(.config_BFC02FF8)
 .config_BFC02FF8
                0x00000000bfc02ff8        0x4 build/default/production/_ext/1472/main.o

.config_BFC02FFC
                0x00000000bfc02ffc        0x4
 *(.config_BFC02FFC)
 .config_BFC02FFC
                0x00000000bfc02ffc        0x4 build/default/production/_ext/1472/main.o
                0x00000000bfc02000                PROVIDE (_DBG_CODE_ADDR, 0xbfc02000)
                0x0000000000000ff0                PROVIDE (_DBG_CODE_SIZE, 0xff0)

.reset          0x00000000bfc00000      0x19c
 *(.reset)
 .reset         0x00000000bfc00000        0x8 /var/folders/nb/nscgpnq50m3_t2k_4gt8dg080000gn/T//cc5zdxJX.o
                0x00000000bfc00000                _reset
 *(.reset.startup)
 .reset.startup
                0x00000000bfc00008      0x194 /var/folders/nb/nscgpnq50m3_t2k_4gt8dg080000gn/T//cc5zdxJX.o
                0x00000000bfc00008                _startup

.bev_excpt      0x00000000bfc00380       0x10
 *(.bev_handler)
 .bev_handler   0x00000000bfc00380       0x10 /var/folders/nb/nscgpnq50m3_t2k_4gt8dg080000gn/T//cc5zdxJX.o

.dbg_excpt      0x00000000bfc00480        0x0
                0x00000000bfc00480                . = (. + DEFINED (_DEBUGGER)?0x8:0x0)

.dbg_code       0x00000000bfc02000        0x0
                0x00000000bfc02000                . = (. + DEFINED (_DEBUGGER)?_DBG_CODE_SIZE:0x0)

.app_excpt      0x000000009fc01180       0x10
 *(.gen_handler)
 .gen_handler   0x000000009fc01180       0x10 /var/folders/nb/nscgpnq50m3_t2k_4gt8dg080000gn/T//cc5zdxJX.o

.vector_0       0x000000009fc01200        0x8
 *(.vector_0)
 .vector_0      0x000000009fc01200        0x8 /Applications/microchip/xc32/v2.40/bin/bin/../../lib/gcc/pic32mx/4.8.3/../../../../pic32mx/lib/libpic32.a(vector0.o)
                0x000000009fc01200                __vector_dispatch_0
                0x0000000000000001                ASSERT (((_vector_spacing == 0x0) || (SIZEOF (.vector_0) <= (_vector_spacing << 0x5))), function at exception vector 0 too large)

.vector_1       0x000000009fc01220        0x8
 *(.vector_1)
 .vector_1      0x000000009fc01220        0x8 /Applications/microchip/xc32/v2.40/bin/bin/../../lib/gcc/pic32mx/4.8.3/../../../../pic32mx/lib/libpic32.a(vector1.o)
                0x000000009fc01220                __vector_dispatch_1
                0x0000000000000001                ASSERT (((_vector_spacing == 0x0) || (SIZEOF (.vector_1) <= (_vector_spacing << 0x5))), function at exception vector 1 too large)

.vector_2       0x000000009fc01240        0x8
 *(.vector_2)
 .vector_2      0x000000009fc01240        0x8 /Applications/microchip/xc32/v2.40/bin/bin/../../lib/gcc/pic32mx/4.8.3/../../../../pic32mx/lib/libpic32.a(vector2.o)
                0x000000009fc01240                __vector_dispatch_2
                0x0000000000000001                ASSERT (((_vector_spacing == 0x0) || (SIZEOF (.vector_2) <= (_vector_spacing << 0x5))), function at exception vector 2 too large)

.vector_3       0x000000009fc01260        0x8
 *(.vector_3)
 .vector_3      0x000000009fc01260        0x8 /Applications/microchip/xc32/v2.40/bin/bin/../../lib/gcc/pic32mx/4.8.3/../../../../pic32mx/lib/libpic32.a(vector3.o)
                0x000000009fc01260                __vector_dispatch_3
                0x0000000000000001                ASSERT (((_vector_spacing == 0x0) || (SIZEOF (.vector_3) <= (_vector_spacing << 0x5))), function at exception vector 3 too large)

.vector_4       0x000000009fc01280        0x8
 *(.vector_4)
 .vector_4      0x000000009fc01280        0x8 build/default/production/_ext/1472/interrupts.o
                0x000000009fc01280                __vector_dispatch_4
                0x0000000000000001                ASSERT (((_vector_spacing == 0x0) || (SIZEOF (.vector_4) <= (_vector_spacing << 0x5))), function at exception vector 4 too large)

.vector_5       0x000000009fc012a0        0x8
 *(.vector_5)
 .vector_5      0x000000009fc012a0        0x8 /Applications/microchip/xc32/v2.40/bin/bin/../../lib/gcc/pic32mx/4.8.3/../../../../pic32mx/lib/libpic32.a(vector5.o)
                0x000000009fc012a0                __vector_dispatch_5
                0x0000000000000001                ASSERT (((_vector_spacing == 0x0) || (SIZEOF (.vector_5) <= (_vector_spacing << 0x5))), function at exception vector 5 too large)

.vector_6       0x000000009fc012c0        0x8
 *(.vector_6)
 .vector_6      0x000000009fc012c0        0x8 /Applications/microchip/xc32/v2.40/bin/bin/../../lib/gcc/pic32mx/4.8.3/../../../../pic32mx/lib/libpic32.a(vector6.o)
                0x000000009fc012c0                __vector_dispatch_6
                0x0000000000000001                ASSERT (((_vector_spacing == 0x0) || (SIZEOF (.vector_6) <= (_vector_spacing << 0x5))), function at exception vector 6 too large)

.vector_7       0x000000009fc012e0        0x8
 *(.vector_7)
 .vector_7      0x000000009fc012e0        0x8 /Applications/microchip/xc32/v2.40/bin/bin/../../lib/gcc/pic32mx/4.8.3/../../../../pic32mx/lib/libpic32.a(vector7.o)
                0x000000009fc012e0                __vector_dispatch_7
                0x0000000000000001                ASSERT (((_vector_spacing == 0x0) || (SIZEOF (.vector_7) <= (_vector_spacing << 0x5))), function at exception vector 7 too large)

.vector_8       0x000000009fc01300        0x8
 *(.vector_8)
 .vector_8      0x000000009fc01300        0x8 build/default/production/_ext/1472/interrupts.o
                0x000000009fc01300                __vector_dispatch_8
                0x0000000000000001                ASSERT (((_vector_spacing == 0x0) || (SIZEOF (.vector_8) <= (_vector_spacing << 0x5))), function at exception vector 8 too large)

.vector_9       0x000000009fc01320        0x8
 *(.vector_9)
 .vector_9      0x000000009fc01320        0x8 /Applications/microchip/xc32/v2.40/bin/bin/../../lib/gcc/pic32mx/4.8.3/../../../../pic32mx/lib/libpic32.a(vector9.o)
                0x000000009fc01320                __vector_dispatch_9
                0x0000000000000001                ASSERT (((_vector_spacing == 0x0) || (SIZEOF (.vector_9) <= (_vector_spacing << 0x5))), function at exception vector 9 too large)

.vector_10      0x000000009fc01340        0x8
 *(.vector_10)
 .vector_10     0x000000009fc01340        0x8 /Applications/microchip/xc32/v2.40/bin/bin/../../lib/gcc/pic32mx/4.8.3/../../../../pic32mx/lib/libpic32.a(vector10.o)
                0x000000009fc01340                __vector_dispatch_10
                0x0000000000000001                ASSERT (((_vector_spacing == 0x0) || (SIZEOF (.vector_10) <= (_vector_spacing << 0x5))), function at exception vector 10 too large)

.vector_11      0x000000009fc01360        0x8
 *(.vector_11)
 .vector_11     0x000000009fc01360        0x8 /Applications/microchip/xc32/v2.40/bin/bin/../../lib/gcc/pic32mx/4.8.3/../../../../pic32mx/lib/libpic32.a(vector11.o)
                0x000000009fc01360                __vector_dispatch_11
                0x0000000000000001                ASSERT (((_vector_spacing == 0x0) || (SIZEOF (.vector_11) <= (_vector_spacing << 0x5))), function at exception vector 11 too large)

.vector_12      0x000000009fc01380        0x8
 *(.vector_12)
 .vector_12     0x000000009fc01380        0x8 build/default/production/_ext/1472/interrupts.o
                0x000000009fc01380                __vector_dispatch_12
                0x0000000000000001                ASSERT (((_vector_spacing == 0x0) || (SIZEOF (.vector_12) <= (_vector_spacing << 0x5))), function at exception vector 12 too large)

.vector_13      0x000000009fc013a0        0x8
 *(.vector_13)
 .vector_13     0x000000009fc013a0        0x8 /Applications/microchip/xc32/v2.40/bin/bin/../../lib/gcc/pic32mx/4.8.3/../../../../pic32mx/lib/libpic32.a(vector13.o)
                0x000000009fc013a0                __vector_dispatch_13
                0x0000000000000001                ASSERT (((_vector_spacing == 0x0) || (SIZEOF (.vector_13) <= (_vector_spacing << 0x5))), function at exception vector 13 too large)

.vector_14      0x000000009fc013c0        0x8
 *(.vector_14)
 .vector_14     0x000000009fc013c0        0x8 /Applications/microchip/xc32/v2.40/bin/bin/../../lib/gcc/pic32mx/4.8.3/../../../../pic32mx/lib/libpic32.a(vector14.o)
                0x000000009fc013c0                __vector_dispatch_14
                0x0000000000000001                ASSERT (((_vector_spacing == 0x0) || (SIZEOF (.vector_14) <= (_vector_spacing << 0x5))), function at exception vector 14 too large)

.vector_15      0x000000009fc013e0        0x8
 *(.vector_15)
 .vector_15     0x000000009fc013e0        0x8 /Applications/microchip/xc32/v2.40/bin/bin/../../lib/gcc/pic32mx/4.8.3/../../../../pic32mx/lib/libpic32.a(vector15.o)
                0x000000009fc013e0                __vector_dispatch_15
                0x0000000000000001                ASSERT (((_vector_spacing == 0x0) || (SIZEOF (.vector_15) <= (_vector_spacing << 0x5))), function at exception vector 15 too large)

.vector_16      0x000000009fc01400        0x8
 *(.vector_16)
 .vector_16     0x000000009fc01400        0x8 build/default/production/_ext/1472/interrupts.o
                0x000000009fc01400                __vector_dispatch_16
                0x0000000000000001                ASSERT (((_vector_spacing == 0x0) || (SIZEOF (.vector_16) <= (_vector_spacing << 0x5))), function at exception vector 16 too large)

.vector_17      0x000000009fc01420        0x8
 *(.vector_17)
 .vector_17     0x000000009fc01420        0x8 /Applications/microchip/xc32/v2.40/bin/bin/../../lib/gcc/pic32mx/4.8.3/../../../../pic32mx/lib/libpic32.a(vector17.o)
                0x000000009fc01420                __vector_dispatch_17
                0x0000000000000001                ASSERT (((_vector_spacing == 0x0) || (SIZEOF (.vector_17) <= (_vector_spacing << 0x5))), function at exception vector 17 too large)

.vector_18      0x000000009fc01440        0x8
 *(.vector_18)
 .vector_18     0x000000009fc01440        0x8 /Applications/microchip/xc32/v2.40/bin/bin/../../lib/gcc/pic32mx/4.8.3/../../../../pic32mx/lib/libpic32.a(vector18.o)
                0x000000009fc01440                __vector_dispatch_18
                0x0000000000000001                ASSERT (((_vector_spacing == 0x0) || (SIZEOF (.vector_18) <= (_vector_spacing << 0x5))), function at exception vector 18 too large)

.vector_19      0x000000009fc01460        0x8
 *(.vector_19)
 .vector_19     0x000000009fc01460        0x8 /Applications/microchip/xc32/v2.40/bin/bin/../../lib/gcc/pic32mx/4.8.3/../../../../pic32mx/lib/libpic32.a(vector19.o)
                0x000000009fc01460                __vector_dispatch_19
                0x0000000000000001                ASSERT (((_vector_spacing == 0x0) || (SIZEOF (.vector_19) <= (_vector_spacing << 0x5))), function at exception vector 19 too large)

.vector_20      0x000000009fc01480        0x8
 *(.vector_20)
 .vector_20     0x000000009fc01480        0x8 build/default/production/_ext/1472/interrupts.o
                0x000000009fc01480                __vector_dispatch_20
                0x0000000000000001                ASSERT (((_vector_spacing == 0x0) || (SIZEOF (.vector_20) <= (_vector_spacing << 0x5))), function at exception vector 20 too large)

.vector_21      0x000000009fc014a0        0x8
 *(.vector_21)
 .vector_21     0x000000009fc014a0        0x8 /Applications/microchip/xc32/v2.40/bin/bin/../../lib/gcc/pic32mx/4.8.3/../../../../pic32mx/lib/libpic32.a(vector21.o)
                0x000000009fc014a0                __vector_dispatch_21
                0x0000000000000001                ASSERT (((_vector_spacing == 0x0) || (SIZEOF (.vector_21) <= (_vector_spacing << 0x5))), function at exception vector 21 too large)

.vector_22      0x000000009fc014c0        0x8
 *(.vector_22)
 .vector_22     0x000000009fc014c0        0x8 /Applications/microchip/xc32/v2.40/bin/bin/../../lib/gcc/pic32mx/4.8.3/../../../../pic32mx/lib/libpic32.a(vector22.o)
                0x000000009fc014c0                __vector_dispatch_22
                0x0000000000000001                ASSERT (((_vector_spacing == 0x0) || (SIZEOF (.vector_22) <= (_vector_spacing << 0x5))), function at exception vector 22 too large)

.vector_23      0x000000009fc014e0        0x8
 *(.vector_23)
 .vector_23     0x000000009fc014e0        0x8 build/default/production/_ext/1472/interrupts.o
                0x000000009fc014e0                __vector_dispatch_23
                0x0000000000000001                ASSERT (((_vector_spacing == 0x0) || (SIZEOF (.vector_23) <= (_vector_spacing << 0x5))), function at exception vector 23 too large)

.vector_24      0x000000009fc01500        0x8
 *(.vector_24)
 .vector_24     0x000000009fc01500        0x8 build/default/production/_ext/1472/interrupts.o
                0x000000009fc01500                __vector_dispatch_24
                0x0000000000000001                ASSERT (((_vector_spacing == 0x0) || (SIZEOF (.vector_24) <= (_vector_spacing << 0x5))), function at exception vector 24 too large)

.vector_25      0x000000009fc01520        0x8
 *(.vector_25)
 .vector_25     0x000000009fc01520        0x8 build/default/production/_ext/1472/interrupts.o
                0x000000009fc01520                __vector_dispatch_25
                0x0000000000000001                ASSERT (((_vector_spacing == 0x0) || (SIZEOF (.vector_25) <= (_vector_spacing << 0x5))), function at exception vector 25 too large)

.vector_26      0x000000009fc01540        0x8
 *(.vector_26)
 .vector_26     0x000000009fc01540        0x8 build/default/production/_ext/1472/interrupts.o
                0x000000009fc01540                __vector_dispatch_26
                0x0000000000000001                ASSERT (((_vector_spacing == 0x0) || (SIZEOF (.vector_26) <= (_vector_spacing << 0x5))), function at exception vector 26 too large)

.vector_27      0x000000009fc01560        0x8
 *(.vector_27)
 .vector_27     0x000000009fc01560        0x8 build/default/production/_ext/1472/interrupts.o
                0x000000009fc01560                __vector_dispatch_27
                0x0000000000000001                ASSERT (((_vector_spacing == 0x0) || (SIZEOF (.vector_27) <= (_vector_spacing << 0x5))), function at exception vector 27 too large)

.vector_28      0x000000009fc01580        0x8
 *(.vector_28)
 .vector_28     0x000000009fc01580        0x8 /Applications/microchip/xc32/v2.40/bin/bin/../../lib/gcc/pic32mx/4.8.3/../../../../pic32mx/lib/libpic32.a(vector28.o)
                0x000000009fc01580                __vector_dispatch_28
                0x0000000000000001                ASSERT (((_vector_spacing == 0x0) || (SIZEOF (.vector_28) <= (_vector_spacing << 0x5))), function at exception vector 28 too large)

.vector_29      0x000000009fc015a0        0x8
 *(.vector_29)
 .vector_29     0x000000009fc015a0        0x8 /Applications/microchip/xc32/v2.40/bin/bin/../../lib/gcc/pic32mx/4.8.3/../../../../pic32mx/lib/libpic32.a(vector29.o)
                0x000000009fc015a0                __vector_dispatch_29
                0x0000000000000001                ASSERT (((_vector_spacing == 0x0) || (SIZEOF (.vector_29) <= (_vector_spacing << 0x5))), function at exception vector 29 too large)

.vector_30      0x000000009fc015c0        0x8
 *(.vector_30)
 .vector_30     0x000000009fc015c0        0x8 /Applications/microchip/xc32/v2.40/bin/bin/../../lib/gcc/pic32mx/4.8.3/../../../../pic32mx/lib/libpic32.a(vector30.o)
                0x000000009fc015c0                __vector_dispatch_30
                0x0000000000000001                ASSERT (((_vector_spacing == 0x0) || (SIZEOF (.vector_30) <= (_vector_spacing << 0x5))), function at exception vector 30 too large)

.vector_31      0x000000009fc015e0        0x8
 *(.vector_31)
 .vector_31     0x000000009fc015e0        0x8 build/default/production/_ext/1472/interrupts.o
                0x000000009fc015e0                __vector_dispatch_31
                0x0000000000000001                ASSERT (((_vector_spacing == 0x0) || (SIZEOF (.vector_31) <= (_vector_spacing << 0x5))), function at exception vector 31 too large)

.vector_32      0x000000009fc01600        0x8
 *(.vector_32)
 .vector_32     0x000000009fc01600        0x8 build/default/production/_ext/1472/interrupts.o
                0x000000009fc01600                __vector_dispatch_32
                0x0000000000000001                ASSERT (((_vector_spacing == 0x0) || (SIZEOF (.vector_32) <= (_vector_spacing << 0x5))), function at exception vector 32 too large)

.vector_33      0x000000009fc01620        0x8
 *(.vector_33)
 .vector_33     0x000000009fc01620        0x8 build/default/production/_ext/1472/interrupts.o
                0x000000009fc01620                __vector_dispatch_33
                0x0000000000000001                ASSERT (((_vector_spacing == 0x0) || (SIZEOF (.vector_33) <= (_vector_spacing << 0x5))), function at exception vector 33 too large)

.vector_34      0x000000009fc01640        0x8
 *(.vector_34)
 .vector_34     0x000000009fc01640        0x8 /Applications/microchip/xc32/v2.40/bin/bin/../../lib/gcc/pic32mx/4.8.3/../../../../pic32mx/lib/libpic32.a(vector34.o)
                0x000000009fc01640                __vector_dispatch_34
                0x0000000000000001                ASSERT (((_vector_spacing == 0x0) || (SIZEOF (.vector_34) <= (_vector_spacing << 0x5))), function at exception vector 34 too large)

.vector_35      0x000000009fc01660        0x8
 *(.vector_35)
 .vector_35     0x000000009fc01660        0x8 /Applications/microchip/xc32/v2.40/bin/bin/../../lib/gcc/pic32mx/4.8.3/../../../../pic32mx/lib/libpic32.a(vector35.o)
                0x000000009fc01660                __vector_dispatch_35
                0x0000000000000001                ASSERT (((_vector_spacing == 0x0) || (SIZEOF (.vector_35) <= (_vector_spacing << 0x5))), function at exception vector 35 too large)

.vector_36      0x000000009fc01680        0x8
 *(.vector_36)
 .vector_36     0x000000009fc01680        0x8 build/default/production/_ext/1472/interrupts.o
                0x000000009fc01680                __vector_dispatch_36
                0x0000000000000001                ASSERT (((_vector_spacing == 0x0) || (SIZEOF (.vector_36) <= (_vector_spacing << 0x5))), function at exception vector 36 too large)

.vector_37      0x000000009fc016a0        0x8
 *(.vector_37)
 .vector_37     0x000000009fc016a0        0x8 build/default/production/_ext/1472/interrupts.o
                0x000000009fc016a0                __vector_dispatch_37
                0x0000000000000001                ASSERT (((_vector_spacing == 0x0) || (SIZEOF (.vector_37) <= (_vector_spacing << 0x5))), function at exception vector 37 too large)

.vector_38      0x000000009fc016c0        0x8
 *(.vector_38)
 .vector_38     0x000000009fc016c0        0x8 build/default/production/_ext/1472/interrupts.o
                0x000000009fc016c0                __vector_dispatch_38
                0x0000000000000001                ASSERT (((_vector_spacing == 0x0) || (SIZEOF (.vector_38) <= (_vector_spacing << 0x5))), function at exception vector 38 too large)

.vector_39      0x000000009fc016e0        0x8
 *(.vector_39)
 .vector_39     0x000000009fc016e0        0x8 build/default/production/_ext/1472/interrupts.o
                0x000000009fc016e0                __vector_dispatch_39
                0x0000000000000001                ASSERT (((_vector_spacing == 0x0) || (SIZEOF (.vector_39) <= (_vector_spacing << 0x5))), function at exception vector 39 too large)

.vector_40      0x000000009fc01700        0x8
 *(.vector_40)
 .vector_40     0x000000009fc01700        0x8 build/default/production/_ext/1472/interrupts.o
                0x000000009fc01700                __vector_dispatch_40
                0x0000000000000001                ASSERT (((_vector_spacing == 0x0) || (SIZEOF (.vector_40) <= (_vector_spacing << 0x5))), function at exception vector 40 too large)

.vector_41      0x000000009fc01720        0x8
 *(.vector_41)
 .vector_41     0x000000009fc01720        0x8 build/default/production/_ext/1472/interrupts.o
                0x000000009fc01720                __vector_dispatch_41
                0x0000000000000001                ASSERT (((_vector_spacing == 0x0) || (SIZEOF (.vector_41) <= (_vector_spacing << 0x5))), function at exception vector 41 too large)

.vector_42      0x000000009fc01740        0x8
 *(.vector_42)
 .vector_42     0x000000009fc01740        0x8 build/default/production/_ext/1472/interrupts.o
                0x000000009fc01740                __vector_dispatch_42
                0x0000000000000001                ASSERT (((_vector_spacing == 0x0) || (SIZEOF (.vector_42) <= (_vector_spacing << 0x5))), function at exception vector 42 too large)

.vector_43      0x000000009fc01760        0x8
 *(.vector_43)
 .vector_43     0x000000009fc01760        0x8 build/default/production/_ext/1472/interrupts.o
                0x000000009fc01760                __vector_dispatch_43
                0x0000000000000001                ASSERT (((_vector_spacing == 0x0) || (SIZEOF (.vector_43) <= (_vector_spacing << 0x5))), function at exception vector 43 too large)

.vector_44      0x000000009fc01780        0x8
 *(.vector_44)
 .vector_44     0x000000009fc01780        0x8 /Applications/microchip/xc32/v2.40/bin/bin/../../lib/gcc/pic32mx/4.8.3/../../../../pic32mx/lib/libpic32.a(vector44.o)
                0x000000009fc01780                __vector_dispatch_44
                0x0000000000000001                ASSERT (((_vector_spacing == 0x0) || (SIZEOF (.vector_44) <= (_vector_spacing << 0x5))), function at exception vector 44 too large)

.vector_45      0x000000009fc017a0        0x8
 *(.vector_45)
 .vector_45     0x000000009fc017a0        0x8 /Applications/microchip/xc32/v2.40/bin/bin/../../lib/gcc/pic32mx/4.8.3/../../../../pic32mx/lib/libpic32.a(vector45.o)
                0x000000009fc017a0                __vector_dispatch_45
                0x0000000000000001                ASSERT (((_vector_spacing == 0x0) || (SIZEOF (.vector_45) <= (_vector_spacing << 0x5))), function at exception vector 45 too large)

.vector_46      0x000000009fc017c0        0x8
 *(.vector_46)
 .vector_46     0x000000009fc017c0        0x8 /Applications/microchip/xc32/v2.40/bin/bin/../../lib/gcc/pic32mx/4.8.3/../../../../pic32mx/lib/libpic32.a(vector46.o)
                0x000000009fc017c0                __vector_dispatch_46
                0x0000000000000001                ASSERT (((_vector_spacing == 0x0) || (SIZEOF (.vector_46) <= (_vector_spacing << 0x5))), function at exception vector 46 too large)

.vector_47      0x000000009fc017e0        0x8
 *(.vector_47)
 .vector_47     0x000000009fc017e0        0x8 /Applications/microchip/xc32/v2.40/bin/bin/../../lib/gcc/pic32mx/4.8.3/../../../../pic32mx/lib/libpic32.a(vector47.o)
                0x000000009fc017e0                __vector_dispatch_47
                0x0000000000000001                ASSERT (((_vector_spacing == 0x0) || (SIZEOF (.vector_47) <= (_vector_spacing << 0x5))), function at exception vector 47 too large)

.vector_48      0x000000009fc01800        0x8
 *(.vector_48)
 .vector_48     0x000000009fc01800        0x8 /Applications/microchip/xc32/v2.40/bin/bin/../../lib/gcc/pic32mx/4.8.3/../../../../pic32mx/lib/libpic32.a(vector48.o)
                0x000000009fc01800                __vector_dispatch_48
                0x0000000000000001                ASSERT (((_vector_spacing == 0x0) || (SIZEOF (.vector_48) <= (_vector_spacing << 0x5))), function at exception vector 48 too large)

.vector_49      0x000000009fc01820        0x8
 *(.vector_49)
 .vector_49     0x000000009fc01820        0x8 build/default/production/_ext/1472/interrupts.o
                0x000000009fc01820                __vector_dispatch_49
                0x0000000000000001                ASSERT (((_vector_spacing == 0x0) || (SIZEOF (.vector_49) <= (_vector_spacing << 0x5))), function at exception vector 49 too large)

.vector_50      0x000000009fc01840        0x8
 *(.vector_50)
 .vector_50     0x000000009fc01840        0x8 build/default/production/_ext/1472/interrupts.o
                0x000000009fc01840                __vector_dispatch_50
                0x0000000000000001                ASSERT (((_vector_spacing == 0x0) || (SIZEOF (.vector_50) <= (_vector_spacing << 0x5))), function at exception vector 50 too large)

.vector_51      0x000000009fc01860        0x8
 *(.vector_51)
 .vector_51     0x000000009fc01860        0x8 build/default/production/_ext/1472/interrupts.o
                0x000000009fc01860                __vector_dispatch_51
                0x0000000000000001                ASSERT (((_vector_spacing == 0x0) || (SIZEOF (.vector_51) <= (_vector_spacing << 0x5))), function at exception vector 51 too large)

.vector_52      0x000000009fc01880        0x0
 *(.vector_52)
                0x0000000000000001                ASSERT (((_vector_spacing == 0x0) || (SIZEOF (.vector_52) <= (_vector_spacing << 0x5))), function at exception vector 52 too large)

.vector_53      0x000000009fc018a0        0x0
 *(.vector_53)
                0x0000000000000001                ASSERT (((_vector_spacing == 0x0) || (SIZEOF (.vector_53) <= (_vector_spacing << 0x5))), function at exception vector 53 too large)

.vector_54      0x000000009fc018c0        0x0
 *(.vector_54)
                0x0000000000000001                ASSERT (((_vector_spacing == 0x0) || (SIZEOF (.vector_54) <= (_vector_spacing << 0x5))), function at exception vector 54 too large)

.vector_55      0x000000009fc018e0        0x0
 *(.vector_55)
                0x0000000000000001                ASSERT (((_vector_spacing == 0x0) || (SIZEOF (.vector_55) <= (_vector_spacing << 0x5))), function at exception vector 55 too large)

.vector_56      0x000000009fc01900        0x0
 *(.vector_56)
                0x0000000000000001                ASSERT (((_vector_spacing == 0x0) || (SIZEOF (.vector_56) <= (_vector_spacing << 0x5))), function at exception vector 56 too large)

.vector_57      0x000000009fc01920        0x0
 *(.vector_57)
                0x0000000000000001                ASSERT (((_vector_spacing == 0x0) || (SIZEOF (.vector_57) <= (_vector_spacing << 0x5))), function at exception vector 57 too large)

.vector_58      0x000000009fc01940        0x0
 *(.vector_58)
                0x0000000000000001                ASSERT (((_vector_spacing == 0x0) || (SIZEOF (.vector_58) <= (_vector_spacing << 0x5))), function at exception vector 58 too large)

.vector_59      0x000000009fc01960        0x0
 *(.vector_59)
                0x0000000000000001                ASSERT (((_vector_spacing == 0x0) || (SIZEOF (.vector_59) <= (_vector_spacing << 0x5))), function at exception vector 59 too large)

.vector_60      0x000000009fc01980        0x0
 *(.vector_60)
                0x0000000000000001                ASSERT (((_vector_spacing == 0x0) || (SIZEOF (.vector_60) <= (_vector_spacing << 0x5))), function at exception vector 60 too large)

.vector_61      0x000000009fc019a0        0x0
 *(.vector_61)
                0x0000000000000001                ASSERT (((_vector_spacing == 0x0) || (SIZEOF (.vector_61) <= (_vector_spacing << 0x5))), function at exception vector 61 too large)

.vector_62      0x000000009fc019c0        0x0
 *(.vector_62)
                0x0000000000000001                ASSERT (((_vector_spacing == 0x0) || (SIZEOF (.vector_62) <= (_vector_spacing << 0x5))), function at exception vector 62 too large)

.vector_63      0x000000009fc019e0        0x0
 *(.vector_63)
                0x0000000000000001                ASSERT (((_vector_spacing == 0x0) || (SIZEOF (.vector_63) <= (_vector_spacing << 0x5))), function at exception vector 63 too large)

.startup
 *(.startup)

.text           0x000000009d000000        0x0
 *(.stub .gnu.linkonce.t.*)
 *(.text.*personality*)
 *(.mips16.fn.*)
 *(.mips16.call.*)
 *(.gnu.warning)
                0x000000009d000000                . = ALIGN (0x4)

.init           0x000000009d000000        0x0
 *crti.o(.init)
 *crtbegin.o(.init)
 *(EXCLUDE_FILE(*crtn.o *crtend?.o *crtend.o) .init)
 *crtend.o(.init)
 *crtn.o(.init)
                0x000000009d000000                . = ALIGN (0x4)

.fini           0x000000009d000000        0x0
 *(.fini)
                0x000000009d000000                . = ALIGN (0x4)

.preinit_array  0x000000009d000000        0x0
                0x000000009d000000                PROVIDE (__preinit_array_start, .)
 *(.preinit_array)
                0x000000009d000000                PROVIDE (__preinit_array_end, .)
                0x000000009d000000                . = ALIGN (0x4)

.init_array     0x000000009d000000        0x0
                0x000000009d000000                PROVIDE (__init_array_start, .)
 *(SORT(.init_array.*))
 *(.init_array)
                0x000000009d000000                PROVIDE (__init_array_end, .)
                0x000000009d000000                . = ALIGN (0x4)

.fini_array     0x000000009d000000        0x0
                0x000000009d000000                PROVIDE (__fini_array_start, .)
 *(SORT(.fini_array.*))
 *(.fini_array)
                0x000000009d000000                PROVIDE (__fini_array_end, .)
                0x000000009d000000                . = ALIGN (0x4)

.ctors          0x000000009d000000        0x0
 *crtbegin.o(.ctors)
 *crtbegin?.o(.ctors)
 *(EXCLUDE_FILE(*crtend?.o *crtend.o) .ctors)
 *(SORT(.ctors.*))
 *(.ctors)
                0x000000009d000000                . = ALIGN (0x4)

.dtors          0x000000009d000000        0x0
 *crtbegin.o(.dtors)
 *crtbegin?.o(.dtors)
 *(EXCLUDE_FILE(*crtend?.o *crtend.o) .dtors)
 *(SORT(.dtors.*))
 *(.dtors)
                0x000000009d000000                . = ALIGN (0x4)

.rodata         0x000000009d000000        0x0
 *(.gnu.linkonce.r.*)
 *(.rodata1)
                0x000000009d000000                . = ALIGN (0x4)

.sdata2         0x000000009fc00490        0x0
 *(.sdata2 .sdata2.* .gnu.linkonce.s2.*)
                0x000000009fc00490                . = ALIGN (0x4)

.sbss2          0x000000009fc00490        0x0
 *(.sbss2 .sbss2.* .gnu.linkonce.sb2.*)
                0x000000009fc00490                . = ALIGN (0x4)

.eh_frame_hdr
 *(.eh_frame_hdr)
                0x000000009fc00490                . = ALIGN (0x4)

.eh_frame
 *(.eh_frame)
                0x000000009fc00490                . = ALIGN (0x4)

.gcc_except_table
 *(.gcc_except_table .gcc_except_table.*)
                0x000000009fc00490                . = ALIGN (0x4)

.dbg_data       0x00000000a0000000        0x0
                0x00000000a0000000                . = (. + DEFINED (_DEBUGGER)?0x200:0x0)

.jcr            0x00000000a0000000        0x0
 *(.jcr)
                0x00000000a0000000                . = ALIGN (0x4)

.eh_frame
 *(.eh_frame)
                0x00000000a0000000                . = ALIGN (0x4)

.gcc_except_table
 *(.gcc_except_table .gcc_except_table.*)
                0x00000000a0000000                . = ALIGN (0x4)

.persist        0x00000000a0000000        0x0
                0x00000000a0000000                _persist_begin = .
 *(.persist .persist.*)
 *(.pbss .pbss.*)
                0x00000000a0000000                . = ALIGN (0x4)
                0x00000000a0000000                _persist_end = .

.data           0x00000000a0000000        0x0
 *(.gnu.linkonce.d.*)
 *(.data1)
                0x00000000a0000000                . = ALIGN (0x4)
                0x00000000a0000000                . = .
                0x00000000a0007ff0                _gp = (ALIGN (0x10) + 0x7ff0)

.got            0x00000000a0000000        0x0
 *(.got.plt)
 *(.got)
                0x00000000a0000000                . = ALIGN (0x4)

.sdata          0x00000000a0000000       0x14
                0x00000000a0000000                _sdata_begin = .
 *(.sdata .sdata.* .gnu.linkonce.s.*)
 .sdata         0x00000000a0000000        0x8 ../../PLIB2_GIT/PLIB.X/dist/default/production/PLIB.X.a(_LOG.o)
 .sdata         0x00000000a0000008        0x8 ../../PLIB2_GIT/PLIB.X/dist/default/production/PLIB.X.a(ble.o)
 .sdata         0x00000000a0000010        0x4 ../../PLIB2_GIT/PLIB.X/dist/default/production/PLIB.X.a(s31_dma.o)
                0x00000000a0000010                DmaModule
                0x00000000a0000014                . = ALIGN (0x4)
                0x00000000a0000014                _sdata_end = .

.lit8
 *(.lit8)

.lit4
 *(.lit4)
                0x00000000a0000014                . = ALIGN (0x4)
                0x00000000a0000014                _data_end = .
                0x00000000a0000014                _bss_begin = .

.sbss           0x00000000a0000014       0x74
                0x00000000a0000014                _sbss_begin = .
 *(.dynsbss)
 *(.sbss .sbss.* .gnu.linkonce.sb.*)
 .sbss          0x00000000a0000014        0x4 build/default/production/_ext/1472/main.o
 .sbss          0x00000000a0000018        0x4 ../../PLIB2_GIT/PLIB.X/dist/default/production/PLIB.X.a(ble.o)
 *fill*         0x00000000a000001c        0x4 
 .sbss          0x00000000a0000020       0x38 ../../PLIB2_GIT/PLIB.X/dist/default/production/PLIB.X.a(utilities.o)
 .sbss          0x00000000a0000058        0x4 ../../PLIB2_GIT/PLIB.X/dist/default/production/PLIB.X.a(s17_adc.o)
 .sbss          0x00000000a000005c        0x4 ../../PLIB2_GIT/PLIB.X/dist/default/production/PLIB.X.a(s12_ports.o)
 .sbss          0x00000000a0000060        0x4 ../../PLIB2_GIT/PLIB.X/dist/default/production/PLIB.X.a(s08_interrupts.o)
                0x00000000a0000060                p_IrqDataPriority
 *(.scommon)
 *fill*         0x00000000a0000064        0x4 
 .scommon       0x00000000a0000068       0x20 build/default/production/_ext/1472/config.o
                0x00000000a0000068                getTick
                0x00000000a0000070                _ledStatus
                0x00000000a0000078                getLastCompare
                0x00000000a0000080                getTime
 .scommon       0x00000000a0000088        0x0 build/default/production/_ext/1472/interrupts.o
 .scommon       0x00000000a0000088        0x0 build/default/production/_ext/1472/main.o
 .scommon       0x00000000a0000088        0x0 ../../PLIB2_GIT/PLIB.X/dist/default/production/PLIB.X.a(_LOG.o)
 .scommon       0x00000000a0000088        0x0 ../../PLIB2_GIT/PLIB.X/dist/default/production/PLIB.X.a(ble.o)
 .scommon       0x00000000a0000088        0x0 ../../PLIB2_GIT/PLIB.X/dist/default/production/PLIB.X.a(utilities.o)
 .scommon       0x00000000a0000088        0x0 ../../PLIB2_GIT/PLIB.X/dist/default/production/PLIB.X.a(s14_timers.o)
 .scommon       0x00000000a0000088        0x0 ../../PLIB2_GIT/PLIB.X/dist/default/production/PLIB.X.a(s23_spi.o)
 .scommon       0x00000000a0000088        0x0 ../../PLIB2_GIT/PLIB.X/dist/default/production/PLIB.X.a(s17_adc.o)
 .scommon       0x00000000a0000088        0x0 ../../PLIB2_GIT/PLIB.X/dist/default/production/PLIB.X.a(s16_output_compare.o)
 .scommon       0x00000000a0000088        0x0 ../../PLIB2_GIT/PLIB.X/dist/default/production/PLIB.X.a(s24_i2c.o)
 .scommon       0x00000000a0000088        0x0 ../../PLIB2_GIT/PLIB.X/dist/default/production/PLIB.X.a(s12_ports.o)
 .scommon       0x00000000a0000088        0x0 ../../PLIB2_GIT/PLIB.X/dist/default/production/PLIB.X.a(s21_uart.o)
 .scommon       0x00000000a0000088        0x0 ../../PLIB2_GIT/PLIB.X/dist/default/production/PLIB.X.a(s31_dma.o)
 .scommon       0x00000000a0000088        0x0 ../../PLIB2_GIT/PLIB.X/dist/default/production/PLIB.X.a(s07_resets.o)
 .scommon       0x00000000a0000088        0x0 ../../PLIB2_GIT/PLIB.X/dist/default/production/PLIB.X.a(s08_interrupts.o)
 .scommon       0x00000000a0000088        0x0 ../../PLIB2_GIT/PLIB.X/dist/default/production/PLIB.X.a(s00_system.o)
                0x00000000a0000088                _sbss_end = .
                0x00000000a0000088                . = ALIGN (0x4)

.bss            0x00000000a0000088        0x0
 *(.dynbss)
 *(COMMON)
                0x00000000a0000088                . = ALIGN ((. != 0x0)?0x4:0x1)
                0x00000000a0000088                . = ALIGN (0x4)
                0x00000000a0000088                _end = .
                0x00000000a0000088                _bss_end = .
                0x0000000000020000                _bmxdudba_address = 0x20000
                0x0000000000020000                _bmxdupba_address = 0x20000

/DISCARD/
 *(.pdr)
 *(.rel.dyn)
 *(.note.GNU-stack)
 *(.note.GNU-stack)
 *(.gnu_debuglink)
 *(.gnu.lto_*)
 *(.discard)

.gptab.sdata
 *(.gptab.data)
 *(.gptab.sdata)

.gptab.sbss
 *(.gptab.bss)
 *(.gptab.sbss)

.mdebug.abi32   0x00000000a0000088        0x0
 *(.mdebug.abi32)
 .mdebug.abi32  0x00000000a0000088        0x0 build/default/production/_ext/1472/config.o
 .mdebug.abi32  0x00000000a0000088        0x0 build/default/production/_ext/1472/interrupts.o
 .mdebug.abi32  0x00000000a0000088        0x0 build/default/production/_ext/1472/main.o
 .mdebug.abi32  0x00000000a0000088        0x0 ../../PLIB2_GIT/PLIB.X/dist/default/production/PLIB.X.a(_LOG.o)
 .mdebug.abi32  0x00000000a0000088        0x0 ../../PLIB2_GIT/PLIB.X/dist/default/production/PLIB.X.a(ble.o)
 .mdebug.abi32  0x00000000a0000088        0x0 ../../PLIB2_GIT/PLIB.X/dist/default/production/PLIB.X.a(utilities.o)
 .mdebug.abi32  0x00000000a0000088        0x0 ../../PLIB2_GIT/PLIB.X/dist/default/production/PLIB.X.a(s14_timers.o)
 .mdebug.abi32  0x00000000a0000088        0x0 ../../PLIB2_GIT/PLIB.X/dist/default/production/PLIB.X.a(s23_spi.o)
 .mdebug.abi32  0x00000000a0000088        0x0 ../../PLIB2_GIT/PLIB.X/dist/default/production/PLIB.X.a(s17_adc.o)
 .mdebug.abi32  0x00000000a0000088        0x0 ../../PLIB2_GIT/PLIB.X/dist/default/production/PLIB.X.a(s16_output_compare.o)
 .mdebug.abi32  0x00000000a0000088        0x0 ../../PLIB2_GIT/PLIB.X/dist/default/production/PLIB.X.a(s24_i2c.o)
 .mdebug.abi32  0x00000000a0000088        0x0 ../../PLIB2_GIT/PLIB.X/dist/default/production/PLIB.X.a(s12_ports.o)
 .mdebug.abi32  0x00000000a0000088        0x0 ../../PLIB2_GIT/PLIB.X/dist/default/production/PLIB.X.a(s21_uart.o)
 .mdebug.abi32  0x00000000a0000088        0x0 ../../PLIB2_GIT/PLIB.X/dist/default/production/PLIB.X.a(s31_dma.o)
 .mdebug.abi32  0x00000000a0000088        0x0 ../../PLIB2_GIT/PLIB.X/dist/default/production/PLIB.X.a(s07_resets.o)
 .mdebug.abi32  0x00000000a0000088        0x0 ../../PLIB2_GIT/PLIB.X/dist/default/production/PLIB.X.a(s08_interrupts.o)
 .mdebug.abi32  0x00000000a0000088        0x0 ../../PLIB2_GIT/PLIB.X/dist/default/production/PLIB.X.a(s00_system.o)
 .mdebug.abi32  0x00000000a0000088        0x0 /Applications/microchip/xc32/v2.40/bin/bin/../../lib/gcc/pic32mx/4.8.3/libgcc.a(_udivdi3.o)
 .mdebug.abi32  0x00000000a0000088        0x0 /Applications/microchip/xc32/v2.40/bin/bin/../../lib/gcc/pic32mx/4.8.3/libgcc.a(_umoddi3.o)
 .mdebug.abi32  0x00000000a0000088        0x0 /Applications/microchip/xc32/v2.40/bin/bin/../../lib/gcc/pic32mx/4.8.3/libgcc.a(floatunsisf.o)
 .mdebug.abi32  0x00000000a0000088        0x0 /Applications/microchip/xc32/v2.40/bin/bin/../../lib/gcc/pic32mx/4.8.3/libgcc.a(floatunsidf.o)
 .mdebug.abi32  0x00000000a0000088        0x0 /Applications/microchip/xc32/v2.40/bin/bin/../../lib/gcc/pic32mx/4.8.3/../../../../pic32mx/lib/libpic32.a(default-bootstrap-exception-handler.o)
 .mdebug.abi32  0x00000000a0000088        0x0 /Applications/microchip/xc32/v2.40/bin/bin/../../lib/gcc/pic32mx/4.8.3/../../../../pic32mx/lib/libpic32.a(default-on-reset.o)
 .mdebug.abi32  0x00000000a0000088        0x0 /Applications/microchip/xc32/v2.40/bin/bin/../../lib/gcc/pic32mx/4.8.3/../../../../pic32mx/lib/libpic32.a(default-on-bootstrap.o)
 .mdebug.abi32  0x00000000a0000088        0x0 /Applications/microchip/xc32/v2.40/bin/bin/../../lib/gcc/pic32mx/4.8.3/../../../../pic32mx/lib/libpic32.a(default-general-exception-handler.o)
 .mdebug.abi32  0x00000000a0000088        0x0 /Applications/microchip/xc32/v2.40/bin/bin/../../lib/gcc/pic32mx/4.8.3/../../../../pic32mx/lib/libpic32.a(defaultinterrupt.o)
 .mdebug.abi32  0x00000000a0000088        0x0 /Applications/microchip/xc32/v2.40/bin/bin/../../lib/gcc/pic32mx/4.8.3/../../../../pic32mx/lib/libm.a(w_pow.o)
 .mdebug.abi32  0x00000000a0000088        0x0 /Applications/microchip/xc32/v2.40/bin/bin/../../lib/gcc/pic32mx/4.8.3/../../../../pic32mx/lib/libm.a(w_log.o)
 .mdebug.abi32  0x00000000a0000088        0x0 /Applications/microchip/xc32/v2.40/bin/bin/../../lib/gcc/pic32mx/4.8.3/../../../../pic32mx/lib/libm.a(s_lib_ver.o)
 .mdebug.abi32  0x00000000a0000088        0x0 /Applications/microchip/xc32/v2.40/bin/bin/../../lib/gcc/pic32mx/4.8.3/../../../../pic32mx/lib/libpic32.a(errno.o)
 .mdebug.abi32  0x00000000a0000088        0x0 /Applications/microchip/xc32/v2.40/bin/bin/../../lib/gcc/pic32mx/4.8.3/../../../../pic32mx/lib/libpic32.a(isinf.o)
 .mdebug.abi32  0x00000000a0000088        0x0 /Applications/microchip/xc32/v2.40/bin/bin/../../lib/gcc/pic32mx/4.8.3/../../../../pic32mx/lib/libe.a(_unorddf2.o)

.mdebug.abiN32
 *(.mdebug.abiN32)

.mdebug.abi64
 *(.mdebug.abi64)

.mdebug.abiO64
 *(.mdebug.abiO64)

.mdebug.eabi32
 *(.mdebug.eabi32)

.mdebug.eabi64
 *(.mdebug.eabi64)

.gcc_compiled_long32
 *(.gcc_compiled_long32)

.gcc_compiled_long64
 *(.gcc_compiled_long64)

.stab
 *(.stab)

.stabstr
 *(.stabstr)

.stab.excl
 *(.stab.excl)

.stab.exclstr
 *(.stab.exclstr)

.stab.index
 *(.stab.index)

.stab.indexstr
 *(.stab.indexstr)

.comment        0x0000000000000000       0xa2
 *(.comment)
 .comment       0x0000000000000000       0x3c build/default/production/_ext/1472/config.o
                                         0x3d (size before relaxing)
 .comment       0x0000000000000000       0x3d build/default/production/_ext/1472/interrupts.o
 .comment       0x0000000000000000       0x3d build/default/production/_ext/1472/main.o
 .comment       0x0000000000000000       0x3d ../../PLIB2_GIT/PLIB.X/dist/default/production/PLIB.X.a(_LOG.o)
 .comment       0x0000000000000000       0x3d ../../PLIB2_GIT/PLIB.X/dist/default/production/PLIB.X.a(ble.o)
 .comment       0x0000000000000000       0x3d ../../PLIB2_GIT/PLIB.X/dist/default/production/PLIB.X.a(utilities.o)
 .comment       0x0000000000000000       0x3d ../../PLIB2_GIT/PLIB.X/dist/default/production/PLIB.X.a(s14_timers.o)
 .comment       0x0000000000000000       0x3d ../../PLIB2_GIT/PLIB.X/dist/default/production/PLIB.X.a(s23_spi.o)
 .comment       0x0000000000000000       0x3d ../../PLIB2_GIT/PLIB.X/dist/default/production/PLIB.X.a(s17_adc.o)
 .comment       0x0000000000000000       0x3d ../../PLIB2_GIT/PLIB.X/dist/default/production/PLIB.X.a(s16_output_compare.o)
 .comment       0x0000000000000000       0x3d ../../PLIB2_GIT/PLIB.X/dist/default/production/PLIB.X.a(s24_i2c.o)
 .comment       0x0000000000000000       0x3d ../../PLIB2_GIT/PLIB.X/dist/default/production/PLIB.X.a(s12_ports.o)
 .comment       0x0000000000000000       0x3d ../../PLIB2_GIT/PLIB.X/dist/default/production/PLIB.X.a(s21_uart.o)
 .comment       0x0000000000000000       0x3d ../../PLIB2_GIT/PLIB.X/dist/default/production/PLIB.X.a(s31_dma.o)
 .comment       0x0000000000000000       0x3d ../../PLIB2_GIT/PLIB.X/dist/default/production/PLIB.X.a(s07_resets.o)
 .comment       0x0000000000000000       0x3d ../../PLIB2_GIT/PLIB.X/dist/default/production/PLIB.X.a(s08_interrupts.o)
 .comment       0x0000000000000000       0x3d ../../PLIB2_GIT/PLIB.X/dist/default/production/PLIB.X.a(s00_system.o)
 .comment       0x0000000000000000       0x3d /Applications/microchip/xc32/v2.40/bin/bin/../../lib/gcc/pic32mx/4.8.3/libgcc.a(_udivdi3.o)
 .comment       0x0000000000000000       0x3d /Applications/microchip/xc32/v2.40/bin/bin/../../lib/gcc/pic32mx/4.8.3/libgcc.a(_umoddi3.o)
 .comment       0x0000000000000000       0x3d /Applications/microchip/xc32/v2.40/bin/bin/../../lib/gcc/pic32mx/4.8.3/libgcc.a(floatunsisf.o)
 .comment       0x0000000000000000       0x3d /Applications/microchip/xc32/v2.40/bin/bin/../../lib/gcc/pic32mx/4.8.3/libgcc.a(floatunsidf.o)
 .comment       0x000000000000003c       0x18 /Applications/microchip/xc32/v2.40/bin/bin/../../lib/gcc/pic32mx/4.8.3/../../../../pic32mx/lib/libpic32.a(memset.o)
                                         0x19 (size before relaxing)
 .comment       0x0000000000000000       0x3d /Applications/microchip/xc32/v2.40/bin/bin/../../lib/gcc/pic32mx/4.8.3/../../../../pic32mx/lib/libpic32.a(default-bootstrap-exception-handler.o)
 .comment       0x0000000000000000       0x3d /Applications/microchip/xc32/v2.40/bin/bin/../../lib/gcc/pic32mx/4.8.3/../../../../pic32mx/lib/libpic32.a(default-on-reset.o)
 .comment       0x0000000000000000       0x3d /Applications/microchip/xc32/v2.40/bin/bin/../../lib/gcc/pic32mx/4.8.3/../../../../pic32mx/lib/libpic32.a(default-on-bootstrap.o)
 .comment       0x0000000000000000       0x3d /Applications/microchip/xc32/v2.40/bin/bin/../../lib/gcc/pic32mx/4.8.3/../../../../pic32mx/lib/libpic32.a(default-general-exception-handler.o)
 .comment       0x0000000000000000       0x3d /Applications/microchip/xc32/v2.40/bin/bin/../../lib/gcc/pic32mx/4.8.3/../../../../pic32mx/lib/libpic32.a(defaultinterrupt.o)
 .comment       0x0000000000000000       0x3d /Applications/microchip/xc32/v2.40/bin/bin/../../lib/gcc/pic32mx/4.8.3/../../../../pic32mx/lib/libm.a(w_pow.o)
 .comment       0x0000000000000000       0x3d /Applications/microchip/xc32/v2.40/bin/bin/../../lib/gcc/pic32mx/4.8.3/../../../../pic32mx/lib/libm.a(w_log.o)
 .comment       0x0000000000000000       0x3d /Applications/microchip/xc32/v2.40/bin/bin/../../lib/gcc/pic32mx/4.8.3/../../../../pic32mx/lib/libm.a(s_lib_ver.o)
 .comment       0x0000000000000000       0x3d /Applications/microchip/xc32/v2.40/bin/bin/../../lib/gcc/pic32mx/4.8.3/../../../../pic32mx/lib/libpic32.a(errno.o)
 .comment       0x0000000000000000       0x3d /Applications/microchip/xc32/v2.40/bin/bin/../../lib/gcc/pic32mx/4.8.3/../../../../pic32mx/lib/libpic32.a(isinf.o)
 .comment       0x0000000000000054       0x4e /Applications/microchip/xc32/v2.40/bin/bin/../../lib/gcc/pic32mx/4.8.3/../../../../pic32mx/lib/libe.a(_unorddf2.o)
                                         0x8b (size before relaxing)

.debug
 *(.debug)

.line
 *(.line)

.debug_srcinfo
 *(.debug_srcinfo)

.debug_sfnames
 *(.debug_sfnames)

.debug_aranges  0x0000000000000000      0x3e8
 *(.debug_aranges)
 .debug_aranges
                0x0000000000000000       0x20 build/default/production/_ext/1472/config.o
 .debug_aranges
                0x0000000000000020       0x20 build/default/production/_ext/1472/interrupts.o
 .debug_aranges
                0x0000000000000040       0x20 build/default/production/_ext/1472/main.o
 .debug_aranges
                0x0000000000000060       0x20 ../../PLIB2_GIT/PLIB.X/dist/default/production/PLIB.X.a(_LOG.o)
 .debug_aranges
                0x0000000000000080       0x20 ../../PLIB2_GIT/PLIB.X/dist/default/production/PLIB.X.a(ble.o)
 .debug_aranges
                0x00000000000000a0       0x20 ../../PLIB2_GIT/PLIB.X/dist/default/production/PLIB.X.a(utilities.o)
 .debug_aranges
                0x00000000000000c0       0x20 ../../PLIB2_GIT/PLIB.X/dist/default/production/PLIB.X.a(s14_timers.o)
 .debug_aranges
                0x00000000000000e0       0x20 ../../PLIB2_GIT/PLIB.X/dist/default/production/PLIB.X.a(s23_spi.o)
 .debug_aranges
                0x0000000000000100       0x20 ../../PLIB2_GIT/PLIB.X/dist/default/production/PLIB.X.a(s17_adc.o)
 .debug_aranges
                0x0000000000000120       0x20 ../../PLIB2_GIT/PLIB.X/dist/default/production/PLIB.X.a(s16_output_compare.o)
 .debug_aranges
                0x0000000000000140       0x20 ../../PLIB2_GIT/PLIB.X/dist/default/production/PLIB.X.a(s24_i2c.o)
 .debug_aranges
                0x0000000000000160       0x20 ../../PLIB2_GIT/PLIB.X/dist/default/production/PLIB.X.a(s12_ports.o)
 .debug_aranges
                0x0000000000000180       0x20 ../../PLIB2_GIT/PLIB.X/dist/default/production/PLIB.X.a(s21_uart.o)
 .debug_aranges
                0x00000000000001a0       0x20 ../../PLIB2_GIT/PLIB.X/dist/default/production/PLIB.X.a(s31_dma.o)
 .debug_aranges
                0x00000000000001c0       0x20 ../../PLIB2_GIT/PLIB.X/dist/default/production/PLIB.X.a(s07_resets.o)
 .debug_aranges
                0x00000000000001e0       0x20 ../../PLIB2_GIT/PLIB.X/dist/default/production/PLIB.X.a(s08_interrupts.o)
 .debug_aranges
                0x0000000000000200       0x20 ../../PLIB2_GIT/PLIB.X/dist/default/production/PLIB.X.a(s00_system.o)
 .debug_aranges
                0x0000000000000220       0x20 /Applications/microchip/xc32/v2.40/bin/bin/../../lib/gcc/pic32mx/4.8.3/libgcc.a(_udivdi3.o)
 .debug_aranges
                0x0000000000000240       0x20 /Applications/microchip/xc32/v2.40/bin/bin/../../lib/gcc/pic32mx/4.8.3/libgcc.a(_umoddi3.o)
 .debug_aranges
                0x0000000000000260       0x20 /Applications/microchip/xc32/v2.40/bin/bin/../../lib/gcc/pic32mx/4.8.3/libgcc.a(floatunsisf.o)
 .debug_aranges
                0x0000000000000280       0x20 /Applications/microchip/xc32/v2.40/bin/bin/../../lib/gcc/pic32mx/4.8.3/libgcc.a(floatunsidf.o)
 .debug_aranges
                0x00000000000002a0       0x20 /Applications/microchip/xc32/v2.40/bin/bin/../../lib/gcc/pic32mx/4.8.3/../../../../pic32mx/lib/libpic32.a(default-bootstrap-exception-handler.o)
 .debug_aranges
                0x00000000000002c0       0x20 /Applications/microchip/xc32/v2.40/bin/bin/../../lib/gcc/pic32mx/4.8.3/../../../../pic32mx/lib/libpic32.a(default-on-reset.o)
 .debug_aranges
                0x00000000000002e0       0x20 /Applications/microchip/xc32/v2.40/bin/bin/../../lib/gcc/pic32mx/4.8.3/../../../../pic32mx/lib/libpic32.a(default-on-bootstrap.o)
 .debug_aranges
                0x0000000000000300       0x20 /Applications/microchip/xc32/v2.40/bin/bin/../../lib/gcc/pic32mx/4.8.3/../../../../pic32mx/lib/libpic32.a(default-general-exception-handler.o)
 .debug_aranges
                0x0000000000000320       0x20 /Applications/microchip/xc32/v2.40/bin/bin/../../lib/gcc/pic32mx/4.8.3/../../../../pic32mx/lib/libpic32.a(defaultinterrupt.o)
 .debug_aranges
                0x0000000000000340       0x20 /Applications/microchip/xc32/v2.40/bin/bin/../../lib/gcc/pic32mx/4.8.3/../../../../pic32mx/lib/libm.a(w_pow.o)
 .debug_aranges
                0x0000000000000360       0x20 /Applications/microchip/xc32/v2.40/bin/bin/../../lib/gcc/pic32mx/4.8.3/../../../../pic32mx/lib/libm.a(w_log.o)
 .debug_aranges
                0x0000000000000380       0x48 /Applications/microchip/xc32/v2.40/bin/bin/../../lib/gcc/pic32mx/4.8.3/../../../../pic32mx/lib/libpic32.a(isinf.o)
 .debug_aranges
                0x00000000000003c8       0x20 /Applications/microchip/xc32/v2.40/bin/bin/../../lib/gcc/pic32mx/4.8.3/../../../../pic32mx/lib/libe.a(_unorddf2.o)

.debug_pubnames
 *(.debug_pubnames)

.debug_info     0x0000000000000000    0x17801
 *(.debug_info .gnu.linkonce.wi.*)
 .debug_info    0x0000000000000000      0xdc8 build/default/production/_ext/1472/config.o
 .debug_info    0x0000000000000dc8     0x2071 build/default/production/_ext/1472/interrupts.o
 .debug_info    0x0000000000002e39     0x1bda build/default/production/_ext/1472/main.o
 .debug_info    0x0000000000004a13     0x1760 ../../PLIB2_GIT/PLIB.X/dist/default/production/PLIB.X.a(_LOG.o)
 .debug_info    0x0000000000006173     0x2575 ../../PLIB2_GIT/PLIB.X/dist/default/production/PLIB.X.a(ble.o)
 .debug_info    0x00000000000086e8     0x1e1d ../../PLIB2_GIT/PLIB.X/dist/default/production/PLIB.X.a(utilities.o)
 .debug_info    0x000000000000a505      0xb95 ../../PLIB2_GIT/PLIB.X/dist/default/production/PLIB.X.a(s14_timers.o)
 .debug_info    0x000000000000b09a     0x1b37 ../../PLIB2_GIT/PLIB.X/dist/default/production/PLIB.X.a(s23_spi.o)
 .debug_info    0x000000000000cbd1      0xb13 ../../PLIB2_GIT/PLIB.X/dist/default/production/PLIB.X.a(s17_adc.o)
 .debug_info    0x000000000000d6e4      0x7a8 ../../PLIB2_GIT/PLIB.X/dist/default/production/PLIB.X.a(s16_output_compare.o)
 .debug_info    0x000000000000de8c     0x2168 ../../PLIB2_GIT/PLIB.X/dist/default/production/PLIB.X.a(s24_i2c.o)
 .debug_info    0x000000000000fff4      0xc52 ../../PLIB2_GIT/PLIB.X/dist/default/production/PLIB.X.a(s12_ports.o)
 .debug_info    0x0000000000010c46     0x1be9 ../../PLIB2_GIT/PLIB.X/dist/default/production/PLIB.X.a(s21_uart.o)
 .debug_info    0x000000000001282f     0x1c5f ../../PLIB2_GIT/PLIB.X/dist/default/production/PLIB.X.a(s31_dma.o)
 .debug_info    0x000000000001448e      0x2e4 ../../PLIB2_GIT/PLIB.X/dist/default/production/PLIB.X.a(s07_resets.o)
 .debug_info    0x0000000000014772      0xeed ../../PLIB2_GIT/PLIB.X/dist/default/production/PLIB.X.a(s08_interrupts.o)
 .debug_info    0x000000000001565f      0x87c ../../PLIB2_GIT/PLIB.X/dist/default/production/PLIB.X.a(s00_system.o)
 .debug_info    0x0000000000015edb      0x74b /Applications/microchip/xc32/v2.40/bin/bin/../../lib/gcc/pic32mx/4.8.3/libgcc.a(_udivdi3.o)
 .debug_info    0x0000000000016626      0x788 /Applications/microchip/xc32/v2.40/bin/bin/../../lib/gcc/pic32mx/4.8.3/libgcc.a(_umoddi3.o)
 .debug_info    0x0000000000016dae      0x129 /Applications/microchip/xc32/v2.40/bin/bin/../../lib/gcc/pic32mx/4.8.3/libgcc.a(floatunsisf.o)
 .debug_info    0x0000000000016ed7      0x137 /Applications/microchip/xc32/v2.40/bin/bin/../../lib/gcc/pic32mx/4.8.3/libgcc.a(floatunsidf.o)
 .debug_info    0x000000000001700e       0xf4 /Applications/microchip/xc32/v2.40/bin/bin/../../lib/gcc/pic32mx/4.8.3/../../../../pic32mx/lib/libpic32.a(default-bootstrap-exception-handler.o)
 .debug_info    0x0000000000017102       0xcd /Applications/microchip/xc32/v2.40/bin/bin/../../lib/gcc/pic32mx/4.8.3/../../../../pic32mx/lib/libpic32.a(default-on-reset.o)
 .debug_info    0x00000000000171cf       0xd5 /Applications/microchip/xc32/v2.40/bin/bin/../../lib/gcc/pic32mx/4.8.3/../../../../pic32mx/lib/libpic32.a(default-on-bootstrap.o)
 .debug_info    0x00000000000172a4       0xf0 /Applications/microchip/xc32/v2.40/bin/bin/../../lib/gcc/pic32mx/4.8.3/../../../../pic32mx/lib/libpic32.a(default-general-exception-handler.o)
 .debug_info    0x0000000000017394       0xe7 /Applications/microchip/xc32/v2.40/bin/bin/../../lib/gcc/pic32mx/4.8.3/../../../../pic32mx/lib/libpic32.a(defaultinterrupt.o)
 .debug_info    0x000000000001747b       0xc2 /Applications/microchip/xc32/v2.40/bin/bin/../../lib/gcc/pic32mx/4.8.3/../../../../pic32mx/lib/libm.a(w_pow.o)
 .debug_info    0x000000000001753d       0xc2 /Applications/microchip/xc32/v2.40/bin/bin/../../lib/gcc/pic32mx/4.8.3/../../../../pic32mx/lib/libm.a(w_log.o)
 .debug_info    0x00000000000175ff      0x134 /Applications/microchip/xc32/v2.40/bin/bin/../../lib/gcc/pic32mx/4.8.3/../../../../pic32mx/lib/libpic32.a(isinf.o)
 .debug_info    0x0000000000017733       0xce /Applications/microchip/xc32/v2.40/bin/bin/../../lib/gcc/pic32mx/4.8.3/../../../../pic32mx/lib/libe.a(_unorddf2.o)

.debug_abbrev   0x0000000000000000     0x2c89
 *(.debug_abbrev)
 .debug_abbrev  0x0000000000000000      0x1ec build/default/production/_ext/1472/config.o
 .debug_abbrev  0x00000000000001ec      0x1ab build/default/production/_ext/1472/interrupts.o
 .debug_abbrev  0x0000000000000397      0x217 build/default/production/_ext/1472/main.o
 .debug_abbrev  0x00000000000005ae      0x2a0 ../../PLIB2_GIT/PLIB.X/dist/default/production/PLIB.X.a(_LOG.o)
 .debug_abbrev  0x000000000000084e      0x370 ../../PLIB2_GIT/PLIB.X/dist/default/production/PLIB.X.a(ble.o)
 .debug_abbrev  0x0000000000000bbe      0x38f ../../PLIB2_GIT/PLIB.X/dist/default/production/PLIB.X.a(utilities.o)
 .debug_abbrev  0x0000000000000f4d      0x197 ../../PLIB2_GIT/PLIB.X/dist/default/production/PLIB.X.a(s14_timers.o)
 .debug_abbrev  0x00000000000010e4      0x2e9 ../../PLIB2_GIT/PLIB.X/dist/default/production/PLIB.X.a(s23_spi.o)
 .debug_abbrev  0x00000000000013cd      0x17f ../../PLIB2_GIT/PLIB.X/dist/default/production/PLIB.X.a(s17_adc.o)
 .debug_abbrev  0x000000000000154c      0x15b ../../PLIB2_GIT/PLIB.X/dist/default/production/PLIB.X.a(s16_output_compare.o)
 .debug_abbrev  0x00000000000016a7      0x3bb ../../PLIB2_GIT/PLIB.X/dist/default/production/PLIB.X.a(s24_i2c.o)
 .debug_abbrev  0x0000000000001a62      0x1db ../../PLIB2_GIT/PLIB.X/dist/default/production/PLIB.X.a(s12_ports.o)
 .debug_abbrev  0x0000000000001c3d      0x2b6 ../../PLIB2_GIT/PLIB.X/dist/default/production/PLIB.X.a(s21_uart.o)
 .debug_abbrev  0x0000000000001ef3      0x3df ../../PLIB2_GIT/PLIB.X/dist/default/production/PLIB.X.a(s31_dma.o)
 .debug_abbrev  0x00000000000022d2       0xb9 ../../PLIB2_GIT/PLIB.X/dist/default/production/PLIB.X.a(s07_resets.o)
 .debug_abbrev  0x000000000000238b      0x227 ../../PLIB2_GIT/PLIB.X/dist/default/production/PLIB.X.a(s08_interrupts.o)
 .debug_abbrev  0x00000000000025b2      0x209 ../../PLIB2_GIT/PLIB.X/dist/default/production/PLIB.X.a(s00_system.o)
 .debug_abbrev  0x00000000000027bb      0x138 /Applications/microchip/xc32/v2.40/bin/bin/../../lib/gcc/pic32mx/4.8.3/libgcc.a(_udivdi3.o)
 .debug_abbrev  0x00000000000028f3      0x147 /Applications/microchip/xc32/v2.40/bin/bin/../../lib/gcc/pic32mx/4.8.3/libgcc.a(_umoddi3.o)
 .debug_abbrev  0x0000000000002a3a       0x62 /Applications/microchip/xc32/v2.40/bin/bin/../../lib/gcc/pic32mx/4.8.3/libgcc.a(floatunsisf.o)
 .debug_abbrev  0x0000000000002a9c       0x62 /Applications/microchip/xc32/v2.40/bin/bin/../../lib/gcc/pic32mx/4.8.3/libgcc.a(floatunsidf.o)
 .debug_abbrev  0x0000000000002afe       0x28 /Applications/microchip/xc32/v2.40/bin/bin/../../lib/gcc/pic32mx/4.8.3/../../../../pic32mx/lib/libpic32.a(default-bootstrap-exception-handler.o)
 .debug_abbrev  0x0000000000002b26       0x28 /Applications/microchip/xc32/v2.40/bin/bin/../../lib/gcc/pic32mx/4.8.3/../../../../pic32mx/lib/libpic32.a(default-on-reset.o)
 .debug_abbrev  0x0000000000002b4e       0x28 /Applications/microchip/xc32/v2.40/bin/bin/../../lib/gcc/pic32mx/4.8.3/../../../../pic32mx/lib/libpic32.a(default-on-bootstrap.o)
 .debug_abbrev  0x0000000000002b76       0x28 /Applications/microchip/xc32/v2.40/bin/bin/../../lib/gcc/pic32mx/4.8.3/../../../../pic32mx/lib/libpic32.a(default-general-exception-handler.o)
 .debug_abbrev  0x0000000000002b9e       0x28 /Applications/microchip/xc32/v2.40/bin/bin/../../lib/gcc/pic32mx/4.8.3/../../../../pic32mx/lib/libpic32.a(defaultinterrupt.o)
 .debug_abbrev  0x0000000000002bc6       0x28 /Applications/microchip/xc32/v2.40/bin/bin/../../lib/gcc/pic32mx/4.8.3/../../../../pic32mx/lib/libm.a(w_pow.o)
 .debug_abbrev  0x0000000000002bee       0x28 /Applications/microchip/xc32/v2.40/bin/bin/../../lib/gcc/pic32mx/4.8.3/../../../../pic32mx/lib/libm.a(w_log.o)
 .debug_abbrev  0x0000000000002c16       0x3e /Applications/microchip/xc32/v2.40/bin/bin/../../lib/gcc/pic32mx/4.8.3/../../../../pic32mx/lib/libpic32.a(isinf.o)
 .debug_abbrev  0x0000000000002c54       0x35 /Applications/microchip/xc32/v2.40/bin/bin/../../lib/gcc/pic32mx/4.8.3/../../../../pic32mx/lib/libe.a(_unorddf2.o)

.debug_line     0x0000000000000000     0x3e3e
 *(.debug_line)
 .debug_line    0x0000000000000000      0x26e build/default/production/_ext/1472/config.o
 .debug_line    0x000000000000026e      0x47b build/default/production/_ext/1472/interrupts.o
 .debug_line    0x00000000000006e9      0x343 build/default/production/_ext/1472/main.o
 .debug_line    0x0000000000000a2c      0x3fc ../../PLIB2_GIT/PLIB.X/dist/default/production/PLIB.X.a(_LOG.o)
 .debug_line    0x0000000000000e28      0x4e9 ../../PLIB2_GIT/PLIB.X/dist/default/production/PLIB.X.a(ble.o)
 .debug_line    0x0000000000001311      0x5e6 ../../PLIB2_GIT/PLIB.X/dist/default/production/PLIB.X.a(utilities.o)
 .debug_line    0x00000000000018f7      0x1e1 ../../PLIB2_GIT/PLIB.X/dist/default/production/PLIB.X.a(s14_timers.o)
 .debug_line    0x0000000000001ad8      0x2f0 ../../PLIB2_GIT/PLIB.X/dist/default/production/PLIB.X.a(s23_spi.o)
 .debug_line    0x0000000000001dc8      0x22a ../../PLIB2_GIT/PLIB.X/dist/default/production/PLIB.X.a(s17_adc.o)
 .debug_line    0x0000000000001ff2      0x229 ../../PLIB2_GIT/PLIB.X/dist/default/production/PLIB.X.a(s16_output_compare.o)
 .debug_line    0x000000000000221b      0x4f7 ../../PLIB2_GIT/PLIB.X/dist/default/production/PLIB.X.a(s24_i2c.o)
 .debug_line    0x0000000000002712      0x246 ../../PLIB2_GIT/PLIB.X/dist/default/production/PLIB.X.a(s12_ports.o)
 .debug_line    0x0000000000002958      0x311 ../../PLIB2_GIT/PLIB.X/dist/default/production/PLIB.X.a(s21_uart.o)
 .debug_line    0x0000000000002c69      0x33d ../../PLIB2_GIT/PLIB.X/dist/default/production/PLIB.X.a(s31_dma.o)
 .debug_line    0x0000000000002fa6      0x1b6 ../../PLIB2_GIT/PLIB.X/dist/default/production/PLIB.X.a(s07_resets.o)
 .debug_line    0x000000000000315c      0x283 ../../PLIB2_GIT/PLIB.X/dist/default/production/PLIB.X.a(s08_interrupts.o)
 .debug_line    0x00000000000033df      0x1f1 ../../PLIB2_GIT/PLIB.X/dist/default/production/PLIB.X.a(s00_system.o)
 .debug_line    0x00000000000035d0       0xf7 /Applications/microchip/xc32/v2.40/bin/bin/../../lib/gcc/pic32mx/4.8.3/libgcc.a(_udivdi3.o)
 .debug_line    0x00000000000036c7      0x109 /Applications/microchip/xc32/v2.40/bin/bin/../../lib/gcc/pic32mx/4.8.3/libgcc.a(_umoddi3.o)
 .debug_line    0x00000000000037d0       0x94 /Applications/microchip/xc32/v2.40/bin/bin/../../lib/gcc/pic32mx/4.8.3/libgcc.a(floatunsisf.o)
 .debug_line    0x0000000000003864       0x93 /Applications/microchip/xc32/v2.40/bin/bin/../../lib/gcc/pic32mx/4.8.3/libgcc.a(floatunsidf.o)
 .debug_line    0x00000000000038f7       0xa6 /Applications/microchip/xc32/v2.40/bin/bin/../../lib/gcc/pic32mx/4.8.3/../../../../pic32mx/lib/libpic32.a(default-bootstrap-exception-handler.o)
 .debug_line    0x000000000000399d       0x93 /Applications/microchip/xc32/v2.40/bin/bin/../../lib/gcc/pic32mx/4.8.3/../../../../pic32mx/lib/libpic32.a(default-on-reset.o)
 .debug_line    0x0000000000003a30       0x97 /Applications/microchip/xc32/v2.40/bin/bin/../../lib/gcc/pic32mx/4.8.3/../../../../pic32mx/lib/libpic32.a(default-on-bootstrap.o)
 .debug_line    0x0000000000003ac7       0xa4 /Applications/microchip/xc32/v2.40/bin/bin/../../lib/gcc/pic32mx/4.8.3/../../../../pic32mx/lib/libpic32.a(default-general-exception-handler.o)
 .debug_line    0x0000000000003b6b       0xa5 /Applications/microchip/xc32/v2.40/bin/bin/../../lib/gcc/pic32mx/4.8.3/../../../../pic32mx/lib/libpic32.a(defaultinterrupt.o)
 .debug_line    0x0000000000003c10       0x8c /Applications/microchip/xc32/v2.40/bin/bin/../../lib/gcc/pic32mx/4.8.3/../../../../pic32mx/lib/libm.a(w_pow.o)
 .debug_line    0x0000000000003c9c       0x8c /Applications/microchip/xc32/v2.40/bin/bin/../../lib/gcc/pic32mx/4.8.3/../../../../pic32mx/lib/libm.a(w_log.o)
 .debug_line    0x0000000000003d28        0x0 /Applications/microchip/xc32/v2.40/bin/bin/../../lib/gcc/pic32mx/4.8.3/../../../../pic32mx/lib/libm.a(s_lib_ver.o)
 .debug_line    0x0000000000003d28        0x0 /Applications/microchip/xc32/v2.40/bin/bin/../../lib/gcc/pic32mx/4.8.3/../../../../pic32mx/lib/libpic32.a(errno.o)
 .debug_line    0x0000000000003d28       0x88 /Applications/microchip/xc32/v2.40/bin/bin/../../lib/gcc/pic32mx/4.8.3/../../../../pic32mx/lib/libpic32.a(isinf.o)
 .debug_line    0x0000000000003db0       0x8e /Applications/microchip/xc32/v2.40/bin/bin/../../lib/gcc/pic32mx/4.8.3/../../../../pic32mx/lib/libe.a(_unorddf2.o)

.debug_frame    0x0000000000000000     0x18b0
 *(.debug_frame)
 .debug_frame   0x0000000000000000       0x74 build/default/production/_ext/1472/config.o
 .debug_frame   0x0000000000000074      0x874 build/default/production/_ext/1472/interrupts.o
 .debug_frame   0x00000000000008e8       0x28 build/default/production/_ext/1472/main.o
 .debug_frame   0x0000000000000910       0x78 ../../PLIB2_GIT/PLIB.X/dist/default/production/PLIB.X.a(_LOG.o)
 .debug_frame   0x0000000000000988      0x1dc ../../PLIB2_GIT/PLIB.X/dist/default/production/PLIB.X.a(ble.o)
 .debug_frame   0x0000000000000b64      0x274 ../../PLIB2_GIT/PLIB.X/dist/default/production/PLIB.X.a(utilities.o)
 .debug_frame   0x0000000000000dd8       0x70 ../../PLIB2_GIT/PLIB.X/dist/default/production/PLIB.X.a(s14_timers.o)
 .debug_frame   0x0000000000000e48       0xf0 ../../PLIB2_GIT/PLIB.X/dist/default/production/PLIB.X.a(s23_spi.o)
 .debug_frame   0x0000000000000f38       0x50 ../../PLIB2_GIT/PLIB.X/dist/default/production/PLIB.X.a(s17_adc.o)
 .debug_frame   0x0000000000000f88       0x48 ../../PLIB2_GIT/PLIB.X/dist/default/production/PLIB.X.a(s16_output_compare.o)
 .debug_frame   0x0000000000000fd0      0x178 ../../PLIB2_GIT/PLIB.X/dist/default/production/PLIB.X.a(s24_i2c.o)
 .debug_frame   0x0000000000001148       0xb8 ../../PLIB2_GIT/PLIB.X/dist/default/production/PLIB.X.a(s12_ports.o)
 .debug_frame   0x0000000000001200      0x168 ../../PLIB2_GIT/PLIB.X/dist/default/production/PLIB.X.a(s21_uart.o)
 .debug_frame   0x0000000000001368      0x114 ../../PLIB2_GIT/PLIB.X/dist/default/production/PLIB.X.a(s31_dma.o)
 .debug_frame   0x000000000000147c       0x28 ../../PLIB2_GIT/PLIB.X/dist/default/production/PLIB.X.a(s07_resets.o)
 .debug_frame   0x00000000000014a4      0x140 ../../PLIB2_GIT/PLIB.X/dist/default/production/PLIB.X.a(s08_interrupts.o)
 .debug_frame   0x00000000000015e4       0x38 ../../PLIB2_GIT/PLIB.X/dist/default/production/PLIB.X.a(s00_system.o)
 .debug_frame   0x000000000000161c       0x20 /Applications/microchip/xc32/v2.40/bin/bin/../../lib/gcc/pic32mx/4.8.3/libgcc.a(_udivdi3.o)
 .debug_frame   0x000000000000163c       0x20 /Applications/microchip/xc32/v2.40/bin/bin/../../lib/gcc/pic32mx/4.8.3/libgcc.a(_umoddi3.o)
 .debug_frame   0x000000000000165c       0x30 /Applications/microchip/xc32/v2.40/bin/bin/../../lib/gcc/pic32mx/4.8.3/libgcc.a(floatunsisf.o)
 .debug_frame   0x000000000000168c       0x2c /Applications/microchip/xc32/v2.40/bin/bin/../../lib/gcc/pic32mx/4.8.3/libgcc.a(floatunsidf.o)
 .debug_frame   0x00000000000016b8       0x2c /Applications/microchip/xc32/v2.40/bin/bin/../../lib/gcc/pic32mx/4.8.3/../../../../pic32mx/lib/libpic32.a(default-bootstrap-exception-handler.o)
 .debug_frame   0x00000000000016e4       0x20 /Applications/microchip/xc32/v2.40/bin/bin/../../lib/gcc/pic32mx/4.8.3/../../../../pic32mx/lib/libpic32.a(default-on-reset.o)
 .debug_frame   0x0000000000001704       0x20 /Applications/microchip/xc32/v2.40/bin/bin/../../lib/gcc/pic32mx/4.8.3/../../../../pic32mx/lib/libpic32.a(default-on-bootstrap.o)
 .debug_frame   0x0000000000001724       0x2c /Applications/microchip/xc32/v2.40/bin/bin/../../lib/gcc/pic32mx/4.8.3/../../../../pic32mx/lib/libpic32.a(default-general-exception-handler.o)
 .debug_frame   0x0000000000001750       0x20 /Applications/microchip/xc32/v2.40/bin/bin/../../lib/gcc/pic32mx/4.8.3/../../../../pic32mx/lib/libpic32.a(defaultinterrupt.o)
 .debug_frame   0x0000000000001770       0x38 /Applications/microchip/xc32/v2.40/bin/bin/../../lib/gcc/pic32mx/4.8.3/../../../../pic32mx/lib/libm.a(w_pow.o)
 .debug_frame   0x00000000000017a8       0x38 /Applications/microchip/xc32/v2.40/bin/bin/../../lib/gcc/pic32mx/4.8.3/../../../../pic32mx/lib/libm.a(w_log.o)
 .debug_frame   0x00000000000017e0       0xb0 /Applications/microchip/xc32/v2.40/bin/bin/../../lib/gcc/pic32mx/4.8.3/../../../../pic32mx/lib/libpic32.a(isinf.o)
 .debug_frame   0x0000000000001890       0x20 /Applications/microchip/xc32/v2.40/bin/bin/../../lib/gcc/pic32mx/4.8.3/../../../../pic32mx/lib/libe.a(_unorddf2.o)

.debug_str      0x0000000000000000      0x24c
 *(.debug_str)
 .debug_str     0x0000000000000000        0x0 build/default/production/_ext/1472/config.o
 .debug_str     0x0000000000000000        0xc build/default/production/_ext/1472/interrupts.o
 .debug_str     0x000000000000000c       0x38 build/default/production/_ext/1472/main.o
 .debug_str     0x0000000000000044       0x16 ../../PLIB2_GIT/PLIB.X/dist/default/production/PLIB.X.a(_LOG.o)
 .debug_str     0x000000000000005a       0x38 ../../PLIB2_GIT/PLIB.X/dist/default/production/PLIB.X.a(ble.o)
 .debug_str     0x0000000000000092       0x5e ../../PLIB2_GIT/PLIB.X/dist/default/production/PLIB.X.a(utilities.o)
 .debug_str     0x00000000000000f0        0x0 ../../PLIB2_GIT/PLIB.X/dist/default/production/PLIB.X.a(s14_timers.o)
 .debug_str     0x00000000000000f0       0x1a ../../PLIB2_GIT/PLIB.X/dist/default/production/PLIB.X.a(s23_spi.o)
 .debug_str     0x000000000000010a        0x0 ../../PLIB2_GIT/PLIB.X/dist/default/production/PLIB.X.a(s17_adc.o)
 .debug_str     0x000000000000010a        0x0 ../../PLIB2_GIT/PLIB.X/dist/default/production/PLIB.X.a(s16_output_compare.o)
 .debug_str     0x000000000000010a       0x72 ../../PLIB2_GIT/PLIB.X/dist/default/production/PLIB.X.a(s24_i2c.o)
 .debug_str     0x000000000000017c        0x7 ../../PLIB2_GIT/PLIB.X/dist/default/production/PLIB.X.a(s12_ports.o)
 .debug_str     0x0000000000000183       0x51 ../../PLIB2_GIT/PLIB.X/dist/default/production/PLIB.X.a(s21_uart.o)
 .debug_str     0x00000000000001d4       0x34 ../../PLIB2_GIT/PLIB.X/dist/default/production/PLIB.X.a(s31_dma.o)
 .debug_str     0x0000000000000208        0x0 ../../PLIB2_GIT/PLIB.X/dist/default/production/PLIB.X.a(s07_resets.o)
 .debug_str     0x0000000000000208       0x1d ../../PLIB2_GIT/PLIB.X/dist/default/production/PLIB.X.a(s08_interrupts.o)
 .debug_str     0x0000000000000225       0x27 ../../PLIB2_GIT/PLIB.X/dist/default/production/PLIB.X.a(s00_system.o)
 .debug_str     0x000000000000024c        0x0 /Applications/microchip/xc32/v2.40/bin/bin/../../lib/gcc/pic32mx/4.8.3/libgcc.a(_udivdi3.o)
 .debug_str     0x000000000000024c        0x0 /Applications/microchip/xc32/v2.40/bin/bin/../../lib/gcc/pic32mx/4.8.3/libgcc.a(_umoddi3.o)
 .debug_str     0x000000000000024c        0x0 /Applications/microchip/xc32/v2.40/bin/bin/../../lib/gcc/pic32mx/4.8.3/libgcc.a(floatunsisf.o)
 .debug_str     0x000000000000024c        0x0 /Applications/microchip/xc32/v2.40/bin/bin/../../lib/gcc/pic32mx/4.8.3/libgcc.a(floatunsidf.o)
 .debug_str     0x000000000000024c        0x0 /Applications/microchip/xc32/v2.40/bin/bin/../../lib/gcc/pic32mx/4.8.3/../../../../pic32mx/lib/libpic32.a(default-bootstrap-exception-handler.o)
 .debug_str     0x000000000000024c        0x0 /Applications/microchip/xc32/v2.40/bin/bin/../../lib/gcc/pic32mx/4.8.3/../../../../pic32mx/lib/libpic32.a(default-on-reset.o)
 .debug_str     0x000000000000024c        0x0 /Applications/microchip/xc32/v2.40/bin/bin/../../lib/gcc/pic32mx/4.8.3/../../../../pic32mx/lib/libpic32.a(default-on-bootstrap.o)
 .debug_str     0x000000000000024c        0x0 /Applications/microchip/xc32/v2.40/bin/bin/../../lib/gcc/pic32mx/4.8.3/../../../../pic32mx/lib/libpic32.a(default-general-exception-handler.o)
 .debug_str     0x000000000000024c        0x0 /Applications/microchip/xc32/v2.40/bin/bin/../../lib/gcc/pic32mx/4.8.3/../../../../pic32mx/lib/libpic32.a(defaultinterrupt.o)
 .debug_str     0x000000000000024c        0x0 /Applications/microchip/xc32/v2.40/bin/bin/../../lib/gcc/pic32mx/4.8.3/../../../../pic32mx/lib/libm.a(w_pow.o)
 .debug_str     0x000000000000024c        0x0 /Applications/microchip/xc32/v2.40/bin/bin/../../lib/gcc/pic32mx/4.8.3/../../../../pic32mx/lib/libm.a(w_log.o)
 .debug_str     0x000000000000024c        0x0 /Applications/microchip/xc32/v2.40/bin/bin/../../lib/gcc/pic32mx/4.8.3/../../../../pic32mx/lib/libm.a(s_lib_ver.o)
 .debug_str     0x000000000000024c        0x0 /Applications/microchip/xc32/v2.40/bin/bin/../../lib/gcc/pic32mx/4.8.3/../../../../pic32mx/lib/libpic32.a(errno.o)
 .debug_str     0x000000000000024c        0x0 /Applications/microchip/xc32/v2.40/bin/bin/../../lib/gcc/pic32mx/4.8.3/../../../../pic32mx/lib/libpic32.a(isinf.o)
 .debug_str     0x000000000000024c        0x0 /Applications/microchip/xc32/v2.40/bin/bin/../../lib/gcc/pic32mx/4.8.3/../../../../pic32mx/lib/libe.a(_unorddf2.o)

.debug_loc      0x0000000000000000     0x6332
 *(.debug_loc)
 .debug_loc     0x0000000000000000       0x84 build/default/production/_ext/1472/config.o
 .debug_loc     0x0000000000000084       0xbe build/default/production/_ext/1472/interrupts.o
 .debug_loc     0x0000000000000142      0x9c4 ../../PLIB2_GIT/PLIB.X/dist/default/production/PLIB.X.a(_LOG.o)
 .debug_loc     0x0000000000000b06      0x5c0 ../../PLIB2_GIT/PLIB.X/dist/default/production/PLIB.X.a(ble.o)
 .debug_loc     0x00000000000010c6      0xf36 ../../PLIB2_GIT/PLIB.X/dist/default/production/PLIB.X.a(utilities.o)
 .debug_loc     0x0000000000001ffc      0x270 ../../PLIB2_GIT/PLIB.X/dist/default/production/PLIB.X.a(s14_timers.o)
 .debug_loc     0x000000000000226c      0x659 ../../PLIB2_GIT/PLIB.X/dist/default/production/PLIB.X.a(s23_spi.o)
 .debug_loc     0x00000000000028c5      0x15c ../../PLIB2_GIT/PLIB.X/dist/default/production/PLIB.X.a(s17_adc.o)
 .debug_loc     0x0000000000002a21      0x1d9 ../../PLIB2_GIT/PLIB.X/dist/default/production/PLIB.X.a(s16_output_compare.o)
 .debug_loc     0x0000000000002bfa      0xb99 ../../PLIB2_GIT/PLIB.X/dist/default/production/PLIB.X.a(s24_i2c.o)
 .debug_loc     0x0000000000003793       0xea ../../PLIB2_GIT/PLIB.X/dist/default/production/PLIB.X.a(s12_ports.o)
 .debug_loc     0x000000000000387d      0xb83 ../../PLIB2_GIT/PLIB.X/dist/default/production/PLIB.X.a(s21_uart.o)
 .debug_loc     0x0000000000004400      0x407 ../../PLIB2_GIT/PLIB.X/dist/default/production/PLIB.X.a(s31_dma.o)
 .debug_loc     0x0000000000004807      0x25d ../../PLIB2_GIT/PLIB.X/dist/default/production/PLIB.X.a(s08_interrupts.o)
 .debug_loc     0x0000000000004a64      0x1df ../../PLIB2_GIT/PLIB.X/dist/default/production/PLIB.X.a(s00_system.o)
 .debug_loc     0x0000000000004c43      0xa6a /Applications/microchip/xc32/v2.40/bin/bin/../../lib/gcc/pic32mx/4.8.3/libgcc.a(_udivdi3.o)
 .debug_loc     0x00000000000056ad      0xa3d /Applications/microchip/xc32/v2.40/bin/bin/../../lib/gcc/pic32mx/4.8.3/libgcc.a(_umoddi3.o)
 .debug_loc     0x00000000000060ea       0x74 /Applications/microchip/xc32/v2.40/bin/bin/../../lib/gcc/pic32mx/4.8.3/libgcc.a(floatunsisf.o)
 .debug_loc     0x000000000000615e       0x80 /Applications/microchip/xc32/v2.40/bin/bin/../../lib/gcc/pic32mx/4.8.3/libgcc.a(floatunsidf.o)
 .debug_loc     0x00000000000061de       0x2c /Applications/microchip/xc32/v2.40/bin/bin/../../lib/gcc/pic32mx/4.8.3/../../../../pic32mx/lib/libpic32.a(default-bootstrap-exception-handler.o)
 .debug_loc     0x000000000000620a       0x2c /Applications/microchip/xc32/v2.40/bin/bin/../../lib/gcc/pic32mx/4.8.3/../../../../pic32mx/lib/libpic32.a(default-general-exception-handler.o)
 .debug_loc     0x0000000000006236       0x20 /Applications/microchip/xc32/v2.40/bin/bin/../../lib/gcc/pic32mx/4.8.3/../../../../pic32mx/lib/libm.a(w_pow.o)
 .debug_loc     0x0000000000006256       0x2c /Applications/microchip/xc32/v2.40/bin/bin/../../lib/gcc/pic32mx/4.8.3/../../../../pic32mx/lib/libm.a(w_log.o)
 .debug_loc     0x0000000000006282       0xb0 /Applications/microchip/xc32/v2.40/bin/bin/../../lib/gcc/pic32mx/4.8.3/../../../../pic32mx/lib/libpic32.a(isinf.o)

.debug_macinfo
 *(.debug_macinfo)

.debug_weaknames
 *(.debug_weaknames)

.debug_funcnames
 *(.debug_funcnames)

.debug_typenames
 *(.debug_typenames)

.debug_varnames
 *(.debug_varnames)

.debug_pubtypes
 *(.debug_pubtypes)

.debug_ranges   0x0000000000000000      0x758
 *(.debug_ranges)
 .debug_ranges  0x0000000000000000       0xb0 ../../PLIB2_GIT/PLIB.X/dist/default/production/PLIB.X.a(_LOG.o)
 .debug_ranges  0x00000000000000b0       0x48 ../../PLIB2_GIT/PLIB.X/dist/default/production/PLIB.X.a(ble.o)
 .debug_ranges  0x00000000000000f8       0x70 ../../PLIB2_GIT/PLIB.X/dist/default/production/PLIB.X.a(utilities.o)
 .debug_ranges  0x0000000000000168       0x80 ../../PLIB2_GIT/PLIB.X/dist/default/production/PLIB.X.a(s23_spi.o)
 .debug_ranges  0x00000000000001e8       0x18 ../../PLIB2_GIT/PLIB.X/dist/default/production/PLIB.X.a(s16_output_compare.o)
 .debug_ranges  0x0000000000000200      0x1f0 ../../PLIB2_GIT/PLIB.X/dist/default/production/PLIB.X.a(s24_i2c.o)
 .debug_ranges  0x00000000000003f0       0xc8 ../../PLIB2_GIT/PLIB.X/dist/default/production/PLIB.X.a(s21_uart.o)
 .debug_ranges  0x00000000000004b8       0x30 ../../PLIB2_GIT/PLIB.X/dist/default/production/PLIB.X.a(s31_dma.o)
 .debug_ranges  0x00000000000004e8       0x48 ../../PLIB2_GIT/PLIB.X/dist/default/production/PLIB.X.a(s00_system.o)
 .debug_ranges  0x0000000000000530       0x98 /Applications/microchip/xc32/v2.40/bin/bin/../../lib/gcc/pic32mx/4.8.3/libgcc.a(_udivdi3.o)
 .debug_ranges  0x00000000000005c8       0xd8 /Applications/microchip/xc32/v2.40/bin/bin/../../lib/gcc/pic32mx/4.8.3/libgcc.a(_umoddi3.o)
 .debug_ranges  0x00000000000006a0       0x10 /Applications/microchip/xc32/v2.40/bin/bin/../../lib/gcc/pic32mx/4.8.3/../../../../pic32mx/lib/libpic32.a(default-bootstrap-exception-handler.o)
 .debug_ranges  0x00000000000006b0       0x10 /Applications/microchip/xc32/v2.40/bin/bin/../../lib/gcc/pic32mx/4.8.3/../../../../pic32mx/lib/libpic32.a(default-on-reset.o)
 .debug_ranges  0x00000000000006c0       0x10 /Applications/microchip/xc32/v2.40/bin/bin/../../lib/gcc/pic32mx/4.8.3/../../../../pic32mx/lib/libpic32.a(default-on-bootstrap.o)
 .debug_ranges  0x00000000000006d0       0x10 /Applications/microchip/xc32/v2.40/bin/bin/../../lib/gcc/pic32mx/4.8.3/../../../../pic32mx/lib/libpic32.a(default-general-exception-handler.o)
 .debug_ranges  0x00000000000006e0       0x10 /Applications/microchip/xc32/v2.40/bin/bin/../../lib/gcc/pic32mx/4.8.3/../../../../pic32mx/lib/libpic32.a(defaultinterrupt.o)
 .debug_ranges  0x00000000000006f0       0x10 /Applications/microchip/xc32/v2.40/bin/bin/../../lib/gcc/pic32mx/4.8.3/../../../../pic32mx/lib/libm.a(w_pow.o)
 .debug_ranges  0x0000000000000700       0x10 /Applications/microchip/xc32/v2.40/bin/bin/../../lib/gcc/pic32mx/4.8.3/../../../../pic32mx/lib/libm.a(w_log.o)
 .debug_ranges  0x0000000000000710       0x38 /Applications/microchip/xc32/v2.40/bin/bin/../../lib/gcc/pic32mx/4.8.3/../../../../pic32mx/lib/libpic32.a(isinf.o)
 .debug_ranges  0x0000000000000748       0x10 /Applications/microchip/xc32/v2.40/bin/bin/../../lib/gcc/pic32mx/4.8.3/../../../../pic32mx/lib/libe.a(_unorddf2.o)

.gnu.attributes
                0x0000000000000000       0x10
 *(.gnu.attributes)
 .gnu.attributes
                0x0000000000000000       0x10 build/default/production/_ext/1472/config.o
 .gnu.attributes
                0x0000000000000010       0x10 build/default/production/_ext/1472/interrupts.o
 .gnu.attributes
                0x0000000000000020       0x10 build/default/production/_ext/1472/main.o
 .gnu.attributes
                0x0000000000000030       0x10 ../../PLIB2_GIT/PLIB.X/dist/default/production/PLIB.X.a(_LOG.o)
 .gnu.attributes
                0x0000000000000040       0x10 ../../PLIB2_GIT/PLIB.X/dist/default/production/PLIB.X.a(ble.o)
 .gnu.attributes
                0x0000000000000050       0x10 ../../PLIB2_GIT/PLIB.X/dist/default/production/PLIB.X.a(utilities.o)
 .gnu.attributes
                0x0000000000000060       0x10 ../../PLIB2_GIT/PLIB.X/dist/default/production/PLIB.X.a(s14_timers.o)
 .gnu.attributes
                0x0000000000000070       0x10 ../../PLIB2_GIT/PLIB.X/dist/default/production/PLIB.X.a(s23_spi.o)
 .gnu.attributes
                0x0000000000000080       0x10 ../../PLIB2_GIT/PLIB.X/dist/default/production/PLIB.X.a(s17_adc.o)
 .gnu.attributes
                0x0000000000000090       0x10 ../../PLIB2_GIT/PLIB.X/dist/default/production/PLIB.X.a(s16_output_compare.o)
 .gnu.attributes
                0x00000000000000a0       0x10 ../../PLIB2_GIT/PLIB.X/dist/default/production/PLIB.X.a(s24_i2c.o)
 .gnu.attributes
                0x00000000000000b0       0x10 ../../PLIB2_GIT/PLIB.X/dist/default/production/PLIB.X.a(s12_ports.o)
 .gnu.attributes
                0x00000000000000c0       0x10 ../../PLIB2_GIT/PLIB.X/dist/default/production/PLIB.X.a(s21_uart.o)
 .gnu.attributes
                0x00000000000000d0       0x10 ../../PLIB2_GIT/PLIB.X/dist/default/production/PLIB.X.a(s31_dma.o)
 .gnu.attributes
                0x00000000000000e0       0x10 ../../PLIB2_GIT/PLIB.X/dist/default/production/PLIB.X.a(s07_resets.o)
 .gnu.attributes
                0x00000000000000f0       0x10 ../../PLIB2_GIT/PLIB.X/dist/default/production/PLIB.X.a(s08_interrupts.o)
 .gnu.attributes
                0x0000000000000100       0x10 ../../PLIB2_GIT/PLIB.X/dist/default/production/PLIB.X.a(s00_system.o)
 .gnu.attributes
                0x0000000000000110       0x10 /Applications/microchip/xc32/v2.40/bin/bin/../../lib/gcc/pic32mx/4.8.3/libgcc.a(_udivdi3.o)
 .gnu.attributes
                0x0000000000000120       0x10 /Applications/microchip/xc32/v2.40/bin/bin/../../lib/gcc/pic32mx/4.8.3/libgcc.a(_umoddi3.o)
 .gnu.attributes
                0x0000000000000130       0x10 /Applications/microchip/xc32/v2.40/bin/bin/../../lib/gcc/pic32mx/4.8.3/libgcc.a(floatunsisf.o)
 .gnu.attributes
                0x0000000000000140       0x10 /Applications/microchip/xc32/v2.40/bin/bin/../../lib/gcc/pic32mx/4.8.3/libgcc.a(floatunsidf.o)
 .gnu.attributes
                0x0000000000000150       0x10 /Applications/microchip/xc32/v2.40/bin/bin/../../lib/gcc/pic32mx/4.8.3/../../../../pic32mx/lib/libpic32.a(default-bootstrap-exception-handler.o)
 .gnu.attributes
                0x0000000000000160       0x10 /Applications/microchip/xc32/v2.40/bin/bin/../../lib/gcc/pic32mx/4.8.3/../../../../pic32mx/lib/libpic32.a(default-on-reset.o)
 .gnu.attributes
                0x0000000000000170       0x10 /Applications/microchip/xc32/v2.40/bin/bin/../../lib/gcc/pic32mx/4.8.3/../../../../pic32mx/lib/libpic32.a(default-on-bootstrap.o)
 .gnu.attributes
                0x0000000000000180       0x10 /Applications/microchip/xc32/v2.40/bin/bin/../../lib/gcc/pic32mx/4.8.3/../../../../pic32mx/lib/libpic32.a(default-general-exception-handler.o)
 .gnu.attributes
                0x0000000000000190       0x10 /Applications/microchip/xc32/v2.40/bin/bin/../../lib/gcc/pic32mx/4.8.3/../../../../pic32mx/lib/libpic32.a(defaultinterrupt.o)
 .gnu.attributes
                0x00000000000001a0       0x10 /Applications/microchip/xc32/v2.40/bin/bin/../../lib/gcc/pic32mx/4.8.3/../../../../pic32mx/lib/libm.a(w_pow.o)
 .gnu.attributes
                0x00000000000001b0       0x10 /Applications/microchip/xc32/v2.40/bin/bin/../../lib/gcc/pic32mx/4.8.3/../../../../pic32mx/lib/libm.a(w_log.o)
 .gnu.attributes
                0x00000000000001c0       0x10 /Applications/microchip/xc32/v2.40/bin/bin/../../lib/gcc/pic32mx/4.8.3/../../../../pic32mx/lib/libm.a(s_lib_ver.o)
 .gnu.attributes
                0x00000000000001d0       0x10 /Applications/microchip/xc32/v2.40/bin/bin/../../lib/gcc/pic32mx/4.8.3/../../../../pic32mx/lib/libpic32.a(errno.o)
 .gnu.attributes
                0x00000000000001e0       0x10 /Applications/microchip/xc32/v2.40/bin/bin/../../lib/gcc/pic32mx/4.8.3/../../../../pic32mx/lib/libpic32.a(isinf.o)
 .gnu.attributes
                0x00000000000001f0       0x10 /Applications/microchip/xc32/v2.40/bin/bin/../../lib/gcc/pic32mx/4.8.3/../../../../pic32mx/lib/libe.a(_unorddf2.o)
LOAD /Applications/microchip/xc32/v2.40/bin/bin/../../lib/gcc/pic32mx/4.8.3/libgcc.a
START GROUP
LOAD /Applications/microchip/xc32/v2.40/bin/bin/../../lib/gcc/pic32mx/4.8.3/../../../../pic32mx/lib/libpic32.a
LOAD /Applications/microchip/xc32/v2.40/bin/bin/../../lib/gcc/pic32mx/4.8.3/../../../../pic32mx/lib/libdebug.a
LOAD /Applications/microchip/xc32/v2.40/bin/bin/../../lib/gcc/pic32mx/4.8.3/../../../../pic32mx/lib/libpic32.a
LOAD /Applications/microchip/xc32/v2.40/bin/bin/../../lib/gcc/pic32mx/4.8.3/../../../../pic32mx/lib/libc.a
LOAD /Applications/microchip/xc32/v2.40/bin/bin/../../lib/gcc/pic32mx/4.8.3/../../../../pic32mx/lib/libc.a
LOAD /Applications/microchip/xc32/v2.40/bin/bin/../../lib/gcc/pic32mx/4.8.3/../../../../pic32mx/lib/libm.a
LOAD /Applications/microchip/xc32/v2.40/bin/bin/../../lib/gcc/pic32mx/4.8.3/../../../../pic32mx/lib/libe.a
LOAD /Applications/microchip/xc32/v2.40/bin/bin/../../lib/gcc/pic32mx/4.8.3/../../../../pic32mx/lib/libdsp.a
LOAD /Applications/microchip/xc32/v2.40/bin/bin/../../lib/gcc/pic32mx/4.8.3/libgcc.a
LOAD /Applications/microchip/xc32/v2.40/bin/bin/../../lib/gcc/pic32mx/4.8.3/../../../../pic32mx/lib/libpic32.a
END GROUP
LOAD /Applications/microchip/xc32/v2.40/bin/bin/../../lib/gcc/pic32mx/4.8.3/libgcc.a
OUTPUT(dist/default/production/PROJECT.X.production.elf elf32-tradlittlemips)
LOAD stack
LOAD data_init

.reginfo        0x0000000000000000       0x18
 .reginfo       0x0000000000000000       0x18 /Applications/microchip/xc32/v2.40/bin/bin/../../lib/gcc/pic32mx/4.8.3/../../../../pic32mx/lib/debug-exception-return.o

.stack          0x00000000a000bcd8        0x0
 .stack         0x00000000a000bcd8        0x0 stack

.bss            0x00000000a0000088     0x3ea4
 .bss           0x00000000a0000088     0x3ea4 ../../PLIB2_GIT/PLIB.X/dist/default/production/PLIB.X.a(_LOG.o)

.data           0x00000000a0003f30     0x29d0
 .data          0x00000000a0003f30     0x29d0 build/default/production/_ext/1472/main.o

.bss            0x00000000a0006900      0x120
 .bss           0x00000000a0006900      0x120 ../../PLIB2_GIT/PLIB.X/dist/default/production/PLIB.X.a(ble.o)

.data           0x00000000a0006a20       0xe8
 .data          0x00000000a0006a20       0xe8 /Applications/microchip/xc32/v2.40/bin/bin/../../lib/gcc/pic32mx/4.8.3/../../../../pic32mx/lib/libm.a(log32.o)

.bss            0x00000000a0006b08      0x140
 .bss           0x00000000a0006b08       0xa0 build/default/production/_ext/1472/main.o
 .bss           0x00000000a0006ba8       0xa0 ../../PLIB2_GIT/PLIB.X/dist/default/production/PLIB.X.a(utilities.o)

.data           0x00000000a0006c48       0xe8
 .data          0x00000000a0006c48       0xa0 /Applications/microchip/xc32/v2.40/bin/bin/../../lib/gcc/pic32mx/4.8.3/../../../../pic32mx/lib/libm.a(exp32.o)
 .data          0x00000000a0006ce8       0x48 ../../PLIB2_GIT/PLIB.X/dist/default/production/PLIB.X.a(s21_uart.o)
                0x00000000a0006ce8                p_uart_rx_reg
                0x00000000a0006d00                p_uart_tx_reg
                0x00000000a0006d18                UartModules

.bss            0x00000000a0006d30       0x40
 .bss           0x00000000a0006d30       0x40 ../../PLIB2_GIT/PLIB.X/dist/default/production/PLIB.X.a(s31_dma.o)

.data           0x00000000a0006d70       0x30
 .data          0x00000000a0006d70       0x30 ../../PLIB2_GIT/PLIB.X/dist/default/production/PLIB.X.a(s23_spi.o)
                0x00000000a0006d70                p_spi_rx_reg
                0x00000000a0006d80                p_spi_tx_reg
                0x00000000a0006d90                SpiModules

.bss            0x00000000a0006da0       0x58
 .bss           0x00000000a0006da0       0x30 ../../PLIB2_GIT/PLIB.X/dist/default/production/PLIB.X.a(s21_uart.o)
 .bss           0x00000000a0006dd0       0x28 ../../PLIB2_GIT/PLIB.X/dist/default/production/PLIB.X.a(s24_i2c.o)

.data           0x00000000a0006df8       0x3c
 .data          0x00000000a0006df8       0x20 ../../PLIB2_GIT/PLIB.X/dist/default/production/PLIB.X.a(s31_dma.o)
                0x00000000a0006df8                DmaChannels
 .data          0x00000000a0006e18       0x1c ../../PLIB2_GIT/PLIB.X/dist/default/production/PLIB.X.a(s12_ports.o)
                0x00000000a0006e18                PortsModules

.data           0x00000000a0006e34       0x14
 .data          0x00000000a0006e34       0x14 ../../PLIB2_GIT/PLIB.X/dist/default/production/PLIB.X.a(s14_timers.o)
                0x00000000a0006e34                TimerModules

.bss            0x00000000a0006e48       0x14
 .bss           0x00000000a0006e48       0x14 ../../PLIB2_GIT/PLIB.X/dist/default/production/PLIB.X.a(s14_timers.o)

.data           0x00000000a0006e5c       0x28
 .data          0x00000000a0006e5c       0x14 ../../PLIB2_GIT/PLIB.X/dist/default/production/PLIB.X.a(s16_output_compare.o)
                0x00000000a0006e5c                OutputCompareModules
 .data          0x00000000a0006e70       0x14 ../../PLIB2_GIT/PLIB.X/dist/default/production/PLIB.X.a(s24_i2c.o)
                0x00000000a0006e70                I2cModules

.bss            0x00000000a0006e84       0x10
 .bss           0x00000000a0006e84       0x10 ../../PLIB2_GIT/PLIB.X/dist/default/production/PLIB.X.a(s23_spi.o)

.data.math_errhandling_flag
                0x00000000a0003f2c        0x4
 .data.math_errhandling_flag
                0x00000000a0003f2c        0x4 /Applications/microchip/xc32/v2.40/bin/bin/../../lib/gcc/pic32mx/4.8.3/../../../../pic32mx/lib/libm.a(s_lib_ver.o)
                0x00000000a0003f2c                math_errhandling

.bss.errno      0x00000000a0006e94        0x4
 .bss.errno     0x00000000a0006e94        0x4 /Applications/microchip/xc32/v2.40/bin/bin/../../lib/gcc/pic32mx/4.8.3/../../../../pic32mx/lib/libpic32.a(errno.o)
                0x00000000a0006e94                errno

.bss%z1         0x0000000000000000        0x0
 .bss           0x0000000000000000        0x0 /Applications/microchip/xc32/v2.40/bin/bin/../../lib/gcc/pic32mx/4.8.3/../../../../pic32mx/lib/libe.a(_unorddf2.o)

.data%z2        0x0000000000000000        0x0
 .data          0x0000000000000000        0x0 /Applications/microchip/xc32/v2.40/bin/bin/../../lib/gcc/pic32mx/4.8.3/../../../../pic32mx/lib/libe.a(_unorddf2.o)

.bss%z3         0x0000000000000000        0x0
 .bss           0x0000000000000000        0x0 /Applications/microchip/xc32/v2.40/bin/bin/../../lib/gcc/pic32mx/4.8.3/../../../../pic32mx/lib/libpic32.a(isinf.o)

.data%z4        0x0000000000000000        0x0
 .data          0x0000000000000000        0x0 /Applications/microchip/xc32/v2.40/bin/bin/../../lib/gcc/pic32mx/4.8.3/../../../../pic32mx/lib/libpic32.a(isinf.o)

.bss%z5         0x0000000000000000        0x0
 .bss           0x0000000000000000        0x0 /Applications/microchip/xc32/v2.40/bin/bin/../../lib/gcc/pic32mx/4.8.3/../../../../pic32mx/lib/libpic32.a(errno.o)

.data%z6        0x0000000000000000        0x0
 .data          0x0000000000000000        0x0 /Applications/microchip/xc32/v2.40/bin/bin/../../lib/gcc/pic32mx/4.8.3/../../../../pic32mx/lib/libpic32.a(errno.o)

.bss%z7         0x0000000000000000        0x0
 .bss           0x0000000000000000        0x0 /Applications/microchip/xc32/v2.40/bin/bin/../../lib/gcc/pic32mx/4.8.3/../../../../pic32mx/lib/libm.a(exp32.o)

.bss%z8         0x0000000000000000        0x0
 .bss           0x0000000000000000        0x0 /Applications/microchip/xc32/v2.40/bin/bin/../../lib/gcc/pic32mx/4.8.3/../../../../pic32mx/lib/libm.a(sigmax.o)

.data%z9        0x0000000000000000        0x0
 .data          0x0000000000000000        0x0 /Applications/microchip/xc32/v2.40/bin/bin/../../lib/gcc/pic32mx/4.8.3/../../../../pic32mx/lib/libm.a(sigmax.o)

.bss%z10        0x0000000000000000        0x0
 .bss           0x0000000000000000        0x0 /Applications/microchip/xc32/v2.40/bin/bin/../../lib/gcc/pic32mx/4.8.3/../../../../pic32mx/lib/libm.a(exmul.o)

.data%z11       0x0000000000000000        0x0
 .data          0x0000000000000000        0x0 /Applications/microchip/xc32/v2.40/bin/bin/../../lib/gcc/pic32mx/4.8.3/../../../../pic32mx/lib/libm.a(exmul.o)

.bss%z12        0x0000000000000000        0x0
 .bss           0x0000000000000000        0x0 /Applications/microchip/xc32/v2.40/bin/bin/../../lib/gcc/pic32mx/4.8.3/../../../../pic32mx/lib/libm.a(exdiv.o)

.data%z13       0x0000000000000000        0x0
 .data          0x0000000000000000        0x0 /Applications/microchip/xc32/v2.40/bin/bin/../../lib/gcc/pic32mx/4.8.3/../../../../pic32mx/lib/libm.a(exdiv.o)

.bss%z14        0x0000000000000000        0x0
 .bss           0x0000000000000000        0x0 /Applications/microchip/xc32/v2.40/bin/bin/../../lib/gcc/pic32mx/4.8.3/../../../../pic32mx/lib/libm.a(exadd.o)

.data%z15       0x0000000000000000        0x0
 .data          0x0000000000000000        0x0 /Applications/microchip/xc32/v2.40/bin/bin/../../lib/gcc/pic32mx/4.8.3/../../../../pic32mx/lib/libm.a(exadd.o)

.bss%z16        0x0000000000000000        0x0
 .bss           0x0000000000000000        0x0 /Applications/microchip/xc32/v2.40/bin/bin/../../lib/gcc/pic32mx/4.8.3/../../../../pic32mx/lib/libm.a(log32.o)

.bss%z17        0x0000000000000000        0x0