Archive member included because of file (symbol)

../../PLIB2_GIT/PLIB.X/dist/default/production/PLIB.X.a(_LOG.o)
                              build/default/production/_ext/1472/main.o (log_init)
../../PLIB2_GIT/PLIB.X/dist/default/production/PLIB.X.a(sd_card.o)
                              build/default/production/_ext/1472/main.o (sd_card_deamon)
../../PLIB2_GIT/PLIB.X/dist/default/production/PLIB.X.a(ble.o)
                              build/default/production/_ext/1472/main.o (ble_init)
../../PLIB2_GIT/PLIB.X/dist/default/production/PLIB.X.a(utilities.o)
                              build/default/production/_ext/1472/main.o (fu_adc_average)
../../PLIB2_GIT/PLIB.X/dist/default/production/PLIB.X.a(crc_16.o)
                              ../../PLIB2_GIT/PLIB.X/dist/default/production/PLIB.X.a(ble.o) (crc16_fast_poly_0x8005)
../../PLIB2_GIT/PLIB.X/dist/default/production/PLIB.X.a(s14_timers.o)
                              build/default/production/_ext/1472/interrupts.o (timer_interrupt_handler)
../../PLIB2_GIT/PLIB.X/dist/default/production/PLIB.X.a(s23_spi.o)
                              ../../PLIB2_GIT/PLIB.X/dist/default/production/PLIB.X.a(sd_card.o) (spi_init)
../../PLIB2_GIT/PLIB.X/dist/default/production/PLIB.X.a(s17_adc.o)
                              build/default/production/_ext/1472/config.o (adc10_init)
../../PLIB2_GIT/PLIB.X/dist/default/production/PLIB.X.a(s16_output_compare.o)
                              build/default/production/_ext/1472/main.o (pwm_init)
../../PLIB2_GIT/PLIB.X/dist/default/production/PLIB.X.a(s24_i2c.o)
                              build/default/production/_ext/1472/interrupts.o (i2c_get_byte)
../../PLIB2_GIT/PLIB.X/dist/default/production/PLIB.X.a(s12_ports.o)
                              build/default/production/_ext/1472/config.o (ports_change_notice_init)
../../PLIB2_GIT/PLIB.X/dist/default/production/PLIB.X.a(s21_uart.o)
                              ../../PLIB2_GIT/PLIB.X/dist/default/production/PLIB.X.a(_LOG.o) (uart_init)
../../PLIB2_GIT/PLIB.X/dist/default/production/PLIB.X.a(s31_dma.o)
                              ../../PLIB2_GIT/PLIB.X/dist/default/production/PLIB.X.a(_LOG.o) (dma_init)
../../PLIB2_GIT/PLIB.X/dist/default/production/PLIB.X.a(s07_resets.o)
                              ../../PLIB2_GIT/PLIB.X/dist/default/production/PLIB.X.a(ble.o) (software_reset)
../../PLIB2_GIT/PLIB.X/dist/default/production/PLIB.X.a(s08_interrupts.o)
                              build/default/production/_ext/1472/config.o (irq_link_data_priority)
../../PLIB2_GIT/PLIB.X/dist/default/production/PLIB.X.a(s00_system.o)
                              build/default/production/_ext/1472/config.o (system_config_performance)
../../PLIB2_GIT/PLIB.X/dist/default/production/PLIB.X.a(s34_can.o)
                              build/default/production/_ext/1472/interrupts.o (can_interrupt_handler)
../../PLIB2_GIT/PLIB.X/dist/default/production/PLIB.X.a(errors.o)
                              ../../PLIB2_GIT/PLIB.X/dist/default/production/PLIB.X.a(s31_dma.o) (__errors)

Optional file libmchp_peripheral.a not found

Optional file libmchp_peripheral_32MX795F512L.a not found
/Applications/microchip/xc32/v2.41/bin/bin/../../lib/gcc/pic32mx/4.8.3/speed/libgcc.a(_udivdi3.o)
                              build/default/production/_ext/1472/main.o (__udivdi3)
/Applications/microchip/xc32/v2.41/bin/bin/../../lib/gcc/pic32mx/4.8.3/speed/libgcc.a(_umoddi3.o)
                              ../../PLIB2_GIT/PLIB.X/dist/default/production/PLIB.X.a(_LOG.o) (__umoddi3)
/Applications/microchip/xc32/v2.41/bin/bin/../../lib/gcc/pic32mx/4.8.3/speed/libgcc.a(floatunsisf.o)
                              ../../PLIB2_GIT/PLIB.X/dist/default/production/PLIB.X.a(utilities.o) (__floatunsisf)
/Applications/microchip/xc32/v2.41/bin/bin/../../lib/gcc/pic32mx/4.8.3/speed/libgcc.a(floatunsidf.o)
                              ../../PLIB2_GIT/PLIB.X/dist/default/production/PLIB.X.a(sd_card.o) (__floatunsidf)
/Applications/microchip/xc32/v2.41/bin/bin/../../lib/gcc/pic32mx/4.8.3/../../../../pic32mx/lib/speed/libpic32.a(memcpy.o)
                              ../../PLIB2_GIT/PLIB.X/dist/default/production/PLIB.X.a(sd_card.o) (memcpy)
/Applications/microchip/xc32/v2.41/bin/bin/../../lib/gcc/pic32mx/4.8.3/../../../../pic32mx/lib/speed/libpic32.a(memset.o)
                              ../../PLIB2_GIT/PLIB.X/dist/default/production/PLIB.X.a(sd_card.o) (memset)
/Applications/microchip/xc32/v2.41/bin/bin/../../lib/gcc/pic32mx/4.8.3/../../../../pic32mx/lib/speed/libpic32.a(strcmp.o)
                              ../../PLIB2_GIT/PLIB.X/dist/default/production/PLIB.X.a(sd_card.o) (strcmp)
/Applications/microchip/xc32/v2.41/bin/bin/../../lib/gcc/pic32mx/4.8.3/../../../../pic32mx/lib/speed/libpic32.a(default-bootstrap-exception-handler.o)
                              /var/folders/nb/nscgpnq50m3_t2k_4gt8dg080000gn/T//ccf3cZxI.o (_bootstrap_exception_handler)
[...]
Memory Configuration

Name             Origin             Length             Attributes
kseg0_program_mem 0x9d000000         0x00080000         xr
kseg0_boot_mem   0x9fc00490         0x00000970
exception_mem    0x9fc01000         0x00001000
kseg1_boot_mem   0xbfc00000         0x00000490
debug_exec_mem   0xbfc02000         0x00000ff0
config3          0xbfc02ff0         0x00000004
config2          0xbfc02ff4         0x00000004
config1          0xbfc02ff8         0x00000004
config0          0xbfc02ffc         0x00000004
kseg1_data_mem   0xa0000000         0x00020000         w !x
sfrs             0xbf800000         0x00100000
configsfrs       0xbfc02ff0         0x00000010
*default*        0x00000000         0xffffffff

Linker script and memory map

LOAD /Applications/microchip/xc32/v2.41/bin/bin/../../lib/gcc/pic32mx/4.8.3/../../../../pic32mx/lib/speed/debug-exception-return.o
LOAD build/default/production/_ext/1472/config.o
LOAD build/default/production/_ext/1472/interrupts.o
LOAD build/default/production/_ext/1472/main.o
LOAD ../../PLIB2_GIT/PLIB.X/dist/default/production/PLIB.X.a
                0x00000001                __MPLAB_BUILD = 0x1
                0x00004e20                _min_heap_size = 0x4e20
                0x00000000                _min_stack_size = 0x0
LOAD /var/folders/nb/nscgpnq50m3_t2k_4gt8dg080000gn/T//ccf3cZxI.o
LOAD /var/folders/nb/nscgpnq50m3_t2k_4gt8dg080000gn/T//ccMIoSE1.o
LOAD /var/folders/nb/nscgpnq50m3_t2k_4gt8dg080000gn/T//cc9WUSh5.o
LOAD /Applications/microchip/xc32/v2.41/bin/bin/../../lib/gcc/pic32mx/4.8.3/../../../../pic32mx/lib/speed/pic32_software_reset.o
                0x00000400                PROVIDE (_min_stack_size, 0x400)
START GROUP
LOAD /Applications/microchip/xc32/v2.41/bin/bin/../../lib/gcc/pic32mx/4.8.3/../../../../pic32mx/lib/./proc/32MX795F512L/processor.o
END GROUP
START GROUP
LOAD libmchp_peripheral.a
END GROUP
START GROUP
LOAD libmchp_peripheral_32MX795F512L.a
END GROUP
                0x00000001                PROVIDE (_vector_spacing, 0x1)
                0x9fc01000                PROVIDE (_ebase_address, 0x9fc01000)
                0xbfc00000                _RESET_ADDR = 0xbfc00000
                0xbfc00380                _BEV_EXCPT_ADDR = 0xbfc00380
                0xbfc00480                _DBG_EXCPT_ADDR = 0xbfc00480
                0xbfc02000                _DBG_CODE_ADDR = 0xbfc02000
                0x00000ff0                _DBG_CODE_SIZE = 0xff0
                0x9fc01180                _GEN_EXCPT_ADDR = (_ebase_address + 0x180)

.config_BFC02FF0
                0xbfc02ff0        0x4
 *(.config_BFC02FF0)
 .config_BFC02FF0
                0xbfc02ff0        0x4 build/default/production/_ext/1472/main.o

.config_BFC02FF4
                0xbfc02ff4        0x4
 *(.config_BFC02FF4)
 .config_BFC02FF4
                0xbfc02ff4        0x4 build/default/production/_ext/1472/main.o

.config_BFC02FF8
                0xbfc02ff8        0x4
 *(.config_BFC02FF8)
 .config_BFC02FF8
                0xbfc02ff8        0x4 build/default/production/_ext/1472/main.o

.config_BFC02FFC
                0xbfc02ffc        0x4
 *(.config_BFC02FFC)
 .config_BFC02FFC
                0xbfc02ffc        0x4 build/default/production/_ext/1472/main.o
                0xbfc02000                PROVIDE (_DBG_CODE_ADDR, 0xbfc02000)
                0x00000ff0                PROVIDE (_DBG_CODE_SIZE, 0xff0)

.reset          0xbfc00000      0x19c
 *(.reset)
 .reset         0xbfc00000        0x8 /var/folders/nb/nscgpnq50m3_t2k_4gt8dg080000gn/T//ccf3cZxI.o
                0xbfc00000                _reset
 *(.reset.startup)
 .reset.startup
                0xbfc00008      0x194 /var/folders/nb/nscgpnq50m3_t2k_4gt8dg080000gn/T//ccf3cZxI.o
                0xbfc00008                _startup

.bev_excpt      0xbfc00380       0x10
 *(.bev_handler)
 .bev_handler   0xbfc00380       0x10 /var/folders/nb/nscgpnq50m3_t2k_4gt8dg080000gn/T//ccf3cZxI.o

.dbg_excpt      0xbfc00480        0x0
                0xbfc00480                . = (. + DEFINED (_DEBUGGER)?0x8:0x0)

.dbg_code       0xbfc02000        0x0
                0xbfc02000                . = (. + DEFINED (_DEBUGGER)?_DBG_CODE_SIZE:0x0)

.app_excpt      0x9fc01180       0x10
 *(.gen_handler)
 .gen_handler   0x9fc01180       0x10 /var/folders/nb/nscgpnq50m3_t2k_4gt8dg080000gn/T//ccf3cZxI.o

.vector_0       0x9fc01200        0x8
 *(.vector_0)
 .vector_0      0x9fc01200        0x8 /Applications/microchip/xc32/v2.41/bin/bin/../../lib/gcc/pic32mx/4.8.3/../../../../pic32mx/lib/speed/libpic32.a(vector0.o)
                0x9fc01200                __vector_dispatch_0
                0x00000001                ASSERT (((_vector_spacing == 0x0) || (SIZEOF (.vector_0) <= (_vector_spacing << 0x5))), function at exception vector 0 too large)

.vector_1       0x9fc01220        0x8
 *(.vector_1)
 .vector_1      0x9fc01220        0x8 /Applications/microchip/xc32/v2.41/bin/bin/../../lib/gcc/pic32mx/4.8.3/../../../../pic32mx/lib/speed/libpic32.a(vector1.o)
                0x9fc01220                __vector_dispatch_1
                0x00000001                ASSERT (((_vector_spacing == 0x0) || (SIZEOF (.vector_1) <= (_vector_spacing << 0x5))), function at exception vector 1 too large)

.vector_2       0x9fc01240        0x8
 *(.vector_2)
 .vector_2      0x9fc01240        0x8 /Applications/microchip/xc32/v2.41/bin/bin/../../lib/gcc/pic32mx/4.8.3/../../../../pic32mx/lib/speed/libpic32.a(vector2.o)
                0x9fc01240                __vector_dispatch_2
                0x00000001                ASSERT (((_vector_spacing == 0x0) || (SIZEOF (.vector_2) <= (_vector_spacing << 0x5))), function at exception vector 2 too large)

.vector_3       0x9fc01260        0x8
 *(.vector_3)
 .vector_3      0x9fc01260        0x8 /Applications/microchip/xc32/v2.41/bin/bin/../../lib/gcc/pic32mx/4.8.3/../../../../pic32mx/lib/speed/libpic32.a(vector3.o)
                0x9fc01260                __vector_dispatch_3
                0x00000001                ASSERT (((_vector_spacing == 0x0) || (SIZEOF (.vector_3) <= (_vector_spacing << 0x5))), function at exception vector 3 too large)

.vector_4       0x9fc01280        0x8
 *(.vector_4)
 .vector_4      0x9fc01280        0x8 build/default/production/_ext/1472/interrupts.o
                0x9fc01280                __vector_dispatch_4
                0x00000001                ASSERT (((_vector_spacing == 0x0) || (SIZEOF (.vector_4) <= (_vector_spacing << 0x5))), function at exception vector 4 too large)

.vector_5       0x9fc012a0        0x8
 *(.vector_5)
 .vector_5      0x9fc012a0        0x8 /Applications/microchip/xc32/v2.41/bin/bin/../../lib/gcc/pic32mx/4.8.3/../../../../pic32mx/lib/speed/libpic32.a(vector5.o)
                0x9fc012a0                __vector_dispatch_5
                0x00000001                ASSERT (((_vector_spacing == 0x0) || (SIZEOF (.vector_5) <= (_vector_spacing << 0x5))), function at exception vector 5 too large)

.vector_6       0x9fc012c0        0x8
 *(.vector_6)
 .vector_6      0x9fc012c0        0x8 /Applications/microchip/xc32/v2.41/bin/bin/../../lib/gcc/pic32mx/4.8.3/../../../../pic32mx/lib/speed/libpic32.a(vector6.o)
                0x9fc012c0                __vector_dispatch_6
                0x00000001                ASSERT (((_vector_spacing == 0x0) || (SIZEOF (.vector_6) <= (_vector_spacing << 0x5))), function at exception vector 6 too large)

.vector_7       0x9fc012e0        0x8
 *(.vector_7)
 .vector_7      0x9fc012e0        0x8 /Applications/microchip/xc32/v2.41/bin/bin/../../lib/gcc/pic32mx/4.8.3/../../../../pic32mx/lib/speed/libpic32.a(vector7.o)
                0x9fc012e0                __vector_dispatch_7
                0x00000001                ASSERT (((_vector_spacing == 0x0) || (SIZEOF (.vector_7) <= (_vector_spacing << 0x5))), function at exception vector 7 too large)

.vector_8       0x9fc01300        0x8
 *(.vector_8)
 .vector_8      0x9fc01300        0x8 build/default/production/_ext/1472/interrupts.o
                0x9fc01300                __vector_dispatch_8
                0x00000001                ASSERT (((_vector_spacing == 0x0) || (SIZEOF (.vector_8) <= (_vector_spacing << 0x5))), function at exception vector 8 too large)

.vector_9       0x9fc01320        0x8
 *(.vector_9)
 .vector_9      0x9fc01320        0x8 /Applications/microchip/xc32/v2.41/bin/bin/../../lib/gcc/pic32mx/4.8.3/../../../../pic32mx/lib/speed/libpic32.a(vector9.o)
                0x9fc01320                __vector_dispatch_9
                0x00000001                ASSERT (((_vector_spacing == 0x0) || (SIZEOF (.vector_9) <= (_vector_spacing << 0x5))), function at exception vector 9 too large)

.vector_10      0x9fc01340        0x8
 *(.vector_10)
 .vector_10     0x9fc01340        0x8 /Applications/microchip/xc32/v2.41/bin/bin/../../lib/gcc/pic32mx/4.8.3/../../../../pic32mx/lib/speed/libpic32.a(vector10.o)
                0x9fc01340                __vector_dispatch_10
                0x00000001                ASSERT (((_vector_spacing == 0x0) || (SIZEOF (.vector_10) <= (_vector_spacing << 0x5))), function at exception vector 10 too large)

.vector_11      0x9fc01360        0x8
 *(.vector_11)
 .vector_11     0x9fc01360        0x8 /Applications/microchip/xc32/v2.41/bin/bin/../../lib/gcc/pic32mx/4.8.3/../../../../pic32mx/lib/speed/libpic32.a(vector11.o)
                0x9fc01360                __vector_dispatch_11
                0x00000001                ASSERT (((_vector_spacing == 0x0) || (SIZEOF (.vector_11) <= (_vector_spacing << 0x5))), function at exception vector 11 too large)

.vector_12      0x9fc01380        0x8
 *(.vector_12)
 .vector_12     0x9fc01380        0x8 build/default/production/_ext/1472/interrupts.o
                0x9fc01380                __vector_dispatch_12
                0x00000001                ASSERT (((_vector_spacing == 0x0) || (SIZEOF (.vector_12) <= (_vector_spacing << 0x5))), function at exception vector 12 too large)

.vector_13      0x9fc013a0        0x8
 *(.vector_13)
 .vector_13     0x9fc013a0        0x8 /Applications/microchip/xc32/v2.41/bin/bin/../../lib/gcc/pic32mx/4.8.3/../../../../pic32mx/lib/speed/libpic32.a(vector13.o)
                0x9fc013a0                __vector_dispatch_13
                0x00000001                ASSERT (((_vector_spacing == 0x0) || (SIZEOF (.vector_13) <= (_vector_spacing << 0x5))), function at exception vector 13 too large)

.vector_14      0x9fc013c0        0x8
 *(.vector_14)
 .vector_14     0x9fc013c0        0x8 /Applications/microchip/xc32/v2.41/bin/bin/../../lib/gcc/pic32mx/4.8.3/../../../../pic32mx/lib/speed/libpic32.a(vector14.o)
                0x9fc013c0                __vector_dispatch_14
                0x00000001                ASSERT (((_vector_spacing == 0x0) || (SIZEOF (.vector_14) <= (_vector_spacing << 0x5))), function at exception vector 14 too large)

.vector_15      0x9fc013e0        0x8
 *(.vector_15)
 .vector_15     0x9fc013e0        0x8 /Applications/microchip/xc32/v2.41/bin/bin/../../lib/gcc/pic32mx/4.8.3/../../../../pic32mx/lib/speed/libpic32.a(vector15.o)
                0x9fc013e0                __vector_dispatch_15
                0x00000001                ASSERT (((_vector_spacing == 0x0) || (SIZEOF (.vector_15) <= (_vector_spacing << 0x5))), function at exception vector 15 too large)

.vector_16      0x9fc01400        0x8
 *(.vector_16)
 .vector_16     0x9fc01400        0x8 build/default/production/_ext/1472/interrupts.o
                0x9fc01400                __vector_dispatch_16
                0x00000001                ASSERT (((_vector_spacing == 0x0) || (SIZEOF (.vector_16) <= (_vector_spacing << 0x5))), function at exception vector 16 too large)

.vector_17      0x9fc01420        0x8
 *(.vector_17)
 .vector_17     0x9fc01420        0x8 /Applications/microchip/xc32/v2.41/bin/bin/../../lib/gcc/pic32mx/4.8.3/../../../../pic32mx/lib/speed/libpic32.a(vector17.o)
                0x9fc01420                __vector_dispatch_17
                0x00000001                ASSERT (((_vector_spacing == 0x0) || (SIZEOF (.vector_17) <= (_vector_spacing << 0x5))), function at exception vector 17 too large)

.vector_18      0x9fc01440        0x8
 *(.vector_18)
 .vector_18     0x9fc01440        0x8 /Applications/microchip/xc32/v2.41/bin/bin/../../lib/gcc/pic32mx/4.8.3/../../../../pic32mx/lib/speed/libpic32.a(vector18.o)
                0x9fc01440                __vector_dispatch_18
                0x00000001                ASSERT (((_vector_spacing == 0x0) || (SIZEOF (.vector_18) <= (_vector_spacing << 0x5))), function at exception vector 18 too large)

.vector_19      0x9fc01460        0x8
 *(.vector_19)
 .vector_19     0x9fc01460        0x8 /Applications/microchip/xc32/v2.41/bin/bin/../../lib/gcc/pic32mx/4.8.3/../../../../pic32mx/lib/speed/libpic32.a(vector19.o)
                0x9fc01460                __vector_dispatch_19
                0x00000001                ASSERT (((_vector_spacing == 0x0) || (SIZEOF (.vector_19) <= (_vector_spacing << 0x5))), function at exception vector 19 too large)

.vector_20      0x9fc01480        0x8
 *(.vector_20)
 .vector_20     0x9fc01480        0x8 build/default/production/_ext/1472/interrupts.o
                0x9fc01480                __vector_dispatch_20
                0x00000001                ASSERT (((_vector_spacing == 0x0) || (SIZEOF (.vector_20) <= (_vector_spacing << 0x5))), function at exception vector 20 too large)

.vector_21      0x9fc014a0        0x8
 *(.vector_21)
 .vector_21     0x9fc014a0        0x8 /Applications/microchip/xc32/v2.41/bin/bin/../../lib/gcc/pic32mx/4.8.3/../../../../pic32mx/lib/speed/libpic32.a(vector21.o)
                0x9fc014a0                __vector_dispatch_21
                0x00000001                ASSERT (((_vector_spacing == 0x0) || (SIZEOF (.vector_21) <= (_vector_spacing << 0x5))), function at exception vector 21 too large)

.vector_22      0x9fc014c0        0x8
 *(.vector_22)
 .vector_22     0x9fc014c0        0x8 /Applications/microchip/xc32/v2.41/bin/bin/../../lib/gcc/pic32mx/4.8.3/../../../../pic32mx/lib/speed/libpic32.a(vector22.o)
                0x9fc014c0                __vector_dispatch_22
                0x00000001                ASSERT (((_vector_spacing == 0x0) || (SIZEOF (.vector_22) <= (_vector_spacing << 0x5))), function at exception vector 22 too large)

.vector_23      0x9fc014e0        0x8
 *(.vector_23)
 .vector_23     0x9fc014e0        0x8 build/default/production/_ext/1472/interrupts.o
                0x9fc014e0                __vector_dispatch_23
                0x00000001                ASSERT (((_vector_spacing == 0x0) || (SIZEOF (.vector_23) <= (_vector_spacing << 0x5))), function at exception vector 23 too large)

.vector_24      0x9fc01500        0x8
 *(.vector_24)
 .vector_24     0x9fc01500        0x8 build/default/production/_ext/1472/interrupts.o
                0x9fc01500                __vector_dispatch_24
                0x00000001                ASSERT (((_vector_spacing == 0x0) || (SIZEOF (.vector_24) <= (_vector_spacing << 0x5))), function at exception vector 24 too large)

.vector_25      0x9fc01520        0x8
 *(.vector_25)
 .vector_25     0x9fc01520        0x8 build/default/production/_ext/1472/interrupts.o
                0x9fc01520                __vector_dispatch_25
                0x00000001                ASSERT (((_vector_spacing == 0x0) || (SIZEOF (.vector_25) <= (_vector_spacing << 0x5))), function at exception vector 25 too large)

.vector_26      0x9fc01540        0x8
 *(.vector_26)
 .vector_26     0x9fc01540        0x8 build/default/production/_ext/1472/interrupts.o
                0x9fc01540                __vector_dispatch_26
                0x00000001                ASSERT (((_vector_spacing == 0x0) || (SIZEOF (.vector_26) <= (_vector_spacing << 0x5))), function at exception vector 26 too large)

.vector_27      0x9fc01560        0x8
 *(.vector_27)
 .vector_27     0x9fc01560        0x8 build/default/production/_ext/1472/interrupts.o
                0x9fc01560                __vector_dispatch_27
                0x00000001                ASSERT (((_vector_spacing == 0x0) || (SIZEOF (.vector_27) <= (_vector_spacing << 0x5))), function at exception vector 27 too large)

.vector_28      0x9fc01580        0x8
 *(.vector_28)
 .vector_28     0x9fc01580        0x8 /Applications/microchip/xc32/v2.41/bin/bin/../../lib/gcc/pic32mx/4.8.3/../../../../pic32mx/lib/speed/libpic32.a(vector28.o)
                0x9fc01580                __vector_dispatch_28
                0x00000001                ASSERT (((_vector_spacing == 0x0) || (SIZEOF (.vector_28) <= (_vector_spacing << 0x5))), function at exception vector 28 too large)

.vector_29      0x9fc015a0        0x8
 *(.vector_29)
 .vector_29     0x9fc015a0        0x8 /Applications/microchip/xc32/v2.41/bin/bin/../../lib/gcc/pic32mx/4.8.3/../../../../pic32mx/lib/speed/libpic32.a(vector29.o)
                0x9fc015a0                __vector_dispatch_29
                0x00000001                ASSERT (((_vector_spacing == 0x0) || (SIZEOF (.vector_29) <= (_vector_spacing << 0x5))), function at exception vector 29 too large)

.vector_30      0x9fc015c0        0x8
 *(.vector_30)
 .vector_30     0x9fc015c0        0x8 /Applications/microchip/xc32/v2.41/bin/bin/../../lib/gcc/pic32mx/4.8.3/../../../../pic32mx/lib/speed/libpic32.a(vector30.o)
                0x9fc015c0                __vector_dispatch_30
                0x00000001                ASSERT (((_vector_spacing == 0x0) || (SIZEOF (.vector_30) <= (_vector_spacing << 0x5))), function at exception vector 30 too large)

.vector_31      0x9fc015e0        0x8
 *(.vector_31)
 .vector_31     0x9fc015e0        0x8 build/default/production/_ext/1472/interrupts.o
                0x9fc015e0                __vector_dispatch_31
                0x00000001                ASSERT (((_vector_spacing == 0x0) || (SIZEOF (.vector_31) <= (_vector_spacing << 0x5))), function at exception vector 31 too large)

.vector_32      0x9fc01600        0x8
 *(.vector_32)
 .vector_32     0x9fc01600        0x8 build/default/production/_ext/1472/interrupts.o
                0x9fc01600                __vector_dispatch_32
                0x00000001                ASSERT (((_vector_spacing == 0x0) || (SIZEOF (.vector_32) <= (_vector_spacing << 0x5))), function at exception vector 32 too large)

.vector_33      0x9fc01620        0x8
 *(.vector_33)
 .vector_33     0x9fc01620        0x8 build/default/production/_ext/1472/interrupts.o
                0x9fc01620                __vector_dispatch_33
                0x00000001                ASSERT (((_vector_spacing == 0x0) || (SIZEOF (.vector_33) <= (_vector_spacing << 0x5))), function at exception vector 33 too large)

.vector_34      0x9fc01640        0x8
 *(.vector_34)
 .vector_34     0x9fc01640        0x8 /Applications/microchip/xc32/v2.41/bin/bin/../../lib/gcc/pic32mx/4.8.3/../../../../pic32mx/lib/speed/libpic32.a(vector34.o)
                0x9fc01640                __vector_dispatch_34
                0x00000001                ASSERT (((_vector_spacing == 0x0) || (SIZEOF (.vector_34) <= (_vector_spacing << 0x5))), function at exception vector 34 too large)

.vector_35      0x9fc01660        0x8
 *(.vector_35)
 .vector_35     0x9fc01660        0x8 /Applications/microchip/xc32/v2.41/bin/bin/../../lib/gcc/pic32mx/4.8.3/../../../../pic32mx/lib/speed/libpic32.a(vector35.o)
                0x9fc01660                __vector_dispatch_35
                0x00000001                ASSERT (((_vector_spacing == 0x0) || (SIZEOF (.vector_35) <= (_vector_spacing << 0x5))), function at exception vector 35 too large)

.vector_36      0x9fc01680        0x8
 *(.vector_36)
 .vector_36     0x9fc01680        0x8 build/default/production/_ext/1472/interrupts.o
                0x9fc01680                __vector_dispatch_36
                0x00000001                ASSERT (((_vector_spacing == 0x0) || (SIZEOF (.vector_36) <= (_vector_spacing << 0x5))), function at exception vector 36 too large)

.vector_37      0x9fc016a0        0x8
 *(.vector_37)
 .vector_37     0x9fc016a0        0x8 build/default/production/_ext/1472/interrupts.o
                0x9fc016a0                __vector_dispatch_37
                0x00000001                ASSERT (((_vector_spacing == 0x0) || (SIZEOF (.vector_37) <= (_vector_spacing << 0x5))), function at exception vector 37 too large)

.vector_38      0x9fc016c0        0x8
 *(.vector_38)
 .vector_38     0x9fc016c0        0x8 build/default/production/_ext/1472/interrupts.o
                0x9fc016c0                __vector_dispatch_38
                0x00000001                ASSERT (((_vector_spacing == 0x0) || (SIZEOF (.vector_38) <= (_vector_spacing << 0x5))), function at exception vector 38 too large)

.vector_39      0x9fc016e0        0x8
 *(.vector_39)
 .vector_39     0x9fc016e0        0x8 build/default/production/_ext/1472/interrupts.o
                0x9fc016e0                __vector_dispatch_39
                0x00000001                ASSERT (((_vector_spacing == 0x0) || (SIZEOF (.vector_39) <= (_vector_spacing << 0x5))), function at exception vector 39 too large)

.vector_40      0x9fc01700        0x8
 *(.vector_40)
 .vector_40     0x9fc01700        0x8 build/default/production/_ext/1472/interrupts.o
                0x9fc01700                __vector_dispatch_40
                0x00000001                ASSERT (((_vector_spacing == 0x0) || (SIZEOF (.vector_40) <= (_vector_spacing << 0x5))), function at exception vector 40 too large)

.vector_41      0x9fc01720        0x8
 *(.vector_41)
 .vector_41     0x9fc01720        0x8 build/default/production/_ext/1472/interrupts.o
                0x9fc01720                __vector_dispatch_41
                0x00000001                ASSERT (((_vector_spacing == 0x0) || (SIZEOF (.vector_41) <= (_vector_spacing << 0x5))), function at exception vector 41 too large)

.vector_42      0x9fc01740        0x8
 *(.vector_42)
 .vector_42     0x9fc01740        0x8 build/default/production/_ext/1472/interrupts.o
                0x9fc01740                __vector_dispatch_42
                0x00000001                ASSERT (((_vector_spacing == 0x0) || (SIZEOF (.vector_42) <= (_vector_spacing << 0x5))), function at exception vector 42 too large)

.vector_43      0x9fc01760        0x8
 *(.vector_43)
 .vector_43     0x9fc01760        0x8 build/default/production/_ext/1472/interrupts.o
                0x9fc01760                __vector_dispatch_43
                0x00000001                ASSERT (((_vector_spacing == 0x0) || (SIZEOF (.vector_43) <= (_vector_spacing << 0x5))), function at exception vector 43 too large)

.vector_44      0x9fc01780        0x8
 *(.vector_44)
 .vector_44     0x9fc01780        0x8 /Applications/microchip/xc32/v2.41/bin/bin/../../lib/gcc/pic32mx/4.8.3/../../../../pic32mx/lib/speed/libpic32.a(vector44.o)
                0x9fc01780                __vector_dispatch_44
                0x00000001                ASSERT (((_vector_spacing == 0x0) || (SIZEOF (.vector_44) <= (_vector_spacing << 0x5))), function at exception vector 44 too large)

.vector_45      0x9fc017a0        0x8
 *(.vector_45)
 .vector_45     0x9fc017a0        0x8 /Applications/microchip/xc32/v2.41/bin/bin/../../lib/gcc/pic32mx/4.8.3/../../../../pic32mx/lib/speed/libpic32.a(vector45.o)
                0x9fc017a0                __vector_dispatch_45
                0x00000001                ASSERT (((_vector_spacing == 0x0) || (SIZEOF (.vector_45) <= (_vector_spacing << 0x5))), function at exception vector 45 too large)

.vector_46      0x9fc017c0        0x8
 *(.vector_46)
 .vector_46     0x9fc017c0        0x8 build/default/production/_ext/1472/interrupts.o
                0x9fc017c0                __vector_dispatch_46
                0x00000001                ASSERT (((_vector_spacing == 0x0) || (SIZEOF (.vector_46) <= (_vector_spacing << 0x5))), function at exception vector 46 too large)

.vector_47      0x9fc017e0        0x8
 *(.vector_47)
 .vector_47     0x9fc017e0        0x8 build/default/production/_ext/1472/interrupts.o
                0x9fc017e0                __vector_dispatch_47
                0x00000001                ASSERT (((_vector_spacing == 0x0) || (SIZEOF (.vector_47) <= (_vector_spacing << 0x5))), function at exception vector 47 too large)

.vector_48      0x9fc01800        0x8
 *(.vector_48)
 .vector_48     0x9fc01800        0x8 /Applications/microchip/xc32/v2.41/bin/bin/../../lib/gcc/pic32mx/4.8.3/../../../../pic32mx/lib/speed/libpic32.a(vector48.o)
                0x9fc01800                __vector_dispatch_48
                0x00000001                ASSERT (((_vector_spacing == 0x0) || (SIZEOF (.vector_48) <= (_vector_spacing << 0x5))), function at exception vector 48 too large)

.vector_49      0x9fc01820        0x8
 *(.vector_49)
 .vector_49     0x9fc01820        0x8 build/default/production/_ext/1472/interrupts.o
                0x9fc01820                __vector_dispatch_49
                0x00000001                ASSERT (((_vector_spacing == 0x0) || (SIZEOF (.vector_49) <= (_vector_spacing << 0x5))), function at exception vector 49 too large)

.vector_50      0x9fc01840        0x8
 *(.vector_50)
 .vector_50     0x9fc01840        0x8 build/default/production/_ext/1472/interrupts.o
                0x9fc01840                __vector_dispatch_50
                0x00000001                ASSERT (((_vector_spacing == 0x0) || (SIZEOF (.vector_50) <= (_vector_spacing << 0x5))), function at exception vector 50 too large)

.vector_51      0x9fc01860        0x8
 *(.vector_51)
 .vector_51     0x9fc01860        0x8 build/default/production/_ext/1472/interrupts.o
                0x9fc01860                __vector_dispatch_51
                0x00000001                ASSERT (((_vector_spacing == 0x0) || (SIZEOF (.vector_51) <= (_vector_spacing << 0x5))), function at exception vector 51 too large)

.vector_52      0x9fc01880        0x0
 *(.vector_52)
                0x00000001                ASSERT (((_vector_spacing == 0x0) || (SIZEOF (.vector_52) <= (_vector_spacing << 0x5))), function at exception vector 52 too large)

.vector_53      0x9fc018a0        0x0
 *(.vector_53)
                0x00000001                ASSERT (((_vector_spacing == 0x0) || (SIZEOF (.vector_53) <= (_vector_spacing << 0x5))), function at exception vector 53 too large)

.vector_54      0x9fc018c0        0x0
 *(.vector_54)
                0x00000001                ASSERT (((_vector_spacing == 0x0) || (SIZEOF (.vector_54) <= (_vector_spacing << 0x5))), function at exception vector 54 too large)

.vector_55      0x9fc018e0        0x0
 *(.vector_55)
                0x00000001                ASSERT (((_vector_spacing == 0x0) || (SIZEOF (.vector_55) <= (_vector_spacing << 0x5))), function at exception vector 55 too large)

.vector_56      0x9fc01900        0x0
 *(.vector_56)
                0x00000001                ASSERT (((_vector_spacing == 0x0) || (SIZEOF (.vector_56) <= (_vector_spacing << 0x5))), function at exception vector 56 too large)

.vector_57      0x9fc01920        0x0
 *(.vector_57)
                0x00000001                ASSERT (((_vector_spacing == 0x0) || (SIZEOF (.vector_57) <= (_vector_spacing << 0x5))), function at exception vector 57 too large)

.vector_58      0x9fc01940        0x0
 *(.vector_58)
                0x00000001                ASSERT (((_vector_spacing == 0x0) || (SIZEOF (.vector_58) <= (_vector_spacing << 0x5))), function at exception vector 58 too large)

.vector_59      0x9fc01960        0x0
 *(.vector_59)
                0x00000001                ASSERT (((_vector_spacing == 0x0) || (SIZEOF (.vector_59) <= (_vector_spacing << 0x5))), function at exception vector 59 too large)

.vector_60      0x9fc01980        0x0
 *(.vector_60)
                0x00000001                ASSERT (((_vector_spacing == 0x0) || (SIZEOF (.vector_60) <= (_vector_spacing << 0x5))), function at exception vector 60 too large)

.vector_61      0x9fc019a0        0x0
 *(.vector_61)
                0x00000001                ASSERT (((_vector_spacing == 0x0) || (SIZEOF (.vector_61) <= (_vector_spacing << 0x5))), function at exception vector 61 too large)

.vector_62      0x9fc019c0        0x0
 *(.vector_62)
                0x00000001                ASSERT (((_vector_spacing == 0x0) || (SIZEOF (.vector_62) <= (_vector_spacing << 0x5))), function at exception vector 62 too large)

.vector_63      0x9fc019e0        0x0
 *(.vector_63)
                0x00000001                ASSERT (((_vector_spacing == 0x0) || (SIZEOF (.vector_63) <= (_vector_spacing << 0x5))), function at exception vector 63 too large)

.startup
 *(.startup)

.text           0x9d000000        0x0
 *(.stub .gnu.linkonce.t.*)
 *(.text.*personality*)
 *(.mips16.fn.*)
 *(.mips16.call.*)
 *(.gnu.warning)
                0x9d000000                . = ALIGN (0x4)

.init           0x9d000000        0x0
 *crti.o(.init)
 *crtbegin.o(.init)
 *(EXCLUDE_FILE(*crtn.o *crtend?.o *crtend.o) .init)
 *crtend.o(.init)
 *crtn.o(.init)
                0x9d000000                . = ALIGN (0x4)

.fini           0x9d000000        0x0
 *(.fini)
                0x9d000000                . = ALIGN (0x4)

.preinit_array  0x9d000000        0x0
                0x9d000000                PROVIDE (__preinit_array_start, .)
 *(.preinit_array)
                0x9d000000                PROVIDE (__preinit_array_end, .)
                0x9d000000                . = ALIGN (0x4)

.init_array     0x9d000000        0x0
                0x9d000000                PROVIDE (__init_array_start, .)
 *(SORT(.init_array.*))
 *(.init_array)
                0x9d000000                PROVIDE (__init_array_end, .)
                0x9d000000                . = ALIGN (0x4)

.fini_array     0x9d000000        0x0
                0x9d000000                PROVIDE (__fini_array_start, .)
 *(SORT(.fini_array.*))
 *(.fini_array)
                0x9d000000                PROVIDE (__fini_array_end, .)
                0x9d000000                . = ALIGN (0x4)

.ctors          0x9d000000        0x0
 *crtbegin.o(.ctors)
 *crtbegin?.o(.ctors)
 *(EXCLUDE_FILE(*crtend?.o *crtend.o) .ctors)
 *(SORT(.ctors.*))
 *(.ctors)
                0x9d000000                . = ALIGN (0x4)

.dtors          0x9d000000        0x0
 *crtbegin.o(.dtors)
 *crtbegin?.o(.dtors)
 *(EXCLUDE_FILE(*crtend?.o *crtend.o) .dtors)
 *(SORT(.dtors.*))
 *(.dtors)
                0x9d000000                . = ALIGN (0x4)

.rodata         0x9d000000        0x0
 *(.gnu.linkonce.r.*)
 *(.rodata1)
                0x9d000000                . = ALIGN (0x4)

.sdata2         0x9fc00490        0x0
 *(.sdata2 .sdata2.* .gnu.linkonce.s2.*)
                0x9fc00490                . = ALIGN (0x4)

.sbss2          0x9fc00490        0x0
 *(.sbss2 .sbss2.* .gnu.linkonce.sb2.*)
                0x9fc00490                . = ALIGN (0x4)

.eh_frame_hdr
 *(.eh_frame_hdr)
                0x9fc00490                . = ALIGN (0x4)

.eh_frame
 *(.eh_frame)
                0x9fc00490                . = ALIGN (0x4)

.gcc_except_table
 *(.gcc_except_table .gcc_except_table.*)
                0x9fc00490                . = ALIGN (0x4)

.dbg_data       0xa0000000        0x0
                0xa0000000                . = (. + DEFINED (_DEBUGGER)?0x200:0x0)

.jcr            0xa0000000        0x0
 *(.jcr)
                0xa0000000                . = ALIGN (0x4)

.eh_frame
 *(.eh_frame)
                0xa0000000                . = ALIGN (0x4)

.gcc_except_table
 *(.gcc_except_table .gcc_except_table.*)
                0xa0000000                . = ALIGN (0x4)

.persist        0xa0000000        0x0
                0xa0000000                _persist_begin = .
 *(.persist .persist.*)
 *(.pbss .pbss.*)
                0xa0000000                . = ALIGN (0x4)
                0xa0000000                _persist_end = .

.data           0xa0000000        0x0
 *(.gnu.linkonce.d.*)
 *(.data1)
                0xa0000000                . = ALIGN (0x4)
                0xa0000000                . = .
                0xa0007ff0                _gp = (ALIGN (0x10) + 0x7ff0)

.got            0xa0000000        0x0
 *(.got.plt)
 *(.got)
                0xa0000000                . = ALIGN (0x4)

.sdata          0xa0000000       0x10
                0xa0000000                _sdata_begin = .
 *(.sdata .sdata.* .gnu.linkonce.s.*)
 .sdata         0xa0000000        0x8 ../../PLIB2_GIT/PLIB.X/dist/default/production/PLIB.X.a(_LOG.o)
 .sdata         0xa0000008        0x8 ../../PLIB2_GIT/PLIB.X/dist/default/production/PLIB.X.a(ble.o)
                0xa0000010                . = ALIGN (0x4)
                0xa0000010                _sdata_end = .

.lit8
 *(.lit8)

.lit4
 *(.lit4)
                0xa0000010                . = ALIGN (0x4)
                0xa0000010                _data_end = .
                0xa0000010                _bss_begin = .

.sbss           0xa0000010       0xec
                0xa0000010                _sbss_begin = .
 *(.dynsbss)
 *(.sbss .sbss.* .gnu.linkonce.sb.*)
 .sbss          0xa0000010       0x30 build/default/production/_ext/1472/main.o
 .sbss          0xa0000040       0x58 ../../PLIB2_GIT/PLIB.X/dist/default/production/PLIB.X.a(sd_card.o)
 .sbss          0xa0000098        0x4 ../../PLIB2_GIT/PLIB.X/dist/default/production/PLIB.X.a(ble.o)
 *fill*         0xa000009c        0x4 
 .sbss          0xa00000a0       0x10 ../../PLIB2_GIT/PLIB.X/dist/default/production/PLIB.X.a(utilities.o)
 .sbss          0xa00000b0        0x4 ../../PLIB2_GIT/PLIB.X/dist/default/production/PLIB.X.a(s17_adc.o)
 .sbss          0xa00000b4        0x4 ../../PLIB2_GIT/PLIB.X/dist/default/production/PLIB.X.a(s12_ports.o)
 .sbss          0xa00000b8        0x8 ../../PLIB2_GIT/PLIB.X/dist/default/production/PLIB.X.a(s31_dma.o)
 .sbss          0xa00000c0        0x4 ../../PLIB2_GIT/PLIB.X/dist/default/production/PLIB.X.a(s08_interrupts.o)
                0xa00000c0                p_irq_data_priority
 .sbss          0xa00000c4        0x8 ../../PLIB2_GIT/PLIB.X/dist/default/production/PLIB.X.a(s34_can.o)
 *(.scommon)
 *fill*         0xa00000cc        0x4 
 .scommon       0xa00000d0       0x2c build/default/production/_ext/1472/config.o
                0xa00000d0                __led_status
                0xa00000d1                __current
                0xa00000d8                getTick
                0xa00000e0                __speed
                0xa00000e8                getLastCompare
                0xa00000f0                getTime
                0xa00000f8                __voltage
                0xa00000fa                __temperature
 .scommon       0xa00000fc        0x0 build/default/production/_ext/1472/interrupts.o
 .scommon       0xa00000fc        0x0 build/default/production/_ext/1472/main.o
 .scommon       0xa00000fc        0x0 ../../PLIB2_GIT/PLIB.X/dist/default/production/PLIB.X.a(_LOG.o)
 .scommon       0xa00000fc        0x0 ../../PLIB2_GIT/PLIB.X/dist/default/production/PLIB.X.a(sd_card.o)
 .scommon       0xa00000fc        0x0 ../../PLIB2_GIT/PLIB.X/dist/default/production/PLIB.X.a(ble.o)
 .scommon       0xa00000fc        0x0 ../../PLIB2_GIT/PLIB.X/dist/default/production/PLIB.X.a(utilities.o)
 .scommon       0xa00000fc        0x0 ../../PLIB2_GIT/PLIB.X/dist/default/production/PLIB.X.a(crc_16.o)
 .scommon       0xa00000fc        0x0 ../../PLIB2_GIT/PLIB.X/dist/default/production/PLIB.X.a(s14_timers.o)
 .scommon       0xa00000fc        0x0 ../../PLIB2_GIT/PLIB.X/dist/default/production/PLIB.X.a(s23_spi.o)
 .scommon       0xa00000fc        0x0 ../../PLIB2_GIT/PLIB.X/dist/default/production/PLIB.X.a(s17_adc.o)
 .scommon       0xa00000fc        0x0 ../../PLIB2_GIT/PLIB.X/dist/default/production/PLIB.X.a(s16_output_compare.o)
 .scommon       0xa00000fc        0x0 ../../PLIB2_GIT/PLIB.X/dist/default/production/PLIB.X.a(s24_i2c.o)
 .scommon       0xa00000fc        0x0 ../../PLIB2_GIT/PLIB.X/dist/default/production/PLIB.X.a(s12_ports.o)
 .scommon       0xa00000fc        0x0 ../../PLIB2_GIT/PLIB.X/dist/default/production/PLIB.X.a(s21_uart.o)
 .scommon       0xa00000fc        0x0 ../../PLIB2_GIT/PLIB.X/dist/default/production/PLIB.X.a(s31_dma.o)
 .scommon       0xa00000fc        0x0 ../../PLIB2_GIT/PLIB.X/dist/default/production/PLIB.X.a(s07_resets.o)
 .scommon       0xa00000fc        0x0 ../../PLIB2_GIT/PLIB.X/dist/default/production/PLIB.X.a(s08_interrupts.o)
 .scommon       0xa00000fc        0x0 ../../PLIB2_GIT/PLIB.X/dist/default/production/PLIB.X.a(s00_system.o)
 .scommon       0xa00000fc        0x0 ../../PLIB2_GIT/PLIB.X/dist/default/production/PLIB.X.a(s34_can.o)
 .scommon       0xa00000fc        0x0 ../../PLIB2_GIT/PLIB.X/dist/default/production/PLIB.X.a(errors.o)
                0xa00000fc                _sbss_end = .
                0xa00000fc                . = ALIGN (0x4)

.bss            0xa00000fc        0x0
 *(.dynbss)
 *(COMMON)
                0xa00000fc                . = ALIGN ((. != 0x0)?0x4:0x1)
                0xa00000fc                . = ALIGN (0x4)
                0xa00000fc                _end = .
                0xa00000fc                _bss_end = .
                0x00020000                _bmxdudba_address = 0x20000
                0x00020000                _bmxdupba_address = 0x20000

/DISCARD/
 *(.pdr)
 *(.rel.dyn)
 *(.note.GNU-stack)
 *(.note.GNU-stack)
 *(.gnu_debuglink)
 *(.gnu.lto_*)
 *(.discard)

.gptab.sdata
 *(.gptab.data)
 *(.gptab.sdata)

.gptab.sbss
 *(.gptab.bss)
 *(.gptab.sbss)

.mdebug.abi32   0xa00000fc        0x0
 *(.mdebug.abi32)
 .mdebug.abi32  0xa00000fc        0x0 build/default/production/_ext/1472/config.o
 .mdebug.abi32  0xa00000fc        0x0 build/default/production/_ext/1472/interrupts.o
 .mdebug.abi32  0xa00000fc        0x0 build/default/production/_ext/1472/main.o
 .mdebug.abi32  0xa00000fc        0x0 ../../PLIB2_GIT/PLIB.X/dist/default/production/PLIB.X.a(_LOG.o)
 .mdebug.abi32  0xa00000fc        0x0 ../../PLIB2_GIT/PLIB.X/dist/default/production/PLIB.X.a(sd_card.o)
 .mdebug.abi32  0xa00000fc        0x0 ../../PLIB2_GIT/PLIB.X/dist/default/production/PLIB.X.a(ble.o)
 .mdebug.abi32  0xa00000fc        0x0 ../../PLIB2_GIT/PLIB.X/dist/default/production/PLIB.X.a(utilities.o)
 .mdebug.abi32  0xa00000fc        0x0 ../../PLIB2_GIT/PLIB.X/dist/default/production/PLIB.X.a(crc_16.o)
 .mdebug.abi32  0xa00000fc        0x0 ../../PLIB2_GIT/PLIB.X/dist/default/production/PLIB.X.a(s14_timers.o)
 .mdebug.abi32  0xa00000fc        0x0 ../../PLIB2_GIT/PLIB.X/dist/default/production/PLIB.X.a(s23_spi.o)
 .mdebug.abi32  0xa00000fc        0x0 ../../PLIB2_GIT/PLIB.X/dist/default/production/PLIB.X.a(s17_adc.o)
 .mdebug.abi32  0xa00000fc        0x0 ../../PLIB2_GIT/PLIB.X/dist/default/production/PLIB.X.a(s16_output_compare.o)
 .mdebug.abi32  0xa00000fc        0x0 ../../PLIB2_GIT/PLIB.X/dist/default/production/PLIB.X.a(s24_i2c.o)
 .mdebug.abi32  0xa00000fc        0x0 ../../PLIB2_GIT/PLIB.X/dist/default/production/PLIB.X.a(s12_ports.o)
 .mdebug.abi32  0xa00000fc        0x0 ../../PLIB2_GIT/PLIB.X/dist/default/production/PLIB.X.a(s21_uart.o)
 .mdebug.abi32  0xa00000fc        0x0 ../../PLIB2_GIT/PLIB.X/dist/default/production/PLIB.X.a(s31_dma.o)
 .mdebug.abi32  0xa00000fc        0x0 ../../PLIB2_GIT/PLIB.X/dist/default/production/PLIB.X.a(s07_resets.o)
 .mdebug.abi32  0xa00000fc        0x0 ../../PLIB2_GIT/PLIB.X/dist/default/production/PLIB.X.a(s08_interrupts.o)
 .mdebug.abi32  0xa00000fc        0x0 ../../PLIB2_GIT/PLIB.X/dist/default/production/PLIB.X.a(s00_system.o)
 .mdebug.abi32  0xa00000fc        0x0 ../../PLIB2_GIT/PLIB.X/dist/default/production/PLIB.X.a(s34_can.o)
 .mdebug.abi32  0xa00000fc        0x0 ../../PLIB2_GIT/PLIB.X/dist/default/production/PLIB.X.a(errors.o)
 .mdebug.abi32  0xa00000fc        0x0 /Applications/microchip/xc32/v2.41/bin/bin/../../lib/gcc/pic32mx/4.8.3/speed/libgcc.a(_udivdi3.o)
 .mdebug.abi32  0xa00000fc        0x0 /Applications/microchip/xc32/v2.41/bin/bin/../../lib/gcc/pic32mx/4.8.3/speed/libgcc.a(_umoddi3.o)
 .mdebug.abi32  0xa00000fc        0x0 /Applications/microchip/xc32/v2.41/bin/bin/../../lib/gcc/pic32mx/4.8.3/speed/libgcc.a(floatunsisf.o)
 .mdebug.abi32  0xa00000fc        0x0 /Applications/microchip/xc32/v2.41/bin/bin/../../lib/gcc/pic32mx/4.8.3/speed/libgcc.a(floatunsidf.o)
 .mdebug.abi32  0xa00000fc        0x0 /Applications/microchip/xc32/v2.41/bin/bin/../../lib/gcc/pic32mx/4.8.3/../../../../pic32mx/lib/speed/libpic32.a(default-bootstrap-exception-handler.o)
 .mdebug.abi32  0xa00000fc        0x0 /Applications/microchip/xc32/v2.41/bin/bin/../../lib/gcc/pic32mx/4.8.3/../../../../pic32mx/lib/speed/libpic32.a(default-on-reset.o)
 .mdebug.abi32  0xa00000fc        0x0 /Applications/microchip/xc32/v2.41/bin/bin/../../lib/gcc/pic32mx/4.8.3/../../../../pic32mx/lib/speed/libpic32.a(default-on-bootstrap.o)
 .mdebug.abi32  0xa00000fc        0x0 /Applications/microchip/xc32/v2.41/bin/bin/../../lib/gcc/pic32mx/4.8.3/../../../../pic32mx/lib/speed/libpic32.a(default-general-exception-handler.o)
 .mdebug.abi32  0xa00000fc        0x0 /Applications/microchip/xc32/v2.41/bin/bin/../../lib/gcc/pic32mx/4.8.3/../../../../pic32mx/lib/speed/libpic32.a(defaultinterrupt.o)
 .mdebug.abi32  0xa00000fc        0x0 /Applications/microchip/xc32/v2.41/bin/bin/../../lib/gcc/pic32mx/4.8.3/../../../../pic32mx/lib/speed/libm.a(w_pow.o)
 .mdebug.abi32  0xa00000fc        0x0 /Applications/microchip/xc32/v2.41/bin/bin/../../lib/gcc/pic32mx/4.8.3/../../../../pic32mx/lib/speed/libm.a(w_log.o)
 .mdebug.abi32  0xa00000fc        0x0 /Applications/microchip/xc32/v2.41/bin/bin/../../lib/gcc/pic32mx/4.8.3/../../../../pic32mx/lib/speed/libm.a(s_lib_ver.o)
 .mdebug.abi32  0xa00000fc        0x0 /Applications/microchip/xc32/v2.41/bin/bin/../../lib/gcc/pic32mx/4.8.3/../../../../pic32mx/lib/speed/libpic32.a(errno.o)
 .mdebug.abi32  0xa00000fc        0x0 /Applications/microchip/xc32/v2.41/bin/bin/../../lib/gcc/pic32mx/4.8.3/../../../../pic32mx/lib/speed/libpic32.a(isinf.o)
 .mdebug.abi32  0xa00000fc        0x0 /Applications/microchip/xc32/v2.41/bin/bin/../../lib/gcc/pic32mx/4.8.3/../../../../pic32mx/lib/speed/libe.a(_unorddf2.o)

.mdebug.abiN32
 *(.mdebug.abiN32)

.mdebug.abi64
 *(.mdebug.abi64)

.mdebug.abiO64
 *(.mdebug.abiO64)

.mdebug.eabi32
 *(.mdebug.eabi32)

.mdebug.eabi64
 *(.mdebug.eabi64)

.gcc_compiled_long32
 *(.gcc_compiled_long32)

.gcc_compiled_long64
 *(.gcc_compiled_long64)

.stab
 *(.stab)

.stabstr
 *(.stabstr)

.stab.excl
 *(.stab.excl)

.stab.exclstr
 *(.stab.exclstr)

.stab.index
 *(.stab.index)

.stab.indexstr
 *(.stab.indexstr)

.comment        0x00000000       0xbb
 *(.comment)
 .comment       0x00000000       0x3c build/default/production/_ext/1472/config.o
                                 0x3d (size before relaxing)
 .comment       0x00000000       0x3d build/default/production/_ext/1472/interrupts.o
 .comment       0x00000000       0x3d build/default/production/_ext/1472/main.o
 .comment       0x00000000       0x3d ../../PLIB2_GIT/PLIB.X/dist/default/production/PLIB.X.a(_LOG.o)
 .comment       0x00000000       0x3d ../../PLIB2_GIT/PLIB.X/dist/default/production/PLIB.X.a(sd_card.o)
 .comment       0x00000000       0x3d ../../PLIB2_GIT/PLIB.X/dist/default/production/PLIB.X.a(ble.o)
 .comment       0x00000000       0x3d ../../PLIB2_GIT/PLIB.X/dist/default/production/PLIB.X.a(utilities.o)
 .comment       0x00000000       0x3d ../../PLIB2_GIT/PLIB.X/dist/default/production/PLIB.X.a(crc_16.o)
 .comment       0x00000000       0x3d ../../PLIB2_GIT/PLIB.X/dist/default/production/PLIB.X.a(s14_timers.o)
 .comment       0x00000000       0x3d ../../PLIB2_GIT/PLIB.X/dist/default/production/PLIB.X.a(s23_spi.o)
 .comment       0x00000000       0x3d ../../PLIB2_GIT/PLIB.X/dist/default/production/PLIB.X.a(s17_adc.o)
 .comment       0x00000000       0x3d ../../PLIB2_GIT/PLIB.X/dist/default/production/PLIB.X.a(s16_output_compare.o)
 .comment       0x00000000       0x3d ../../PLIB2_GIT/PLIB.X/dist/default/production/PLIB.X.a(s24_i2c.o)
 .comment       0x00000000       0x3d ../../PLIB2_GIT/PLIB.X/dist/default/production/PLIB.X.a(s12_ports.o)
 .comment       0x00000000       0x3d ../../PLIB2_GIT/PLIB.X/dist/default/production/PLIB.X.a(s21_uart.o)
 .comment       0x00000000       0x3d ../../PLIB2_GIT/PLIB.X/dist/default/production/PLIB.X.a(s31_dma.o)
 .comment       0x00000000       0x3d ../../PLIB2_GIT/PLIB.X/dist/default/production/PLIB.X.a(s07_resets.o)
 .comment       0x00000000       0x3d ../../PLIB2_GIT/PLIB.X/dist/default/production/PLIB.X.a(s08_interrupts.o)
 .comment       0x00000000       0x3d ../../PLIB2_GIT/PLIB.X/dist/default/production/PLIB.X.a(s00_system.o)
 .comment       0x00000000       0x3d ../../PLIB2_GIT/PLIB.X/dist/default/production/PLIB.X.a(s34_can.o)
 .comment       0x00000000       0x3d ../../PLIB2_GIT/PLIB.X/dist/default/production/PLIB.X.a(errors.o)
 .comment       0x00000000       0x3d /Applications/microchip/xc32/v2.41/bin/bin/../../lib/gcc/pic32mx/4.8.3/speed/libgcc.a(_udivdi3.o)
 .comment       0x00000000       0x3d /Applications/microchip/xc32/v2.41/bin/bin/../../lib/gcc/pic32mx/4.8.3/speed/libgcc.a(_umoddi3.o)
 .comment       0x00000000       0x3d /Applications/microchip/xc32/v2.41/bin/bin/../../lib/gcc/pic32mx/4.8.3/speed/libgcc.a(floatunsisf.o)
 .comment       0x00000000       0x3d /Applications/microchip/xc32/v2.41/bin/bin/../../lib/gcc/pic32mx/4.8.3/speed/libgcc.a(floatunsidf.o)
 .comment       0x0000003c       0x18 /Applications/microchip/xc32/v2.41/bin/bin/../../lib/gcc/pic32mx/4.8.3/../../../../pic32mx/lib/speed/libpic32.a(memset.o)
                                 0x19 (size before relaxing)
 .comment       0x00000054       0x19 /Applications/microchip/xc32/v2.41/bin/bin/../../lib/gcc/pic32mx/4.8.3/../../../../pic32mx/lib/speed/libpic32.a(strcmp.o)
                                 0x1a (size before relaxing)
 .comment       0x00000000       0x3d /Applications/microchip/xc32/v2.41/bin/bin/../../lib/gcc/pic32mx/4.8.3/../../../../pic32mx/lib/speed/libpic32.a(default-bootstrap-exception-handler.o)
 .comment       0x00000000       0x3d /Applications/microchip/xc32/v2.41/bin/bin/../../lib/gcc/pic32mx/4.8.3/../../../../pic32mx/lib/speed/libpic32.a(default-on-reset.o)
 .comment       0x00000000       0x3d /Applications/microchip/xc32/v2.41/bin/bin/../../lib/gcc/pic32mx/4.8.3/../../../../pic32mx/lib/speed/libpic32.a(default-on-bootstrap.o)
 .comment       0x00000000       0x3d /Applications/microchip/xc32/v2.41/bin/bin/../../lib/gcc/pic32mx/4.8.3/../../../../pic32mx/lib/speed/libpic32.a(default-general-exception-handler.o)
 .comment       0x00000000       0x3d /Applications/microchip/xc32/v2.41/bin/bin/../../lib/gcc/pic32mx/4.8.3/../../../../pic32mx/lib/speed/libpic32.a(defaultinterrupt.o)
 .comment       0x00000000       0x3d /Applications/microchip/xc32/v2.41/bin/bin/../../lib/gcc/pic32mx/4.8.3/../../../../pic32mx/lib/speed/libm.a(w_pow.o)
 .comment       0x00000000       0x3d /Applications/microchip/xc32/v2.41/bin/bin/../../lib/gcc/pic32mx/4.8.3/../../../../pic32mx/lib/speed/libm.a(w_log.o)
 .comment       0x00000000       0x3d /Applications/microchip/xc32/v2.41/bin/bin/../../lib/gcc/pic32mx/4.8.3/../../../../pic32mx/lib/speed/libm.a(s_lib_ver.o)
 .comment       0x00000000       0x3d /Applications/microchip/xc32/v2.41/bin/bin/../../lib/gcc/pic32mx/4.8.3/../../../../pic32mx/lib/speed/libpic32.a(errno.o)
 .comment       0x00000000       0x3d /Applications/microchip/xc32/v2.41/bin/bin/../../lib/gcc/pic32mx/4.8.3/../../../../pic32mx/lib/speed/libpic32.a(isinf.o)
 .comment       0x0000006d       0x4e /Applications/microchip/xc32/v2.41/bin/bin/../../lib/gcc/pic32mx/4.8.3/../../../../pic32mx/lib/speed/libe.a(_unorddf2.o)
                                 0x8b (size before relaxing)

.debug
 *(.debug)

.line
 *(.line)

.debug_srcinfo
 *(.debug_srcinfo)

.debug_sfnames
 *(.debug_sfnames)

.debug_aranges  0x00000000      0x468
 *(.debug_aranges)
 .debug_aranges
                0x00000000       0x20 build/default/production/_ext/1472/config.o
 .debug_aranges
                0x00000020       0x20 build/default/production/_ext/1472/interrupts.o
 .debug_aranges
                0x00000040       0x20 build/default/production/_ext/1472/main.o
 .debug_aranges
                0x00000060       0x20 ../../PLIB2_GIT/PLIB.X/dist/default/production/PLIB.X.a(_LOG.o)
 .debug_aranges
                0x00000080       0x20 ../../PLIB2_GIT/PLIB.X/dist/default/production/PLIB.X.a(sd_card.o)
 .debug_aranges
                0x000000a0       0x20 ../../PLIB2_GIT/PLIB.X/dist/default/production/PLIB.X.a(ble.o)
 .debug_aranges
                0x000000c0       0x20 ../../PLIB2_GIT/PLIB.X/dist/default/production/PLIB.X.a(utilities.o)
 .debug_aranges
                0x000000e0       0x20 ../../PLIB2_GIT/PLIB.X/dist/default/production/PLIB.X.a(crc_16.o)
 .debug_aranges
                0x00000100       0x20 ../../PLIB2_GIT/PLIB.X/dist/default/production/PLIB.X.a(s14_timers.o)
 .debug_aranges
                0x00000120       0x20 ../../PLIB2_GIT/PLIB.X/dist/default/production/PLIB.X.a(s23_spi.o)
 .debug_aranges
                0x00000140       0x20 ../../PLIB2_GIT/PLIB.X/dist/default/production/PLIB.X.a(s17_adc.o)
 .debug_aranges
                0x00000160       0x20 ../../PLIB2_GIT/PLIB.X/dist/default/production/PLIB.X.a(s16_output_compare.o)
 .debug_aranges
                0x00000180       0x20 ../../PLIB2_GIT/PLIB.X/dist/default/production/PLIB.X.a(s24_i2c.o)
 .debug_aranges
                0x000001a0       0x20 ../../PLIB2_GIT/PLIB.X/dist/default/production/PLIB.X.a(s12_ports.o)
 .debug_aranges
                0x000001c0       0x20 ../../PLIB2_GIT/PLIB.X/dist/default/production/PLIB.X.a(s21_uart.o)
 .debug_aranges
                0x000001e0       0x20 ../../PLIB2_GIT/PLIB.X/dist/default/production/PLIB.X.a(s31_dma.o)
 .debug_aranges
                0x00000200       0x20 ../../PLIB2_GIT/PLIB.X/dist/default/production/PLIB.X.a(s07_resets.o)
 .debug_aranges
                0x00000220       0x20 ../../PLIB2_GIT/PLIB.X/dist/default/production/PLIB.X.a(s08_interrupts.o)
 .debug_aranges
                0x00000240       0x20 ../../PLIB2_GIT/PLIB.X/dist/default/production/PLIB.X.a(s00_system.o)
 .debug_aranges
                0x00000260       0x20 ../../PLIB2_GIT/PLIB.X/dist/default/production/PLIB.X.a(s34_can.o)
 .debug_aranges
                0x00000280       0x20 ../../PLIB2_GIT/PLIB.X/dist/default/production/PLIB.X.a(errors.o)
 .debug_aranges
                0x000002a0       0x20 /Applications/microchip/xc32/v2.41/bin/bin/../../lib/gcc/pic32mx/4.8.3/speed/libgcc.a(_udivdi3.o)
 .debug_aranges
                0x000002c0       0x20 /Applications/microchip/xc32/v2.41/bin/bin/../../lib/gcc/pic32mx/4.8.3/speed/libgcc.a(_umoddi3.o)
 .debug_aranges
                0x000002e0       0x20 /Applications/microchip/xc32/v2.41/bin/bin/../../lib/gcc/pic32mx/4.8.3/speed/libgcc.a(floatunsisf.o)
 .debug_aranges
                0x00000300       0x20 /Applications/microchip/xc32/v2.41/bin/bin/../../lib/gcc/pic32mx/4.8.3/speed/libgcc.a(floatunsidf.o)
 .debug_aranges
                0x00000320       0x20 /Applications/microchip/xc32/v2.41/bin/bin/../../lib/gcc/pic32mx/4.8.3/../../../../pic32mx/lib/speed/libpic32.a(default-bootstrap-exception-handler.o)
 .debug_aranges
                0x00000340       0x20 /Applications/microchip/xc32/v2.41/bin/bin/../../lib/gcc/pic32mx/4.8.3/../../../../pic32mx/lib/speed/libpic32.a(default-on-reset.o)
 .debug_aranges
                0x00000360       0x20 /Applications/microchip/xc32/v2.41/bin/bin/../../lib/gcc/pic32mx/4.8.3/../../../../pic32mx/lib/speed/libpic32.a(default-on-bootstrap.o)
 .debug_aranges
                0x00000380       0x20 /Applications/microchip/xc32/v2.41/bin/bin/../../lib/gcc/pic32mx/4.8.3/../../../../pic32mx/lib/speed/libpic32.a(default-general-exception-handler.o)
 .debug_aranges
                0x000003a0       0x20 /Applications/microchip/xc32/v2.41/bin/bin/../../lib/gcc/pic32mx/4.8.3/../../../../pic32mx/lib/speed/libpic32.a(defaultinterrupt.o)
 .debug_aranges
                0x000003c0       0x20 /Applications/microchip/xc32/v2.41/bin/bin/../../lib/gcc/pic32mx/4.8.3/../../../../pic32mx/lib/speed/libm.a(w_pow.o)
 .debug_aranges
                0x000003e0       0x20 /Applications/microchip/xc32/v2.41/bin/bin/../../lib/gcc/pic32mx/4.8.3/../../../../pic32mx/lib/speed/libm.a(w_log.o)
 .debug_aranges
                0x00000400       0x48 /Applications/microchip/xc32/v2.41/bin/bin/../../lib/gcc/pic32mx/4.8.3/../../../../pic32mx/lib/speed/libpic32.a(isinf.o)
 .debug_aranges
                0x00000448       0x20 /Applications/microchip/xc32/v2.41/bin/bin/../../lib/gcc/pic32mx/4.8.3/../../../../pic32mx/lib/speed/libe.a(_unorddf2.o)

.debug_pubnames
 *(.debug_pubnames)

.debug_info     0x00000000    0x28cc0
 *(.debug_info .gnu.linkonce.wi.*)
 .debug_info    0x00000000     0x1351 build/default/production/_ext/1472/config.o
 .debug_info    0x00001351     0x21ab build/default/production/_ext/1472/interrupts.o
 .debug_info    0x000034fc     0x4868 build/default/production/_ext/1472/main.o
 .debug_info    0x00007d64     0x213a ../../PLIB2_GIT/PLIB.X/dist/default/production/PLIB.X.a(_LOG.o)
 .debug_info    0x00009e9e     0x5640 ../../PLIB2_GIT/PLIB.X/dist/default/production/PLIB.X.a(sd_card.o)
 .debug_info    0x0000f4de     0x33b7 ../../PLIB2_GIT/PLIB.X/dist/default/production/PLIB.X.a(ble.o)
 .debug_info    0x00012895     0x13e9 ../../PLIB2_GIT/PLIB.X/dist/default/production/PLIB.X.a(utilities.o)
 .debug_info    0x00013c7e      0x9b1 ../../PLIB2_GIT/PLIB.X/dist/default/production/PLIB.X.a(crc_16.o)
 .debug_info    0x0001462f     0x113f ../../PLIB2_GIT/PLIB.X/dist/default/production/PLIB.X.a(s14_timers.o)
 .debug_info    0x0001576e     0x2004 ../../PLIB2_GIT/PLIB.X/dist/default/production/PLIB.X.a(s23_spi.o)
 .debug_info    0x00017772     0x109a ../../PLIB2_GIT/PLIB.X/dist/default/production/PLIB.X.a(s17_adc.o)
 .debug_info    0x0001880c      0xd5c ../../PLIB2_GIT/PLIB.X/dist/default/production/PLIB.X.a(s16_output_compare.o)
 .debug_info    0x00019568     0x259b ../../PLIB2_GIT/PLIB.X/dist/default/production/PLIB.X.a(s24_i2c.o)
 .debug_info    0x0001bb03     0x1204 ../../PLIB2_GIT/PLIB.X/dist/default/production/PLIB.X.a(s12_ports.o)
 .debug_info    0x0001cd07     0x20ae ../../PLIB2_GIT/PLIB.X/dist/default/production/PLIB.X.a(s21_uart.o)
 .debug_info    0x0001edb5     0x27cb ../../PLIB2_GIT/PLIB.X/dist/default/production/PLIB.X.a(s31_dma.o)
 .debug_info    0x00021580      0x34a ../../PLIB2_GIT/PLIB.X/dist/default/production/PLIB.X.a(s07_resets.o)
 .debug_info    0x000218ca     0x1490 ../../PLIB2_GIT/PLIB.X/dist/default/production/PLIB.X.a(s08_interrupts.o)
 .debug_info    0x00022d5a      0xa3e ../../PLIB2_GIT/PLIB.X/dist/default/production/PLIB.X.a(s00_system.o)
 .debug_info    0x00023798     0x3034 ../../PLIB2_GIT/PLIB.X/dist/default/production/PLIB.X.a(s34_can.o)
 .debug_info    0x000267cc      0xbc2 ../../PLIB2_GIT/PLIB.X/dist/default/production/PLIB.X.a(errors.o)
 .debug_info    0x0002738e      0x751 /Applications/microchip/xc32/v2.41/bin/bin/../../lib/gcc/pic32mx/4.8.3/speed/libgcc.a(_udivdi3.o)
 .debug_info    0x00027adf      0x78e /Applications/microchip/xc32/v2.41/bin/bin/../../lib/gcc/pic32mx/4.8.3/speed/libgcc.a(_umoddi3.o)
 .debug_info    0x0002826d      0x129 /Applications/microchip/xc32/v2.41/bin/bin/../../lib/gcc/pic32mx/4.8.3/speed/libgcc.a(floatunsisf.o)
 .debug_info    0x00028396      0x137 /Applications/microchip/xc32/v2.41/bin/bin/../../lib/gcc/pic32mx/4.8.3/speed/libgcc.a(floatunsidf.o)
 .debug_info    0x000284cd       0xf4 /Applications/microchip/xc32/v2.41/bin/bin/../../lib/gcc/pic32mx/4.8.3/../../../../pic32mx/lib/speed/libpic32.a(default-bootstrap-exception-handler.o)
 .debug_info    0x000285c1       0xcd /Applications/microchip/xc32/v2.41/bin/bin/../../lib/gcc/pic32mx/4.8.3/../../../../pic32mx/lib/speed/libpic32.a(default-on-reset.o)
 .debug_info    0x0002868e       0xd5 /Applications/microchip/xc32/v2.41/bin/bin/../../lib/gcc/pic32mx/4.8.3/../../../../pic32mx/lib/speed/libpic32.a(default-on-bootstrap.o)
 .debug_info    0x00028763       0xf0 /Applications/microchip/xc32/v2.41/bin/bin/../../lib/gcc/pic32mx/4.8.3/../../../../pic32mx/lib/speed/libpic32.a(default-general-exception-handler.o)
 .debug_info    0x00028853       0xe7 /Applications/microchip/xc32/v2.41/bin/bin/../../lib/gcc/pic32mx/4.8.3/../../../../pic32mx/lib/speed/libpic32.a(defaultinterrupt.o)
 .debug_info    0x0002893a       0xc2 /Applications/microchip/xc32/v2.41/bin/bin/../../lib/gcc/pic32mx/4.8.3/../../../../pic32mx/lib/speed/libm.a(w_pow.o)
 .debug_info    0x000289fc       0xc2 /Applications/microchip/xc32/v2.41/bin/bin/../../lib/gcc/pic32mx/4.8.3/../../../../pic32mx/lib/speed/libm.a(w_log.o)
 .debug_info    0x00028abe      0x134 /Applications/microchip/xc32/v2.41/bin/bin/../../lib/gcc/pic32mx/4.8.3/../../../../pic32mx/lib/speed/libpic32.a(isinf.o)
 .debug_info    0x00028bf2       0xce /Applications/microchip/xc32/v2.41/bin/bin/../../lib/gcc/pic32mx/4.8.3/../../../../pic32mx/lib/speed/libe.a(_unorddf2.o)

.debug_abbrev   0x00000000     0x366a
 *(.debug_abbrev)
 .debug_abbrev  0x00000000      0x1ec build/default/production/_ext/1472/config.o
 .debug_abbrev  0x000001ec      0x1ab build/default/production/_ext/1472/interrupts.o
 .debug_abbrev  0x00000397      0x2ab build/default/production/_ext/1472/main.o
 .debug_abbrev  0x00000642      0x2ac ../../PLIB2_GIT/PLIB.X/dist/default/production/PLIB.X.a(_LOG.o)
 .debug_abbrev  0x000008ee      0x419 ../../PLIB2_GIT/PLIB.X/dist/default/production/PLIB.X.a(sd_card.o)
 .debug_abbrev  0x00000d07      0x365 ../../PLIB2_GIT/PLIB.X/dist/default/production/PLIB.X.a(ble.o)
 .debug_abbrev  0x0000106c      0x31e ../../PLIB2_GIT/PLIB.X/dist/default/production/PLIB.X.a(utilities.o)
 .debug_abbrev  0x0000138a      0x159 ../../PLIB2_GIT/PLIB.X/dist/default/production/PLIB.X.a(crc_16.o)
 .debug_abbrev  0x000014e3      0x1b9 ../../PLIB2_GIT/PLIB.X/dist/default/production/PLIB.X.a(s14_timers.o)
 .debug_abbrev  0x0000169c      0x283 ../../PLIB2_GIT/PLIB.X/dist/default/production/PLIB.X.a(s23_spi.o)
 .debug_abbrev  0x0000191f      0x17f ../../PLIB2_GIT/PLIB.X/dist/default/production/PLIB.X.a(s17_adc.o)
 .debug_abbrev  0x00001a9e      0x152 ../../PLIB2_GIT/PLIB.X/dist/default/production/PLIB.X.a(s16_output_compare.o)
 .debug_abbrev  0x00001bf0      0x365 ../../PLIB2_GIT/PLIB.X/dist/default/production/PLIB.X.a(s24_i2c.o)
 .debug_abbrev  0x00001f55      0x1b0 ../../PLIB2_GIT/PLIB.X/dist/default/production/PLIB.X.a(s12_ports.o)
 .debug_abbrev  0x00002105      0x275 ../../PLIB2_GIT/PLIB.X/dist/default/production/PLIB.X.a(s21_uart.o)
 .debug_abbrev  0x0000237a      0x42d ../../PLIB2_GIT/PLIB.X/dist/default/production/PLIB.X.a(s31_dma.o)
 .debug_abbrev  0x000027a7       0xc3 ../../PLIB2_GIT/PLIB.X/dist/default/production/PLIB.X.a(s07_resets.o)
 .debug_abbrev  0x0000286a      0x227 ../../PLIB2_GIT/PLIB.X/dist/default/production/PLIB.X.a(s08_interrupts.o)
 .debug_abbrev  0x00002a91      0x272 ../../PLIB2_GIT/PLIB.X/dist/default/production/PLIB.X.a(s00_system.o)
 .debug_abbrev  0x00002d03      0x313 ../../PLIB2_GIT/PLIB.X/dist/default/production/PLIB.X.a(s34_can.o)
 .debug_abbrev  0x00003016      0x186 ../../PLIB2_GIT/PLIB.X/dist/default/production/PLIB.X.a(errors.o)
 .debug_abbrev  0x0000319c      0x138 /Applications/microchip/xc32/v2.41/bin/bin/../../lib/gcc/pic32mx/4.8.3/speed/libgcc.a(_udivdi3.o)
 .debug_abbrev  0x000032d4      0x147 /Applications/microchip/xc32/v2.41/bin/bin/../../lib/gcc/pic32mx/4.8.3/speed/libgcc.a(_umoddi3.o)
 .debug_abbrev  0x0000341b       0x62 /Applications/microchip/xc32/v2.41/bin/bin/../../lib/gcc/pic32mx/4.8.3/speed/libgcc.a(floatunsisf.o)
 .debug_abbrev  0x0000347d       0x62 /Applications/microchip/xc32/v2.41/bin/bin/../../lib/gcc/pic32mx/4.8.3/speed/libgcc.a(floatunsidf.o)
 .debug_abbrev  0x000034df       0x28 /Applications/microchip/xc32/v2.41/bin/bin/../../lib/gcc/pic32mx/4.8.3/../../../../pic32mx/lib/speed/libpic32.a(default-bootstrap-exception-handler.o)
 .debug_abbrev  0x00003507       0x28 /Applications/microchip/xc32/v2.41/bin/bin/../../lib/gcc/pic32mx/4.8.3/../../../../pic32mx/lib/speed/libpic32.a(default-on-reset.o)
 .debug_abbrev  0x0000352f       0x28 /Applications/microchip/xc32/v2.41/bin/bin/../../lib/gcc/pic32mx/4.8.3/../../../../pic32mx/lib/speed/libpic32.a(default-on-bootstrap.o)
 .debug_abbrev  0x00003557       0x28 /Applications/microchip/xc32/v2.41/bin/bin/../../lib/gcc/pic32mx/4.8.3/../../../../pic32mx/lib/speed/libpic32.a(default-general-exception-handler.o)
 .debug_abbrev  0x0000357f       0x28 /Applications/microchip/xc32/v2.41/bin/bin/../../lib/gcc/pic32mx/4.8.3/../../../../pic32mx/lib/speed/libpic32.a(defaultinterrupt.o)
 .debug_abbrev  0x000035a7       0x28 /Applications/microchip/xc32/v2.41/bin/bin/../../lib/gcc/pic32mx/4.8.3/../../../../pic32mx/lib/speed/libm.a(w_pow.o)
 .debug_abbrev  0x000035cf       0x28 /Applications/microchip/xc32/v2.41/bin/bin/../../lib/gcc/pic32mx/4.8.3/../../../../pic32mx/lib/speed/libm.a(w_log.o)
 .debug_abbrev  0x000035f7       0x3e /Applications/microchip/xc32/v2.41/bin/bin/../../lib/gcc/pic32mx/4.8.3/../../../../pic32mx/lib/speed/libpic32.a(isinf.o)
 .debug_abbrev  0x00003635       0x35 /Applications/microchip/xc32/v2.41/bin/bin/../../lib/gcc/pic32mx/4.8.3/../../../../pic32mx/lib/speed/libe.a(_unorddf2.o)

.debug_line     0x00000000     0x592c
 *(.debug_line)
 .debug_line    0x00000000      0x27d build/default/production/_ext/1472/config.o
 .debug_line    0x0000027d      0x4a2 build/default/production/_ext/1472/interrupts.o
 .debug_line    0x0000071f      0x41e build/default/production/_ext/1472/main.o
 .debug_line    0x00000b3d      0x512 ../../PLIB2_GIT/PLIB.X/dist/default/production/PLIB.X.a(_LOG.o)
 .debug_line    0x0000104f      0xa62 ../../PLIB2_GIT/PLIB.X/dist/default/production/PLIB.X.a(sd_card.o)
 .debug_line    0x00001ab1      0x9a8 ../../PLIB2_GIT/PLIB.X/dist/default/production/PLIB.X.a(ble.o)
 .debug_line    0x00002459      0x4bc ../../PLIB2_GIT/PLIB.X/dist/default/production/PLIB.X.a(utilities.o)
 .debug_line    0x00002915      0x21b ../../PLIB2_GIT/PLIB.X/dist/default/production/PLIB.X.a(crc_16.o)
 .debug_line    0x00002b30      0x258 ../../PLIB2_GIT/PLIB.X/dist/default/production/PLIB.X.a(s14_timers.o)
 .debug_line    0x00002d88      0x2e9 ../../PLIB2_GIT/PLIB.X/dist/default/production/PLIB.X.a(s23_spi.o)
 .debug_line    0x00003071      0x256 ../../PLIB2_GIT/PLIB.X/dist/default/production/PLIB.X.a(s17_adc.o)
 .debug_line    0x000032c7      0x223 ../../PLIB2_GIT/PLIB.X/dist/default/production/PLIB.X.a(s16_output_compare.o)
 .debug_line    0x000034ea      0x4ad ../../PLIB2_GIT/PLIB.X/dist/default/production/PLIB.X.a(s24_i2c.o)
 .debug_line    0x00003997      0x255 ../../PLIB2_GIT/PLIB.X/dist/default/production/PLIB.X.a(s12_ports.o)
 .debug_line    0x00003bec      0x31d ../../PLIB2_GIT/PLIB.X/dist/default/production/PLIB.X.a(s21_uart.o)
 .debug_line    0x00003f09      0x4e3 ../../PLIB2_GIT/PLIB.X/dist/default/production/PLIB.X.a(s31_dma.o)
 .debug_line    0x000043ec      0x1a5 ../../PLIB2_GIT/PLIB.X/dist/default/production/PLIB.X.a(s07_resets.o)
 .debug_line    0x00004591      0x29a ../../PLIB2_GIT/PLIB.X/dist/default/production/PLIB.X.a(s08_interrupts.o)
 .debug_line    0x0000482b      0x21a ../../PLIB2_GIT/PLIB.X/dist/default/production/PLIB.X.a(s00_system.o)
 .debug_line    0x00004a45      0x388 ../../PLIB2_GIT/PLIB.X/dist/default/production/PLIB.X.a(s34_can.o)
 .debug_line    0x00004dcd      0x2f1 ../../PLIB2_GIT/PLIB.X/dist/default/production/PLIB.X.a(errors.o)
 .debug_line    0x000050be       0xf7 /Applications/microchip/xc32/v2.41/bin/bin/../../lib/gcc/pic32mx/4.8.3/speed/libgcc.a(_udivdi3.o)
 .debug_line    0x000051b5      0x109 /Applications/microchip/xc32/v2.41/bin/bin/../../lib/gcc/pic32mx/4.8.3/speed/libgcc.a(_umoddi3.o)
 .debug_line    0x000052be       0x94 /Applications/microchip/xc32/v2.41/bin/bin/../../lib/gcc/pic32mx/4.8.3/speed/libgcc.a(floatunsisf.o)
 .debug_line    0x00005352       0x93 /Applications/microchip/xc32/v2.41/bin/bin/../../lib/gcc/pic32mx/4.8.3/speed/libgcc.a(floatunsidf.o)
 .debug_line    0x000053e5       0xa6 /Applications/microchip/xc32/v2.41/bin/bin/../../lib/gcc/pic32mx/4.8.3/../../../../pic32mx/lib/speed/libpic32.a(default-bootstrap-exception-handler.o)
 .debug_line    0x0000548b       0x93 /Applications/microchip/xc32/v2.41/bin/bin/../../lib/gcc/pic32mx/4.8.3/../../../../pic32mx/lib/speed/libpic32.a(default-on-reset.o)
 .debug_line    0x0000551e       0x97 /Applications/microchip/xc32/v2.41/bin/bin/../../lib/gcc/pic32mx/4.8.3/../../../../pic32mx/lib/speed/libpic32.a(default-on-bootstrap.o)
 .debug_line    0x000055b5       0xa4 /Applications/microchip/xc32/v2.41/bin/bin/../../lib/gcc/pic32mx/4.8.3/../../../../pic32mx/lib/speed/libpic32.a(default-general-exception-handler.o)
 .debug_line    0x00005659       0xa5 /Applications/microchip/xc32/v2.41/bin/bin/../../lib/gcc/pic32mx/4.8.3/../../../../pic32mx/lib/speed/libpic32.a(defaultinterrupt.o)
 .debug_line    0x000056fe       0x8c /Applications/microchip/xc32/v2.41/bin/bin/../../lib/gcc/pic32mx/4.8.3/../../../../pic32mx/lib/speed/libm.a(w_pow.o)
 .debug_line    0x0000578a       0x8c /Applications/microchip/xc32/v2.41/bin/bin/../../lib/gcc/pic32mx/4.8.3/../../../../pic32mx/lib/speed/libm.a(w_log.o)
 .debug_line    0x00005816        0x0 /Applications/microchip/xc32/v2.41/bin/bin/../../lib/gcc/pic32mx/4.8.3/../../../../pic32mx/lib/speed/libm.a(s_lib_ver.o)
 .debug_line    0x00005816        0x0 /Applications/microchip/xc32/v2.41/bin/bin/../../lib/gcc/pic32mx/4.8.3/../../../../pic32mx/lib/speed/libpic32.a(errno.o)
 .debug_line    0x00005816       0x88 /Applications/microchip/xc32/v2.41/bin/bin/../../lib/gcc/pic32mx/4.8.3/../../../../pic32mx/lib/speed/libpic32.a(isinf.o)
 .debug_line    0x0000589e       0x8e /Applications/microchip/xc32/v2.41/bin/bin/../../lib/gcc/pic32mx/4.8.3/../../../../pic32mx/lib/speed/libe.a(_unorddf2.o)

.debug_frame    0x00000000     0x1adc
 *(.debug_frame)
 .debug_frame   0x00000000       0x74 build/default/production/_ext/1472/config.o
 .debug_frame   0x00000074      0x924 build/default/production/_ext/1472/interrupts.o
 .debug_frame   0x00000998       0x38 build/default/production/_ext/1472/main.o
 .debug_frame   0x000009d0       0x64 ../../PLIB2_GIT/PLIB.X/dist/default/production/PLIB.X.a(_LOG.o)
 .debug_frame   0x00000a34      0x120 ../../PLIB2_GIT/PLIB.X/dist/default/production/PLIB.X.a(sd_card.o)
 .debug_frame   0x00000b54      0x180 ../../PLIB2_GIT/PLIB.X/dist/default/production/PLIB.X.a(ble.o)
 .debug_frame   0x00000cd4      0x220 ../../PLIB2_GIT/PLIB.X/dist/default/production/PLIB.X.a(utilities.o)
 .debug_frame   0x00000ef4       0x20 ../../PLIB2_GIT/PLIB.X/dist/default/production/PLIB.X.a(crc_16.o)
 .debug_frame   0x00000f14       0x70 ../../PLIB2_GIT/PLIB.X/dist/default/production/PLIB.X.a(s14_timers.o)
 .debug_frame   0x00000f84       0xec ../../PLIB2_GIT/PLIB.X/dist/default/production/PLIB.X.a(s23_spi.o)
 .debug_frame   0x00001070       0x54 ../../PLIB2_GIT/PLIB.X/dist/default/production/PLIB.X.a(s17_adc.o)
 .debug_frame   0x000010c4       0x48 ../../PLIB2_GIT/PLIB.X/dist/default/production/PLIB.X.a(s16_output_compare.o)
 .debug_frame   0x0000110c      0x160 ../../PLIB2_GIT/PLIB.X/dist/default/production/PLIB.X.a(s24_i2c.o)
 .debug_frame   0x0000126c       0xb8 ../../PLIB2_GIT/PLIB.X/dist/default/production/PLIB.X.a(s12_ports.o)
 .debug_frame   0x00001324      0x168 ../../PLIB2_GIT/PLIB.X/dist/default/production/PLIB.X.a(s21_uart.o)
 .debug_frame   0x0000148c      0x160 ../../PLIB2_GIT/PLIB.X/dist/default/production/PLIB.X.a(s31_dma.o)
 .debug_frame   0x000015ec       0x28 ../../PLIB2_GIT/PLIB.X/dist/default/production/PLIB.X.a(s07_resets.o)
 .debug_frame   0x00001614      0x140 ../../PLIB2_GIT/PLIB.X/dist/default/production/PLIB.X.a(s08_interrupts.o)
 .debug_frame   0x00001754       0x74 ../../PLIB2_GIT/PLIB.X/dist/default/production/PLIB.X.a(s00_system.o)
 .debug_frame   0x000017c8       0x54 ../../PLIB2_GIT/PLIB.X/dist/default/production/PLIB.X.a(s34_can.o)
 .debug_frame   0x0000181c       0x2c ../../PLIB2_GIT/PLIB.X/dist/default/production/PLIB.X.a(errors.o)
 .debug_frame   0x00001848       0x20 /Applications/microchip/xc32/v2.41/bin/bin/../../lib/gcc/pic32mx/4.8.3/speed/libgcc.a(_udivdi3.o)
 .debug_frame   0x00001868       0x20 /Applications/microchip/xc32/v2.41/bin/bin/../../lib/gcc/pic32mx/4.8.3/speed/libgcc.a(_umoddi3.o)
 .debug_frame   0x00001888       0x30 /Applications/microchip/xc32/v2.41/bin/bin/../../lib/gcc/pic32mx/4.8.3/speed/libgcc.a(floatunsisf.o)
 .debug_frame   0x000018b8       0x2c /Applications/microchip/xc32/v2.41/bin/bin/../../lib/gcc/pic32mx/4.8.3/speed/libgcc.a(floatunsidf.o)
 .debug_frame   0x000018e4       0x2c /Applications/microchip/xc32/v2.41/bin/bin/../../lib/gcc/pic32mx/4.8.3/../../../../pic32mx/lib/speed/libpic32.a(default-bootstrap-exception-handler.o)
 .debug_frame   0x00001910       0x20 /Applications/microchip/xc32/v2.41/bin/bin/../../lib/gcc/pic32mx/4.8.3/../../../../pic32mx/lib/speed/libpic32.a(default-on-reset.o)
 .debug_frame   0x00001930       0x20 /Applications/microchip/xc32/v2.41/bin/bin/../../lib/gcc/pic32mx/4.8.3/../../../../pic32mx/lib/speed/libpic32.a(default-on-bootstrap.o)
 .debug_frame   0x00001950       0x2c /Applications/microchip/xc32/v2.41/bin/bin/../../lib/gcc/pic32mx/4.8.3/../../../../pic32mx/lib/speed/libpic32.a(default-general-exception-handler.o)
 .debug_frame   0x0000197c       0x20 /Applications/microchip/xc32/v2.41/bin/bin/../../lib/gcc/pic32mx/4.8.3/../../../../pic32mx/lib/speed/libpic32.a(defaultinterrupt.o)
 .debug_frame   0x0000199c       0x38 /Applications/microchip/xc32/v2.41/bin/bin/../../lib/gcc/pic32mx/4.8.3/../../../../pic32mx/lib/speed/libm.a(w_pow.o)
 .debug_frame   0x000019d4       0x38 /Applications/microchip/xc32/v2.41/bin/bin/../../lib/gcc/pic32mx/4.8.3/../../../../pic32mx/lib/speed/libm.a(w_log.o)
 .debug_frame   0x00001a0c       0xb0 /Applications/microchip/xc32/v2.41/bin/bin/../../lib/gcc/pic32mx/4.8.3/../../../../pic32mx/lib/speed/libpic32.a(isinf.o)
 .debug_frame   0x00001abc       0x20 /Applications/microchip/xc32/v2.41/bin/bin/../../lib/gcc/pic32mx/4.8.3/../../../../pic32mx/lib/speed/libe.a(_unorddf2.o)

.debug_str      0x00000000      0x37b
 *(.debug_str)
 .debug_str     0x00000000        0x0 build/default/production/_ext/1472/config.o
 .debug_str     0x00000000        0xc build/default/production/_ext/1472/interrupts.o
 .debug_str     0x0000000c       0x36 build/default/production/_ext/1472/main.o
 .debug_str     0x00000042       0x16 ../../PLIB2_GIT/PLIB.X/dist/default/production/PLIB.X.a(_LOG.o)
 .debug_str     0x00000058      0x105 ../../PLIB2_GIT/PLIB.X/dist/default/production/PLIB.X.a(sd_card.o)
 .debug_str     0x0000015d       0x40 ../../PLIB2_GIT/PLIB.X/dist/default/production/PLIB.X.a(ble.o)
 .debug_str     0x0000019d       0x5e ../../PLIB2_GIT/PLIB.X/dist/default/production/PLIB.X.a(utilities.o)
 .debug_str     0x000001fb        0x0 ../../PLIB2_GIT/PLIB.X/dist/default/production/PLIB.X.a(crc_16.o)
 .debug_str     0x000001fb        0x0 ../../PLIB2_GIT/PLIB.X/dist/default/production/PLIB.X.a(s14_timers.o)
 .debug_str     0x000001fb        0xe ../../PLIB2_GIT/PLIB.X/dist/default/production/PLIB.X.a(s23_spi.o)
 .debug_str     0x00000209        0x0 ../../PLIB2_GIT/PLIB.X/dist/default/production/PLIB.X.a(s17_adc.o)
 .debug_str     0x00000209        0x0 ../../PLIB2_GIT/PLIB.X/dist/default/production/PLIB.X.a(s16_output_compare.o)
 .debug_str     0x00000209       0x6c ../../PLIB2_GIT/PLIB.X/dist/default/production/PLIB.X.a(s24_i2c.o)
 .debug_str     0x00000275        0x0 ../../PLIB2_GIT/PLIB.X/dist/default/production/PLIB.X.a(s12_ports.o)
 .debug_str     0x00000275       0x4a ../../PLIB2_GIT/PLIB.X/dist/default/production/PLIB.X.a(s21_uart.o)
 .debug_str     0x000002bf       0x47 ../../PLIB2_GIT/PLIB.X/dist/default/production/PLIB.X.a(s31_dma.o)
 .debug_str     0x00000306        0x0 ../../PLIB2_GIT/PLIB.X/dist/default/production/PLIB.X.a(s07_resets.o)
 .debug_str     0x00000306       0x1d ../../PLIB2_GIT/PLIB.X/dist/default/production/PLIB.X.a(s08_interrupts.o)
 .debug_str     0x00000323       0x32 ../../PLIB2_GIT/PLIB.X/dist/default/production/PLIB.X.a(s00_system.o)
 .debug_str     0x00000355       0x26 ../../PLIB2_GIT/PLIB.X/dist/default/production/PLIB.X.a(s34_can.o)
 .debug_str     0x0000037b        0x0 ../../PLIB2_GIT/PLIB.X/dist/default/production/PLIB.X.a(errors.o)
 .debug_str     0x0000037b        0x0 /Applications/microchip/xc32/v2.41/bin/bin/../../lib/gcc/pic32mx/4.8.3/speed/libgcc.a(_udivdi3.o)
 .debug_str     0x0000037b        0x0 /Applications/microchip/xc32/v2.41/bin/bin/../../lib/gcc/pic32mx/4.8.3/speed/libgcc.a(_umoddi3.o)
 .debug_str     0x0000037b        0x0 /Applications/microchip/xc32/v2.41/bin/bin/../../lib/gcc/pic32mx/4.8.3/speed/libgcc.a(floatunsisf.o)
 .debug_str     0x0000037b        0x0 /Applications/microchip/xc32/v2.41/bin/bin/../../lib/gcc/pic32mx/4.8.3/speed/libgcc.a(floatunsidf.o)
 .debug_str     0x0000037b        0x0 /Applications/microchip/xc32/v2.41/bin/bin/../../lib/gcc/pic32mx/4.8.3/../../../../pic32mx/lib/speed/libpic32.a(default-bootstrap-exception-handler.o)
 .debug_str     0x0000037b        0x0 /Applications/microchip/xc32/v2.41/bin/bin/../../lib/gcc/pic32mx/4.8.3/../../../../pic32mx/lib/speed/libpic32.a(default-on-reset.o)
 .debug_str     0x0000037b        0x0 /Applications/microchip/xc32/v2.41/bin/bin/../../lib/gcc/pic32mx/4.8.3/../../../../pic32mx/lib/speed/libpic32.a(default-on-bootstrap.o)
 .debug_str     0x0000037b        0x0 /Applications/microchip/xc32/v2.41/bin/bin/../../lib/gcc/pic32mx/4.8.3/../../../../pic32mx/lib/speed/libpic32.a(default-general-exception-handler.o)
 .debug_str     0x0000037b        0x0 /Applications/microchip/xc32/v2.41/bin/bin/../../lib/gcc/pic32mx/4.8.3/../../../../pic32mx/lib/speed/libpic32.a(defaultinterrupt.o)
 .debug_str     0x0000037b        0x0 /Applications/microchip/xc32/v2.41/bin/bin/../../lib/gcc/pic32mx/4.8.3/../../../../pic32mx/lib/speed/libm.a(w_pow.o)
 .debug_str     0x0000037b        0x0 /Applications/microchip/xc32/v2.41/bin/bin/../../lib/gcc/pic32mx/4.8.3/../../../../pic32mx/lib/speed/libm.a(w_log.o)
 .debug_str     0x0000037b        0x0 /Applications/microchip/xc32/v2.41/bin/bin/../../lib/gcc/pic32mx/4.8.3/../../../../pic32mx/lib/speed/libm.a(s_lib_ver.o)
 .debug_str     0x0000037b        0x0 /Applications/microchip/xc32/v2.41/bin/bin/../../lib/gcc/pic32mx/4.8.3/../../../../pic32mx/lib/speed/libpic32.a(errno.o)
 .debug_str     0x0000037b        0x0 /Applications/microchip/xc32/v2.41/bin/bin/../../lib/gcc/pic32mx/4.8.3/../../../../pic32mx/lib/speed/libpic32.a(isinf.o)
 .debug_str     0x0000037b        0x0 /Applications/microchip/xc32/v2.41/bin/bin/../../lib/gcc/pic32mx/4.8.3/../../../../pic32mx/lib/speed/libe.a(_unorddf2.o)

.debug_loc      0x00000000     0xab04
 *(.debug_loc)
 .debug_loc     0x00000000       0x84 build/default/production/_ext/1472/config.o
 .debug_loc     0x00000084       0xbe build/default/production/_ext/1472/interrupts.o
 .debug_loc     0x00000142     0x15d2 ../../PLIB2_GIT/PLIB.X/dist/default/production/PLIB.X.a(_LOG.o)
 .debug_loc     0x00001714     0x1c7a ../../PLIB2_GIT/PLIB.X/dist/default/production/PLIB.X.a(sd_card.o)
 .debug_loc     0x0000338e      0xa28 ../../PLIB2_GIT/PLIB.X/dist/default/production/PLIB.X.a(ble.o)
 .debug_loc     0x00003db6      0xda1 ../../PLIB2_GIT/PLIB.X/dist/default/production/PLIB.X.a(utilities.o)
 .debug_loc     0x00004b57     0x1398 ../../PLIB2_GIT/PLIB.X/dist/default/production/PLIB.X.a(crc_16.o)
 .debug_loc     0x00005eef      0x226 ../../PLIB2_GIT/PLIB.X/dist/default/production/PLIB.X.a(s14_timers.o)
 .debug_loc     0x00006115      0x4e3 ../../PLIB2_GIT/PLIB.X/dist/default/production/PLIB.X.a(s23_spi.o)
 .debug_loc     0x000065f8      0x152 ../../PLIB2_GIT/PLIB.X/dist/default/production/PLIB.X.a(s17_adc.o)
 .debug_loc     0x0000674a      0x282 ../../PLIB2_GIT/PLIB.X/dist/default/production/PLIB.X.a(s16_output_compare.o)
 .debug_loc     0x000069cc      0xb34 ../../PLIB2_GIT/PLIB.X/dist/default/production/PLIB.X.a(s24_i2c.o)
 .debug_loc     0x00007500       0xdb ../../PLIB2_GIT/PLIB.X/dist/default/production/PLIB.X.a(s12_ports.o)
 .debug_loc     0x000075db      0xa68 ../../PLIB2_GIT/PLIB.X/dist/default/production/PLIB.X.a(s21_uart.o)
 .debug_loc     0x00008043      0x959 ../../PLIB2_GIT/PLIB.X/dist/default/production/PLIB.X.a(s31_dma.o)
 .debug_loc     0x0000899c      0x25d ../../PLIB2_GIT/PLIB.X/dist/default/production/PLIB.X.a(s08_interrupts.o)
 .debug_loc     0x00008bf9      0x2e5 ../../PLIB2_GIT/PLIB.X/dist/default/production/PLIB.X.a(s00_system.o)
 .debug_loc     0x00008ede      0x453 ../../PLIB2_GIT/PLIB.X/dist/default/production/PLIB.X.a(s34_can.o)
 .debug_loc     0x00009331       0xe4 ../../PLIB2_GIT/PLIB.X/dist/default/production/PLIB.X.a(errors.o)
 .debug_loc     0x00009415      0xa6a /Applications/microchip/xc32/v2.41/bin/bin/../../lib/gcc/pic32mx/4.8.3/speed/libgcc.a(_udivdi3.o)
 .debug_loc     0x00009e7f      0xa3d /Applications/microchip/xc32/v2.41/bin/bin/../../lib/gcc/pic32mx/4.8.3/speed/libgcc.a(_umoddi3.o)
 .debug_loc     0x0000a8bc       0x74 /Applications/microchip/xc32/v2.41/bin/bin/../../lib/gcc/pic32mx/4.8.3/speed/libgcc.a(floatunsisf.o)
 .debug_loc     0x0000a930       0x80 /Applications/microchip/xc32/v2.41/bin/bin/../../lib/gcc/pic32mx/4.8.3/speed/libgcc.a(floatunsidf.o)
 .debug_loc     0x0000a9b0       0x2c /Applications/microchip/xc32/v2.41/bin/bin/../../lib/gcc/pic32mx/4.8.3/../../../../pic32mx/lib/speed/libpic32.a(default-bootstrap-exception-handler.o)
 .debug_loc     0x0000a9dc       0x2c /Applications/microchip/xc32/v2.41/bin/bin/../../lib/gcc/pic32mx/4.8.3/../../../../pic32mx/lib/speed/libpic32.a(default-general-exception-handler.o)
 .debug_loc     0x0000aa08       0x20 /Applications/microchip/xc32/v2.41/bin/bin/../../lib/gcc/pic32mx/4.8.3/../../../../pic32mx/lib/speed/libm.a(w_pow.o)
 .debug_loc     0x0000aa28       0x2c /Applications/microchip/xc32/v2.41/bin/bin/../../lib/gcc/pic32mx/4.8.3/../../../../pic32mx/lib/speed/libm.a(w_log.o)
 .debug_loc     0x0000aa54       0xb0 /Applications/microchip/xc32/v2.41/bin/bin/../../lib/gcc/pic32mx/4.8.3/../../../../pic32mx/lib/speed/libpic32.a(isinf.o)

.debug_macinfo
 *(.debug_macinfo)

.debug_weaknames
 *(.debug_weaknames)

.debug_funcnames
 *(.debug_funcnames)

.debug_typenames
 *(.debug_typenames)

.debug_varnames
 *(.debug_varnames)

.debug_pubtypes
 *(.debug_pubtypes)

.debug_ranges   0x00000000     0x1538
 *(.debug_ranges)
 .debug_ranges  0x00000000       0x38 build/default/production/_ext/1472/main.o
 .debug_ranges  0x00000038      0x268 ../../PLIB2_GIT/PLIB.X/dist/default/production/PLIB.X.a(_LOG.o)
 .debug_ranges  0x000002a0      0x5a0 ../../PLIB2_GIT/PLIB.X/dist/default/production/PLIB.X.a(sd_card.o)
 .debug_ranges  0x00000840      0x338 ../../PLIB2_GIT/PLIB.X/dist/default/production/PLIB.X.a(ble.o)
 .debug_ranges  0x00000b78       0x78 ../../PLIB2_GIT/PLIB.X/dist/default/production/PLIB.X.a(utilities.o)
 .debug_ranges  0x00000bf0       0x78 ../../PLIB2_GIT/PLIB.X/dist/default/production/PLIB.X.a(s23_spi.o)
 .debug_ranges  0x00000c68      0x180 ../../PLIB2_GIT/PLIB.X/dist/default/production/PLIB.X.a(s24_i2c.o)
 .debug_ranges  0x00000de8       0xc8 ../../PLIB2_GIT/PLIB.X/dist/default/production/PLIB.X.a(s21_uart.o)
 .debug_ranges  0x00000eb0      0x278 ../../PLIB2_GIT/PLIB.X/dist/default/production/PLIB.X.a(s31_dma.o)
 .debug_ranges  0x00001128       0x60 ../../PLIB2_GIT/PLIB.X/dist/default/production/PLIB.X.a(s00_system.o)
 .debug_ranges  0x00001188      0x188 ../../PLIB2_GIT/PLIB.X/dist/default/production/PLIB.X.a(s34_can.o)
 .debug_ranges  0x00001310       0x98 /Applications/microchip/xc32/v2.41/bin/bin/../../lib/gcc/pic32mx/4.8.3/speed/libgcc.a(_udivdi3.o)
 .debug_ranges  0x000013a8       0xd8 /Applications/microchip/xc32/v2.41/bin/bin/../../lib/gcc/pic32mx/4.8.3/speed/libgcc.a(_umoddi3.o)
 .debug_ranges  0x00001480       0x10 /Applications/microchip/xc32/v2.41/bin/bin/../../lib/gcc/pic32mx/4.8.3/../../../../pic32mx/lib/speed/libpic32.a(default-bootstrap-exception-handler.o)
 .debug_ranges  0x00001490       0x10 /Applications/microchip/xc32/v2.41/bin/bin/../../lib/gcc/pic32mx/4.8.3/../../../../pic32mx/lib/speed/libpic32.a(default-on-reset.o)
 .debug_ranges  0x000014a0       0x10 /Applications/microchip/xc32/v2.41/bin/bin/../../lib/gcc/pic32mx/4.8.3/../../../../pic32mx/lib/speed/libpic32.a(default-on-bootstrap.o)
 .debug_ranges  0x000014b0       0x10 /Applications/microchip/xc32/v2.41/bin/bin/../../lib/gcc/pic32mx/4.8.3/../../../../pic32mx/lib/speed/libpic32.a(default-general-exception-handler.o)
 .debug_ranges  0x000014c0       0x10 /Applications/microchip/xc32/v2.41/bin/bin/../../lib/gcc/pic32mx/4.8.3/../../../../pic32mx/lib/speed/libpic32.a(defaultinterrupt.o)
 .debug_ranges  0x000014d0       0x10 /Applications/microchip/xc32/v2.41/bin/bin/../../lib/gcc/pic32mx/4.8.3/../../../../pic32mx/lib/speed/libm.a(w_pow.o)
 .debug_ranges  0x000014e0       0x10 /Applications/microchip/xc32/v2.41/bin/bin/../../lib/gcc/pic32mx/4.8.3/../../../../pic32mx/lib/speed/libm.a(w_log.o)
 .debug_ranges  0x000014f0       0x38 /Applications/microchip/xc32/v2.41/bin/bin/../../lib/gcc/pic32mx/4.8.3/../../../../pic32mx/lib/speed/libpic32.a(isinf.o)
 .debug_ranges  0x00001528       0x10 /Applications/microchip/xc32/v2.41/bin/bin/../../lib/gcc/pic32mx/4.8.3/../../../../pic32mx/lib/speed/libe.a(_unorddf2.o)

.gnu.attributes
                0x00000000       0x10
 *(.gnu.attributes)
 .gnu.attributes
                0x00000000       0x10 build/default/production/_ext/1472/config.o
 .gnu.attributes
                0x00000010       0x10 build/default/production/_ext/1472/interrupts.o
 .gnu.attributes
                0x00000020       0x10 build/default/production/_ext/1472/main.o
 .gnu.attributes
                0x00000030       0x10 ../../PLIB2_GIT/PLIB.X/dist/default/production/PLIB.X.a(_LOG.o)
 .gnu.attributes
                0x00000040       0x10 ../../PLIB2_GIT/PLIB.X/dist/default/production/PLIB.X.a(sd_card.o)
 .gnu.attributes
                0x00000050       0x10 ../../PLIB2_GIT/PLIB.X/dist/default/production/PLIB.X.a(ble.o)
 .gnu.attributes
                0x00000060       0x10 ../../PLIB2_GIT/PLIB.X/dist/default/production/PLIB.X.a(utilities.o)
 .gnu.attributes
                0x00000070       0x10 ../../PLIB2_GIT/PLIB.X/dist/default/production/PLIB.X.a(crc_16.o)
 .gnu.attributes
                0x00000080       0x10 ../../PLIB2_GIT/PLIB.X/dist/default/production/PLIB.X.a(s14_timers.o)
 .gnu.attributes
                0x00000090       0x10 ../../PLIB2_GIT/PLIB.X/dist/default/production/PLIB.X.a(s23_spi.o)
 .gnu.attributes
                0x000000a0       0x10 ../../PLIB2_GIT/PLIB.X/dist/default/production/PLIB.X.a(s17_adc.o)
 .gnu.attributes
                0x000000b0       0x10 ../../PLIB2_GIT/PLIB.X/dist/default/production/PLIB.X.a(s16_output_compare.o)
 .gnu.attributes
                0x000000c0       0x10 ../../PLIB2_GIT/PLIB.X/dist/default/production/PLIB.X.a(s24_i2c.o)
 .gnu.attributes
                0x000000d0       0x10 ../../PLIB2_GIT/PLIB.X/dist/default/production/PLIB.X.a(s12_ports.o)
 .gnu.attributes
                0x000000e0       0x10 ../../PLIB2_GIT/PLIB.X/dist/default/production/PLIB.X.a(s21_uart.o)
 .gnu.attributes
                0x000000f0       0x10 ../../PLIB2_GIT/PLIB.X/dist/default/production/PLIB.X.a(s31_dma.o)
 .gnu.attributes
                0x00000100       0x10 ../../PLIB2_GIT/PLIB.X/dist/default/production/PLIB.X.a(s07_resets.o)
 .gnu.attributes
                0x00000110       0x10 ../../PLIB2_GIT/PLIB.X/dist/default/production/PLIB.X.a(s08_interrupts.o)
 .gnu.attributes
                0x00000120       0x10 ../../PLIB2_GIT/PLIB.X/dist/default/production/PLIB.X.a(s00_system.o)
 .gnu.attributes
                0x00000130       0x10 ../../PLIB2_GIT/PLIB.X/dist/default/production/PLIB.X.a(s34_can.o)
 .gnu.attributes
                0x00000140       0x10 ../../PLIB2_GIT/PLIB.X/dist/default/production/PLIB.X.a(errors.o)
 .gnu.attributes
                0x00000150       0x10 /Applications/microchip/xc32/v2.41/bin/bin/../../lib/gcc/pic32mx/4.8.3/speed/libgcc.a(_udivdi3.o)
 .gnu.attributes
                0x00000160       0x10 /Applications/microchip/xc32/v2.41/bin/bin/../../lib/gcc/pic32mx/4.8.3/speed/libgcc.a(_umoddi3.o)
 .gnu.attributes
                0x00000170       0x10 /Applications/microchip/xc32/v2.41/bin/bin/../../lib/gcc/pic32mx/4.8.3/speed/libgcc.a(floatunsisf.o)
 .gnu.attributes
                0x00000180       0x10 /Applications/microchip/xc32/v2.41/bin/bin/../../lib/gcc/pic32mx/4.8.3/speed/libgcc.a(floatunsidf.o)
 .gnu.attributes
                0x00000190       0x10 /Applications/microchip/xc32/v2.41/bin/bin/../../lib/gcc/pic32mx/4.8.3/../../../../pic32mx/lib/speed/libpic32.a(default-bootstrap-exception-handler.o)
 .gnu.attributes
                0x000001a0       0x10 /Applications/microchip/xc32/v2.41/bin/bin/../../lib/gcc/pic32mx/4.8.3/../../../../pic32mx/lib/speed/libpic32.a(default-on-reset.o)
 .gnu.attributes
                0x000001b0       0x10 /Applications/microchip/xc32/v2.41/bin/bin/../../lib/gcc/pic32mx/4.8.3/../../../../pic32mx/lib/speed/libpic32.a(default-on-bootstrap.o)
 .gnu.attributes
                0x000001c0       0x10 /Applications/microchip/xc32/v2.41/bin/bin/../../lib/gcc/pic32mx/4.8.3/../../../../pic32mx/lib/speed/libpic32.a(default-general-exception-handler.o)
 .gnu.attributes
                0x000001d0       0x10 /Applications/microchip/xc32/v2.41/bin/bin/../../lib/gcc/pic32mx/4.8.3/../../../../pic32mx/lib/speed/libpic32.a(defaultinterrupt.o)
 .gnu.attributes
                0x000001e0       0x10 /Applications/microchip/xc32/v2.41/bin/bin/../../lib/gcc/pic32mx/4.8.3/../../../../pic32mx/lib/speed/libm.a(w_pow.o)
 .gnu.attributes
                0x000001f0       0x10 /Applications/microchip/xc32/v2.41/bin/bin/../../lib/gcc/pic32mx/4.8.3/../../../../pic32mx/lib/speed/libm.a(w_log.o)
 .gnu.attributes
                0x00000200       0x10 /Applications/microchip/xc32/v2.41/bin/bin/../../lib/gcc/pic32mx/4.8.3/../../../../pic32mx/lib/speed/libm.a(s_lib_ver.o)
 .gnu.attributes
                0x00000210       0x10 /Applications/microchip/xc32/v2.41/bin/bin/../../lib/gcc/pic32mx/4.8.3/../../../../pic32mx/lib/speed/libpic32.a(errno.o)
 .gnu.attributes
                0x00000220       0x10 /Applications/microchip/xc32/v2.41/bin/bin/../../lib/gcc/pic32mx/4.8.3/../../../../pic32mx/lib/speed/libpic32.a(isinf.o)
 .gnu.attributes
                0x00000230       0x10 /Applications/microchip/xc32/v2.41/bin/bin/../../lib/gcc/pic32mx/4.8.3/../../../../pic32mx/lib/speed/libe.a(_unorddf2.o)
LOAD /Applications/microchip/xc32/v2.41/bin/bin/../../lib/gcc/pic32mx/4.8.3/speed/libgcc.a
START GROUP
LOAD /Applications/microchip/xc32/v2.41/bin/bin/../../lib/gcc/pic32mx/4.8.3/../../../../pic32mx/lib/speed/libpic32.a
LOAD /Applications/microchip/xc32/v2.41/bin/bin/../../lib/gcc/pic32mx/4.8.3/../../../../pic32mx/lib/speed/libdebug.a
LOAD /Applications/microchip/xc32/v2.41/bin/bin/../../lib/gcc/pic32mx/4.8.3/../../../../pic32mx/lib/speed/libpic32.a
LOAD /Applications/microchip/xc32/v2.41/bin/bin/../../lib/gcc/pic32mx/4.8.3/../../../../pic32mx/lib/speed/libc.a
LOAD /Applications/microchip/xc32/v2.41/bin/bin/../../lib/gcc/pic32mx/4.8.3/../../../../pic32mx/lib/speed/libc.a
LOAD /Applications/microchip/xc32/v2.41/bin/bin/../../lib/gcc/pic32mx/4.8.3/../../../../pic32mx/lib/speed/libm.a
LOAD /Applications/microchip/xc32/v2.41/bin/bin/../../lib/gcc/pic32mx/4.8.3/../../../../pic32mx/lib/speed/libe.a
LOAD /Applications/microchip/xc32/v2.41/bin/bin/../../lib/gcc/pic32mx/4.8.3/../../../../pic32mx/lib/speed/libdsp.a
LOAD /Applications/microchip/xc32/v2.41/bin/bin/../../lib/gcc/pic32mx/4.8.3/speed/libgcc.a
LOAD /Applications/microchip/xc32/v2.41/bin/bin/../../lib/gcc/pic32mx/4.8.3/../../../../pic32mx/lib/speed/libpic32.a
END GROUP
LOAD /Applications/microchip/xc32/v2.41/bin/bin/../../lib/gcc/pic32mx/4.8.3/speed/libgcc.a
OUTPUT(dist/default/production/PROJECT.X.production.elf elf32-tradlittlemips)
LOAD stack
LOAD data_init

.reginfo        0x00000000       0x18
 .reginfo       0x00000000       0x18 /Applications/microchip/xc32/v2.41/bin/bin/../../lib/gcc/pic32mx/4.8.3/../../../../pic32mx/lib/speed/debug-exception-return.o

.stack          0xa000a5f0        0x0
 .stack         0xa000a5f0        0x0 stack

.bss            0xa00000fc     0x3ea4
 .bss           0xa00000fc     0x3ea4 ../../PLIB2_GIT/PLIB.X/dist/default/production/PLIB.X.a(_LOG.o)

.data           0xa0003fa0      0xa90
 .data          0xa0003fa0      0xa90 build/default/production/_ext/1472/main.o

.bss            0xa0004a30      0x998
 .bss           0xa0004a30      0x610 build/default/production/_ext/1472/main.o
 .bss           0xa0005040      0x388 ../../PLIB2_GIT/PLIB.X/dist/default/production/PLIB.X.a(sd_card.o)

.bss            0xa00053c8      0x120
 .bss           0xa00053c8      0x120 ../../PLIB2_GIT/PLIB.X/dist/default/production/PLIB.X.a(ble.o)

.data           0xa00054e8      0x188
 .data          0xa00054e8       0xe8 /Applications/microchip/xc32/v2.41/bin/bin/../../lib/gcc/pic32mx/4.8.3/../../../../pic32mx/lib/speed/libm.a(log32.o)
 .data          0xa00055d0       0xa0 /Applications/microchip/xc32/v2.41/bin/bin/../../lib/gcc/pic32mx/4.8.3/../../../../pic32mx/lib/speed/libm.a(exp32.o)

.bss            0xa0005670       0x60
 .bss           0xa0005670       0x60 ../../PLIB2_GIT/PLIB.X/dist/default/production/PLIB.X.a(s31_dma.o)

.data           0xa00056d0       0x30
 .data          0xa00056d0       0x30 ../../PLIB2_GIT/PLIB.X/dist/default/production/PLIB.X.a(s21_uart.o)
                0xa00056d0                p_uart_rx_reg
                0xa00056e8                p_uart_tx_reg

.bss            0xa0005700       0x58
 .bss           0xa0005700       0x30 ../../PLIB2_GIT/PLIB.X/dist/default/production/PLIB.X.a(s21_uart.o)
 .bss           0xa0005730       0x28 ../../PLIB2_GIT/PLIB.X/dist/default/production/PLIB.X.a(s24_i2c.o)

.data           0xa0005758       0x20
 .data          0xa0005758       0x20 ../../PLIB2_GIT/PLIB.X/dist/default/production/PLIB.X.a(s23_spi.o)
                0xa0005758                p_spi_rx_reg
                0xa0005768                p_spi_tx_reg

.bss            0xa0005778       0x24
 .bss           0xa0005778       0x14 ../../PLIB2_GIT/PLIB.X/dist/default/production/PLIB.X.a(s14_timers.o)
 .bss           0xa000578c       0x10 ../../PLIB2_GIT/PLIB.X/dist/default/production/PLIB.X.a(s23_spi.o)

.data           0xa000579c       0x10
 .data          0xa000579c       0x10 ../../PLIB2_GIT/PLIB.X/dist/default/production/PLIB.X.a(s31_dma.o)

.data.math_errhandling_flag
                0xa00057ac        0x4
 .data.math_errhandling_flag
                0xa00057ac        0x4 /Applications/microchip/xc32/v2.41/bin/bin/../../lib/gcc/pic32mx/4.8.3/../../../../pic32mx/lib/speed/libm.a(s_lib_ver.o)
                0xa00057ac                math_errhandling

.bss.errno      0xa00057b0        0x4
 .bss.errno     0xa00057b0        0x4 /Applications/microchip/xc32/v2.41/bin/bin/../../lib/gcc/pic32mx/4.8.3/../../../../pic32mx/lib/speed/libpic32.a(errno.o)
                0xa00057b0                errno

.bss%z1         0x00000000        0x0
 .bss           0x00000000        0x0 /Applications/microchip/xc32/v2.41/bin/bin/../../lib/gcc/pic32mx/4.8.3/../../../../pic32mx/lib/speed/libe.a(_unorddf2.o)

.data%z2        0x00000000        0x0
 .data          0x00000000        0x0 /Applications/microchip/xc32/v2.41/bin/bin/../../lib/gcc/pic32mx/4.8.3/../../../../pic32mx/lib/speed/libe.a(_unorddf2.o)

.bss%z3         0x00000000        0x0
 .bss           0x00000000        0x0 /Applications/microchip/xc32/v2.41/bin/bin/../../lib/gcc/pic32mx/4.8.3/../../../../pic32mx/lib/speed/libpic32.a(isinf.o)

.data%z4        0x00000000        0x0
 .data          0x00000000        0x0 /Applications/microchip/xc32/v2.41/bin/bin/../../lib/gcc/pic32mx/4.8.3/../../../../pic32mx/lib/speed/libpic32.a(isinf.o)

.bss%z5         0x00000000        0x0
 .bss           0x00000000        0x0 /Applications/microchip/xc32/v2.41/bin/bin/../../lib/gcc/pic32mx/4.8.3/../../../../pic32mx/lib/speed/libpic32.a(errno.o)

.data%z6        0x00000000        0x0
 .data          0x00000000        0x0 /Applications/microchip/xc32/v2.41/bin/bin/../../lib/gcc/pic32mx/4.8.3/../../../../pic32mx/lib/speed/libpic32.a(errno.o)

.bss%z7         0x00000000        0x0
 .bss           0x00000000        0x0 /Applications/microchip/xc32/v2.41/bin/bin/../../lib/gcc/pic32mx/4.8.3/../../../../pic32mx/lib/speed/libm.a(exp32.o)

.bss%z8         0x00000000        0x0
 .bss           0x00000000        0x0 /Applications/microchip/xc32/v2.41/bin/bin/../../lib/gcc/pic32mx/4.8.3/../../../../pic32mx/lib/speed/libm.a(sigmax.o)

.data%z9        0x00000000        0x0
 .data          0x00000000        0x0 /Applications/microchip/xc32/v2.41/bin/bin/../../lib/gcc/pic32mx/4.8.3/../../../../pic32mx/lib/speed/libm.a(sigmax.o)

.bss%z10        0x00000000        0x0
 .bss           0x00000000        0x0 /Applications/microchip/xc32/v2.41/bin/bin/../../lib/gcc/pic32mx/4.8.3/../../../../pic32mx/lib/speed/libm.a(exmul.o)

.data%z11       0x00000000        0x0
 .data          0x00000000        0x0 /Applications/microchip/xc32/v2.41/bin/bin/../../lib/gcc/pic32mx/4.8.3/../../../../pic32mx/lib/speed/libm.a(exmul.o)

.bss%z12        0x00000000        0x0
 .bss           0x00000000        0x0 /Applications/microchip/xc32/v2.41/bin/bin/../../lib/gcc/pic32mx/4.8.3/../../../../pic32mx/lib/speed/libm.a(exdiv.o)

.data%z13       0x00000000        0x0
 .data          0x00000000        0x0 /Applications/microchip/xc32/v2.41/bin/bin/../../lib/gcc/pic32mx/4.8.3/../../../../pic32mx/lib/speed/libm.a(exdiv.o)

.bss%z14        0x00000000        0x0
 .bss           0x00000000        0x0 /Applications/microchip/xc32/v2.41/bin/bin/../../lib/gcc/pic32mx/4.8.3/../../../../pic32mx/lib/speed/libm.a(exadd.o)

.data%z15       0x00000000        0x0
 .data          0x00000000        0x0 /Applications/microchip/xc32/v2.41/bin/bin/../../lib/gcc/pic32mx/4.8.3/../../../../pic32mx/lib/speed/libm.a(exadd.o)

.bss%z16        0x00000000        0x0
 .bss           0x00000000        0x0 /Applications/microchip/xc32/v2.41/bin/bin/../../lib/gcc/pic32mx/4.8.3/../../../../pic32mx/lib/speed/libm.a(log32.o)

.bss%z17        0x00000000        0x0
 .bss           0x00000000        0x0 /Applications/microchip/xc32/v2.41/bin/bin/../../lib/gcc/pic32mx/4.8.3/../../../../pic32mx/lib/speed/libm.a(pow32.o)

.data%z18       0x00000000        0x0
 .data          0x00000000        0x0 /Applications/microchip/xc32/v2.41/bin/bin/../../lib/gcc/pic32mx/4.8.3/../../../../pic32mx/lib/speed/libm.a(pow32.o)

.bss%z19        0x00000000        0x0
 .bss           0x00000000        0x0 /Applications/microchip/xc32/v2.41/bin/bin/../../lib/gcc/pic32mx/4.8.3/../../../../pic32mx/lib/speed/libm.a(dpmodf.o)

.data%z20       0x00000000        0x0
 .data          0x00000000        0x0 /Applications/microchip/xc32/v2.41/bin/bin/../../lib/gcc/pic32mx/4.8.3/../../../../pic32mx/lib/speed/libm.a(dpmodf.o)
