Archive member included because of file (symbol)

../../PLIB2_GIT/PLIB.X/dist/default/production/PLIB.X.a(_EXAMPLES_.o)
                              build/default/production/_ext/1472/main.o (_EXAMPLE_TPS92662)
../../PLIB2_GIT/PLIB.X/dist/default/production/PLIB.X.a(_LOG.o)
                              build/default/production/_ext/1472/main.o (log_init)
../../PLIB2_GIT/PLIB.X/dist/default/production/PLIB.X.a(pink_lady.o)
                              ../../PLIB2_GIT/PLIB.X/dist/default/production/PLIB.X.a(_EXAMPLES_.o) (pink_lady_deamon)
../../PLIB2_GIT/PLIB.X/dist/default/production/PLIB.X.a(sd_card.o)
                              ../../PLIB2_GIT/PLIB.X/dist/default/production/PLIB.X.a(_EXAMPLES_.o) (sd_card_deamon)
../../PLIB2_GIT/PLIB.X/dist/default/production/PLIB.X.a(e_mcp23s17.o)
                              ../../PLIB2_GIT/PLIB.X/dist/default/production/PLIB.X.a(_EXAMPLES_.o) (e_mcp23s17_deamon)
../../PLIB2_GIT/PLIB.X/dist/default/production/PLIB.X.a(e_at42qt2120.o)
                              ../../PLIB2_GIT/PLIB.X/dist/default/production/PLIB.X.a(_EXAMPLES_.o) (e_at42qt2120_deamon)
../../PLIB2_GIT/PLIB.X/dist/default/production/PLIB.X.a(e_pca9685.o)
                              ../../PLIB2_GIT/PLIB.X/dist/default/production/PLIB.X.a(_EXAMPLES_.o) (e_pca9685_deamon)
../../PLIB2_GIT/PLIB.X/dist/default/production/PLIB.X.a(e_veml7700.o)
                              ../../PLIB2_GIT/PLIB.X/dist/default/production/PLIB.X.a(_EXAMPLES_.o) (e_veml7700_deamon)
../../PLIB2_GIT/PLIB.X/dist/default/production/PLIB.X.a(e_tps92662.o)
                              ../../PLIB2_GIT/PLIB.X/dist/default/production/PLIB.X.a(_EXAMPLES_.o) (e_tps92662_deamon)
../../PLIB2_GIT/PLIB.X/dist/default/production/PLIB.X.a(e_grove_motor_tb6612fng.o)
                              ../../PLIB2_GIT/PLIB.X/dist/default/production/PLIB.X.a(_EXAMPLES_.o) (e_grove_motor_tb6612fng_deamon)
../../PLIB2_GIT/PLIB.X/dist/default/production/PLIB.X.a(ble.o)
                              build/default/production/_ext/1472/main.o (ble_init)
../../PLIB2_GIT/PLIB.X/dist/default/production/PLIB.X.a(utilities.o)
                              ../../PLIB2_GIT/PLIB.X/dist/default/production/PLIB.X.a(_EXAMPLES_.o) (fu_switch)
../../PLIB2_GIT/PLIB.X/dist/default/production/PLIB.X.a(string_advance.o)
                              ../../PLIB2_GIT/PLIB.X/dist/default/production/PLIB.X.a(_EXAMPLES_.o) (transform_uint8_t_tab_to_string)
../../PLIB2_GIT/PLIB.X/dist/default/production/PLIB.X.a(lin.o)
                              ../../PLIB2_GIT/PLIB.X/dist/default/production/PLIB.X.a(_EXAMPLES_.o) (lin_master_deamon)
../../PLIB2_GIT/PLIB.X/dist/default/production/PLIB.X.a(software_pwm.o)
                              ../../PLIB2_GIT/PLIB.X/dist/default/production/PLIB.X.a(_EXAMPLES_.o) (software_pwm_init)
../../PLIB2_GIT/PLIB.X/dist/default/production/PLIB.X.a(crc_16.o)
                              ../../PLIB2_GIT/PLIB.X/dist/default/production/PLIB.X.a(_EXAMPLES_.o) (crc16_fast_poly_0x8005)
../../PLIB2_GIT/PLIB.X/dist/default/production/PLIB.X.a(errors.o)
                              ../../PLIB2_GIT/PLIB.X/dist/default/production/PLIB.X.a(e_grove_motor_tb6612fng.o) (__errors)
../../PLIB2_GIT/PLIB.X/dist/default/production/PLIB.X.a(s14_timers.o)
                              ../../PLIB2_GIT/PLIB.X/dist/default/production/PLIB.X.a(_EXAMPLES_.o) (timer_init_2345_us)
../../PLIB2_GIT/PLIB.X/dist/default/production/PLIB.X.a(s23_spi.o)
                              ../../PLIB2_GIT/PLIB.X/dist/default/production/PLIB.X.a(_EXAMPLES_.o) (spi_init)
../../PLIB2_GIT/PLIB.X/dist/default/production/PLIB.X.a(s17_adc.o)
                              build/default/production/_ext/1472/config.o (adc10_init)
../../PLIB2_GIT/PLIB.X/dist/default/production/PLIB.X.a(s16_output_compare.o)
                              build/default/production/_ext/1472/main.o (pwm_init)
../../PLIB2_GIT/PLIB.X/dist/default/production/PLIB.X.a(s24_i2c.o)
                              ../../PLIB2_GIT/PLIB.X/dist/default/production/PLIB.X.a(errors.o) (i2c_enable)
../../PLIB2_GIT/PLIB.X/dist/default/production/PLIB.X.a(s12_ports.o)
                              build/default/production/_ext/1472/config.o (ports_change_notice_init)
../../PLIB2_GIT/PLIB.X/dist/default/production/PLIB.X.a(s21_uart.o)
                              ../../PLIB2_GIT/PLIB.X/dist/default/production/PLIB.X.a(_EXAMPLES_.o) (uart_init)
../../PLIB2_GIT/PLIB.X/dist/default/production/PLIB.X.a(s31_dma.o)
                              ../../PLIB2_GIT/PLIB.X/dist/default/production/PLIB.X.a(_EXAMPLES_.o) (dma_init)
../../PLIB2_GIT/PLIB.X/dist/default/production/PLIB.X.a(s07_resets.o)
                              ../../PLIB2_GIT/PLIB.X/dist/default/production/PLIB.X.a(ble.o) (software_reset)
../../PLIB2_GIT/PLIB.X/dist/default/production/PLIB.X.a(s08_interrupts.o)
                              build/default/production/_ext/1472/config.o (irq_link_data_priority)
[...]
Memory Configuration

Name             Origin             Length             Attributes
kseg0_program_mem 0x9d000000         0x00080000         xr
kseg0_boot_mem   0x9fc00490         0x00000970
exception_mem    0x9fc01000         0x00001000
kseg1_boot_mem   0xbfc00000         0x00000490
debug_exec_mem   0xbfc02000         0x00000ff0
config3          0xbfc02ff0         0x00000004
config2          0xbfc02ff4         0x00000004
config1          0xbfc02ff8         0x00000004
config0          0xbfc02ffc         0x00000004
kseg1_data_mem   0xa0000000         0x00020000         w !x
sfrs             0xbf800000         0x00100000
configsfrs       0xbfc02ff0         0x00000010
*default*        0x00000000         0xffffffff

Linker script and memory map

LOAD /Applications/microchip/xc32/v2.41/bin/bin/../../lib/gcc/pic32mx/4.8.3/../../../../pic32mx/lib/speed/debug-exception-return.o
LOAD build/default/production/_ext/1472/config.o
LOAD build/default/production/_ext/1472/interrupts.o
LOAD build/default/production/_ext/1472/main.o
LOAD ../../PLIB2_GIT/PLIB.X/dist/default/production/PLIB.X.a
                0x00000001                __MPLAB_BUILD = 0x1
                0x00004e20                _min_heap_size = 0x4e20
                0x00000000                _min_stack_size = 0x0
LOAD /var/folders/nb/nscgpnq50m3_t2k_4gt8dg080000gn/T//ccZZyAAZ.o
LOAD /var/folders/nb/nscgpnq50m3_t2k_4gt8dg080000gn/T//ccAzev1E.o
LOAD /var/folders/nb/nscgpnq50m3_t2k_4gt8dg080000gn/T//ccSWBFcA.o
LOAD /Applications/microchip/xc32/v2.41/bin/bin/../../lib/gcc/pic32mx/4.8.3/../../../../pic32mx/lib/speed/pic32_software_reset.o
                0x00000400                PROVIDE (_min_stack_size, 0x400)
START GROUP
LOAD /Applications/microchip/xc32/v2.41/bin/bin/../../lib/gcc/pic32mx/4.8.3/../../../../pic32mx/lib/./proc/32MX795F512L/processor.o
END GROUP
START GROUP
LOAD libmchp_peripheral.a
END GROUP
START GROUP
LOAD libmchp_peripheral_32MX795F512L.a
END GROUP
                0x00000001                PROVIDE (_vector_spacing, 0x1)
                0x9fc01000                PROVIDE (_ebase_address, 0x9fc01000)
                0xbfc00000                _RESET_ADDR = 0xbfc00000
                0xbfc00380                _BEV_EXCPT_ADDR = 0xbfc00380
                0xbfc00480                _DBG_EXCPT_ADDR = 0xbfc00480
                0xbfc02000                _DBG_CODE_ADDR = 0xbfc02000
                0x00000ff0                _DBG_CODE_SIZE = 0xff0
                0x9fc01180                _GEN_EXCPT_ADDR = (_ebase_address + 0x180)

.config_BFC02FF0
                0xbfc02ff0        0x4
 *(.config_BFC02FF0)
 .config_BFC02FF0
                0xbfc02ff0        0x4 build/default/production/_ext/1472/main.o

.config_BFC02FF4
                0xbfc02ff4        0x4
 *(.config_BFC02FF4)
 .config_BFC02FF4
                0xbfc02ff4        0x4 build/default/production/_ext/1472/main.o

.config_BFC02FF8
                0xbfc02ff8        0x4
 *(.config_BFC02FF8)
 .config_BFC02FF8
                0xbfc02ff8        0x4 build/default/production/_ext/1472/main.o

.config_BFC02FFC
                0xbfc02ffc        0x4
 *(.config_BFC02FFC)
 .config_BFC02FFC
                0xbfc02ffc        0x4 build/default/production/_ext/1472/main.o
                0xbfc02000                PROVIDE (_DBG_CODE_ADDR, 0xbfc02000)
                0x00000ff0                PROVIDE (_DBG_CODE_SIZE, 0xff0)

.reset          0xbfc00000      0x19c
 *(.reset)
 .reset         0xbfc00000        0x8 /var/folders/nb/nscgpnq50m3_t2k_4gt8dg080000gn/T//ccZZyAAZ.o
                0xbfc00000                _reset
 *(.reset.startup)
 .reset.startup
                0xbfc00008      0x194 /var/folders/nb/nscgpnq50m3_t2k_4gt8dg080000gn/T//ccZZyAAZ.o
                0xbfc00008                _startup

.bev_excpt      0xbfc00380       0x10
 *(.bev_handler)
 .bev_handler   0xbfc00380       0x10 /var/folders/nb/nscgpnq50m3_t2k_4gt8dg080000gn/T//ccZZyAAZ.o

.dbg_excpt      0xbfc00480        0x0
                0xbfc00480                . = (. + DEFINED (_DEBUGGER)?0x8:0x0)

.dbg_code       0xbfc02000        0x0
                0xbfc02000                . = (. + DEFINED (_DEBUGGER)?_DBG_CODE_SIZE:0x0)

.app_excpt      0x9fc01180       0x10
 *(.gen_handler)
 .gen_handler   0x9fc01180       0x10 /var/folders/nb/nscgpnq50m3_t2k_4gt8dg080000gn/T//ccZZyAAZ.o

.vector_0       0x9fc01200        0x8
 *(.vector_0)
 .vector_0      0x9fc01200        0x8 /Applications/microchip/xc32/v2.41/bin/bin/../../lib/gcc/pic32mx/4.8.3/../../../../pic32mx/lib/speed/libpic32.a(vector0.o)
                0x9fc01200                __vector_dispatch_0
                0x00000001                ASSERT (((_vector_spacing == 0x0) || (SIZEOF (.vector_0) <= (_vector_spacing << 0x5))), function at exception vector 0 too large)

.vector_1       0x9fc01220        0x8
 *(.vector_1)
 .vector_1      0x9fc01220        0x8 /Applications/microchip/xc32/v2.41/bin/bin/../../lib/gcc/pic32mx/4.8.3/../../../../pic32mx/lib/speed/libpic32.a(vector1.o)
                0x9fc01220                __vector_dispatch_1
                0x00000001                ASSERT (((_vector_spacing == 0x0) || (SIZEOF (.vector_1) <= (_vector_spacing << 0x5))), function at exception vector 1 too large)

.vector_2       0x9fc01240        0x8
 *(.vector_2)
 .vector_2      0x9fc01240        0x8 /Applications/microchip/xc32/v2.41/bin/bin/../../lib/gcc/pic32mx/4.8.3/../../../../pic32mx/lib/speed/libpic32.a(vector2.o)
                0x9fc01240                __vector_dispatch_2
                0x00000001                ASSERT (((_vector_spacing == 0x0) || (SIZEOF (.vector_2) <= (_vector_spacing << 0x5))), function at exception vector 2 too large)

.vector_3       0x9fc01260        0x8
 *(.vector_3)
 .vector_3      0x9fc01260        0x8 /Applications/microchip/xc32/v2.41/bin/bin/../../lib/gcc/pic32mx/4.8.3/../../../../pic32mx/lib/speed/libpic32.a(vector3.o)
                0x9fc01260                __vector_dispatch_3
                0x00000001                ASSERT (((_vector_spacing == 0x0) || (SIZEOF (.vector_3) <= (_vector_spacing << 0x5))), function at exception vector 3 too large)

.vector_4       0x9fc01280        0x8
 *(.vector_4)
 .vector_4      0x9fc01280        0x8 build/default/production/_ext/1472/interrupts.o
                0x9fc01280                __vector_dispatch_4
                0x00000001                ASSERT (((_vector_spacing == 0x0) || (SIZEOF (.vector_4) <= (_vector_spacing << 0x5))), function at exception vector 4 too large)

.vector_5       0x9fc012a0        0x8
 *(.vector_5)
 .vector_5      0x9fc012a0        0x8 /Applications/microchip/xc32/v2.41/bin/bin/../../lib/gcc/pic32mx/4.8.3/../../../../pic32mx/lib/speed/libpic32.a(vector5.o)
                0x9fc012a0                __vector_dispatch_5
                0x00000001                ASSERT (((_vector_spacing == 0x0) || (SIZEOF (.vector_5) <= (_vector_spacing << 0x5))), function at exception vector 5 too large)

.vector_6       0x9fc012c0        0x8
 *(.vector_6)
 .vector_6      0x9fc012c0        0x8 /Applications/microchip/xc32/v2.41/bin/bin/../../lib/gcc/pic32mx/4.8.3/../../../../pic32mx/lib/speed/libpic32.a(vector6.o)
                0x9fc012c0                __vector_dispatch_6
                0x00000001                ASSERT (((_vector_spacing == 0x0) || (SIZEOF (.vector_6) <= (_vector_spacing << 0x5))), function at exception vector 6 too large)

.vector_7       0x9fc012e0        0x8
 *(.vector_7)
 .vector_7      0x9fc012e0        0x8 /Applications/microchip/xc32/v2.41/bin/bin/../../lib/gcc/pic32mx/4.8.3/../../../../pic32mx/lib/speed/libpic32.a(vector7.o)
                0x9fc012e0                __vector_dispatch_7
                0x00000001                ASSERT (((_vector_spacing == 0x0) || (SIZEOF (.vector_7) <= (_vector_spacing << 0x5))), function at exception vector 7 too large)

.vector_8       0x9fc01300        0x8
 *(.vector_8)
 .vector_8      0x9fc01300        0x8 build/default/production/_ext/1472/interrupts.o
                0x9fc01300                __vector_dispatch_8
                0x00000001                ASSERT (((_vector_spacing == 0x0) || (SIZEOF (.vector_8) <= (_vector_spacing << 0x5))), function at exception vector 8 too large)

.vector_9       0x9fc01320        0x8
 *(.vector_9)
 .vector_9      0x9fc01320        0x8 /Applications/microchip/xc32/v2.41/bin/bin/../../lib/gcc/pic32mx/4.8.3/../../../../pic32mx/lib/speed/libpic32.a(vector9.o)
                0x9fc01320                __vector_dispatch_9
                0x00000001                ASSERT (((_vector_spacing == 0x0) || (SIZEOF (.vector_9) <= (_vector_spacing << 0x5))), function at exception vector 9 too large)

.vector_10      0x9fc01340        0x8
 *(.vector_10)
 .vector_10     0x9fc01340        0x8 /Applications/microchip/xc32/v2.41/bin/bin/../../lib/gcc/pic32mx/4.8.3/../../../../pic32mx/lib/speed/libpic32.a(vector10.o)
                0x9fc01340                __vector_dispatch_10
                0x00000001                ASSERT (((_vector_spacing == 0x0) || (SIZEOF (.vector_10) <= (_vector_spacing << 0x5))), function at exception vector 10 too large)

.vector_11      0x9fc01360        0x8
 *(.vector_11)
 .vector_11     0x9fc01360        0x8 /Applications/microchip/xc32/v2.41/bin/bin/../../lib/gcc/pic32mx/4.8.3/../../../../pic32mx/lib/speed/libpic32.a(vector11.o)
                0x9fc01360                __vector_dispatch_11
                0x00000001                ASSERT (((_vector_spacing == 0x0) || (SIZEOF (.vector_11) <= (_vector_spacing << 0x5))), function at exception vector 11 too large)

.vector_12      0x9fc01380        0x8
 *(.vector_12)
 .vector_12     0x9fc01380        0x8 build/default/production/_ext/1472/interrupts.o
                0x9fc01380                __vector_dispatch_12
                0x00000001                ASSERT (((_vector_spacing == 0x0) || (SIZEOF (.vector_12) <= (_vector_spacing << 0x5))), function at exception vector 12 too large)

.vector_13      0x9fc013a0        0x8
 *(.vector_13)
 .vector_13     0x9fc013a0        0x8 /Applications/microchip/xc32/v2.41/bin/bin/../../lib/gcc/pic32mx/4.8.3/../../../../pic32mx/lib/speed/libpic32.a(vector13.o)
                0x9fc013a0                __vector_dispatch_13
                0x00000001                ASSERT (((_vector_spacing == 0x0) || (SIZEOF (.vector_13) <= (_vector_spacing << 0x5))), function at exception vector 13 too large)

.vector_14      0x9fc013c0        0x8
 *(.vector_14)
 .vector_14     0x9fc013c0        0x8 /Applications/microchip/xc32/v2.41/bin/bin/../../lib/gcc/pic32mx/4.8.3/../../../../pic32mx/lib/speed/libpic32.a(vector14.o)
                0x9fc013c0                __vector_dispatch_14
                0x00000001                ASSERT (((_vector_spacing == 0x0) || (SIZEOF (.vector_14) <= (_vector_spacing << 0x5))), function at exception vector 14 too large)

.vector_15      0x9fc013e0        0x8
 *(.vector_15)
 .vector_15     0x9fc013e0        0x8 /Applications/microchip/xc32/v2.41/bin/bin/../../lib/gcc/pic32mx/4.8.3/../../../../pic32mx/lib/speed/libpic32.a(vector15.o)
                0x9fc013e0                __vector_dispatch_15
                0x00000001                ASSERT (((_vector_spacing == 0x0) || (SIZEOF (.vector_15) <= (_vector_spacing << 0x5))), function at exception vector 15 too large)

.vector_16      0x9fc01400        0x8
 *(.vector_16)
 .vector_16     0x9fc01400        0x8 build/default/production/_ext/1472/interrupts.o
                0x9fc01400                __vector_dispatch_16
                0x00000001                ASSERT (((_vector_spacing == 0x0) || (SIZEOF (.vector_16) <= (_vector_spacing << 0x5))), function at exception vector 16 too large)

.vector_17      0x9fc01420        0x8
 *(.vector_17)
 .vector_17     0x9fc01420        0x8 /Applications/microchip/xc32/v2.41/bin/bin/../../lib/gcc/pic32mx/4.8.3/../../../../pic32mx/lib/speed/libpic32.a(vector17.o)
                0x9fc01420                __vector_dispatch_17
                0x00000001                ASSERT (((_vector_spacing == 0x0) || (SIZEOF (.vector_17) <= (_vector_spacing << 0x5))), function at exception vector 17 too large)

.vector_18      0x9fc01440        0x8
 *(.vector_18)
 .vector_18     0x9fc01440        0x8 /Applications/microchip/xc32/v2.41/bin/bin/../../lib/gcc/pic32mx/4.8.3/../../../../pic32mx/lib/speed/libpic32.a(vector18.o)
                0x9fc01440                __vector_dispatch_18
                0x00000001                ASSERT (((_vector_spacing == 0x0) || (SIZEOF (.vector_18) <= (_vector_spacing << 0x5))), function at exception vector 18 too large)

.vector_19      0x9fc01460        0x8
 *(.vector_19)
 .vector_19     0x9fc01460        0x8 /Applications/microchip/xc32/v2.41/bin/bin/../../lib/gcc/pic32mx/4.8.3/../../../../pic32mx/lib/speed/libpic32.a(vector19.o)
                0x9fc01460                __vector_dispatch_19
                0x00000001                ASSERT (((_vector_spacing == 0x0) || (SIZEOF (.vector_19) <= (_vector_spacing << 0x5))), function at exception vector 19 too large)

.vector_20      0x9fc01480        0x8
 *(.vector_20)
 .vector_20     0x9fc01480        0x8 build/default/production/_ext/1472/interrupts.o
                0x9fc01480                __vector_dispatch_20
                0x00000001                ASSERT (((_vector_spacing == 0x0) || (SIZEOF (.vector_20) <= (_vector_spacing << 0x5))), function at exception vector 20 too large)

.vector_21      0x9fc014a0        0x8
 *(.vector_21)
 .vector_21     0x9fc014a0        0x8 /Applications/microchip/xc32/v2.41/bin/bin/../../lib/gcc/pic32mx/4.8.3/../../../../pic32mx/lib/speed/libpic32.a(vector21.o)
                0x9fc014a0                __vector_dispatch_21
                0x00000001                ASSERT (((_vector_spacing == 0x0) || (SIZEOF (.vector_21) <= (_vector_spacing << 0x5))), function at exception vector 21 too large)

.vector_22      0x9fc014c0        0x8
 *(.vector_22)
 .vector_22     0x9fc014c0        0x8 /Applications/microchip/xc32/v2.41/bin/bin/../../lib/gcc/pic32mx/4.8.3/../../../../pic32mx/lib/speed/libpic32.a(vector22.o)
                0x9fc014c0                __vector_dispatch_22
                0x00000001                ASSERT (((_vector_spacing == 0x0) || (SIZEOF (.vector_22) <= (_vector_spacing << 0x5))), function at exception vector 22 too large)

.vector_23      0x9fc014e0        0x8
 *(.vector_23)
 .vector_23     0x9fc014e0        0x8 build/default/production/_ext/1472/interrupts.o
                0x9fc014e0                __vector_dispatch_23
                0x00000001                ASSERT (((_vector_spacing == 0x0) || (SIZEOF (.vector_23) <= (_vector_spacing << 0x5))), function at exception vector 23 too large)

.vector_24      0x9fc01500        0x8
 *(.vector_24)
 .vector_24     0x9fc01500        0x8 build/default/production/_ext/1472/interrupts.o
                0x9fc01500                __vector_dispatch_24
                0x00000001                ASSERT (((_vector_spacing == 0x0) || (SIZEOF (.vector_24) <= (_vector_spacing << 0x5))), function at exception vector 24 too large)

.vector_25      0x9fc01520        0x8
 *(.vector_25)
 .vector_25     0x9fc01520        0x8 build/default/production/_ext/1472/interrupts.o
                0x9fc01520                __vector_dispatch_25
                0x00000001                ASSERT (((_vector_spacing == 0x0) || (SIZEOF (.vector_25) <= (_vector_spacing << 0x5))), function at exception vector 25 too large)

.vector_26      0x9fc01540        0x8
 *(.vector_26)
 .vector_26     0x9fc01540        0x8 build/default/production/_ext/1472/interrupts.o
                0x9fc01540                __vector_dispatch_26
                0x00000001                ASSERT (((_vector_spacing == 0x0) || (SIZEOF (.vector_26) <= (_vector_spacing << 0x5))), function at exception vector 26 too large)

.vector_27      0x9fc01560        0x8
 *(.vector_27)
 .vector_27     0x9fc01560        0x8 build/default/production/_ext/1472/interrupts.o
                0x9fc01560                __vector_dispatch_27
                0x00000001                ASSERT (((_vector_spacing == 0x0) || (SIZEOF (.vector_27) <= (_vector_spacing << 0x5))), function at exception vector 27 too large)

.vector_28      0x9fc01580        0x8
 *(.vector_28)
 .vector_28     0x9fc01580        0x8 /Applications/microchip/xc32/v2.41/bin/bin/../../lib/gcc/pic32mx/4.8.3/../../../../pic32mx/lib/speed/libpic32.a(vector28.o)
                0x9fc01580                __vector_dispatch_28
                0x00000001                ASSERT (((_vector_spacing == 0x0) || (SIZEOF (.vector_28) <= (_vector_spacing << 0x5))), function at exception vector 28 too large)

.vector_29      0x9fc015a0        0x8
 *(.vector_29)
 .vector_29     0x9fc015a0        0x8 /Applications/microchip/xc32/v2.41/bin/bin/../../lib/gcc/pic32mx/4.8.3/../../../../pic32mx/lib/speed/libpic32.a(vector29.o)
                0x9fc015a0                __vector_dispatch_29
                0x00000001                ASSERT (((_vector_spacing == 0x0) || (SIZEOF (.vector_29) <= (_vector_spacing << 0x5))), function at exception vector 29 too large)

.vector_30      0x9fc015c0        0x8
 *(.vector_30)
 .vector_30     0x9fc015c0        0x8 /Applications/microchip/xc32/v2.41/bin/bin/../../lib/gcc/pic32mx/4.8.3/../../../../pic32mx/lib/speed/libpic32.a(vector30.o)
                0x9fc015c0                __vector_dispatch_30
                0x00000001                ASSERT (((_vector_spacing == 0x0) || (SIZEOF (.vector_30) <= (_vector_spacing << 0x5))), function at exception vector 30 too large)

.vector_31      0x9fc015e0        0x8
 *(.vector_31)
 .vector_31     0x9fc015e0        0x8 build/default/production/_ext/1472/interrupts.o
                0x9fc015e0                __vector_dispatch_31
                0x00000001                ASSERT (((_vector_spacing == 0x0) || (SIZEOF (.vector_31) <= (_vector_spacing << 0x5))), function at exception vector 31 too large)

.vector_32      0x9fc01600        0x8
 *(.vector_32)
 .vector_32     0x9fc01600        0x8 build/default/production/_ext/1472/interrupts.o
                0x9fc01600                __vector_dispatch_32
                0x00000001                ASSERT (((_vector_spacing == 0x0) || (SIZEOF (.vector_32) <= (_vector_spacing << 0x5))), function at exception vector 32 too large)

.vector_33      0x9fc01620        0x8
 *(.vector_33)
 .vector_33     0x9fc01620        0x8 build/default/production/_ext/1472/interrupts.o
                0x9fc01620                __vector_dispatch_33
                0x00000001                ASSERT (((_vector_spacing == 0x0) || (SIZEOF (.vector_33) <= (_vector_spacing << 0x5))), function at exception vector 33 too large)

.vector_34      0x9fc01640        0x8
 *(.vector_34)
 .vector_34     0x9fc01640        0x8 /Applications/microchip/xc32/v2.41/bin/bin/../../lib/gcc/pic32mx/4.8.3/../../../../pic32mx/lib/speed/libpic32.a(vector34.o)
                0x9fc01640                __vector_dispatch_34
                0x00000001                ASSERT (((_vector_spacing == 0x0) || (SIZEOF (.vector_34) <= (_vector_spacing << 0x5))), function at exception vector 34 too large)

.vector_35      0x9fc01660        0x8
 *(.vector_35)
 .vector_35     0x9fc01660        0x8 /Applications/microchip/xc32/v2.41/bin/bin/../../lib/gcc/pic32mx/4.8.3/../../../../pic32mx/lib/speed/libpic32.a(vector35.o)
                0x9fc01660                __vector_dispatch_35
                0x00000001                ASSERT (((_vector_spacing == 0x0) || (SIZEOF (.vector_35) <= (_vector_spacing << 0x5))), function at exception vector 35 too large)

.vector_36      0x9fc01680        0x8
 *(.vector_36)
 .vector_36     0x9fc01680        0x8 build/default/production/_ext/1472/interrupts.o
                0x9fc01680                __vector_dispatch_36
                0x00000001                ASSERT (((_vector_spacing == 0x0) || (SIZEOF (.vector_36) <= (_vector_spacing << 0x5))), function at exception vector 36 too large)

.vector_37      0x9fc016a0        0x8
 *(.vector_37)
 .vector_37     0x9fc016a0        0x8 build/default/production/_ext/1472/interrupts.o
                0x9fc016a0                __vector_dispatch_37
                0x00000001                ASSERT (((_vector_spacing == 0x0) || (SIZEOF (.vector_37) <= (_vector_spacing << 0x5))), function at exception vector 37 too large)

.vector_38      0x9fc016c0        0x8
 *(.vector_38)
 .vector_38     0x9fc016c0        0x8 build/default/production/_ext/1472/interrupts.o
                0x9fc016c0                __vector_dispatch_38
                0x00000001                ASSERT (((_vector_spacing == 0x0) || (SIZEOF (.vector_38) <= (_vector_spacing << 0x5))), function at exception vector 38 too large)

.vector_39      0x9fc016e0        0x8
 *(.vector_39)
 .vector_39     0x9fc016e0        0x8 build/default/production/_ext/1472/interrupts.o
                0x9fc016e0                __vector_dispatch_39
                0x00000001                ASSERT (((_vector_spacing == 0x0) || (SIZEOF (.vector_39) <= (_vector_spacing << 0x5))), function at exception vector 39 too large)

.vector_40      0x9fc01700        0x8
 *(.vector_40)
 .vector_40     0x9fc01700        0x8 build/default/production/_ext/1472/interrupts.o
                0x9fc01700                __vector_dispatch_40
                0x00000001                ASSERT (((_vector_spacing == 0x0) || (SIZEOF (.vector_40) <= (_vector_spacing << 0x5))), function at exception vector 40 too large)

.vector_41      0x9fc01720        0x8
 *(.vector_41)
 .vector_41     0x9fc01720        0x8 build/default/production/_ext/1472/interrupts.o
                0x9fc01720                __vector_dispatch_41
                0x00000001                ASSERT (((_vector_spacing == 0x0) || (SIZEOF (.vector_41) <= (_vector_spacing << 0x5))), function at exception vector 41 too large)

.vector_42      0x9fc01740        0x8
 *(.vector_42)
 .vector_42     0x9fc01740        0x8 build/default/production/_ext/1472/interrupts.o
                0x9fc01740                __vector_dispatch_42
                0x00000001                ASSERT (((_vector_spacing == 0x0) || (SIZEOF (.vector_42) <= (_vector_spacing << 0x5))), function at exception vector 42 too large)

.vector_43      0x9fc01760        0x8
 *(.vector_43)
 .vector_43     0x9fc01760        0x8 build/default/production/_ext/1472/interrupts.o
                0x9fc01760                __vector_dispatch_43
                0x00000001                ASSERT (((_vector_spacing == 0x0) || (SIZEOF (.vector_43) <= (_vector_spacing << 0x5))), function at exception vector 43 too large)

.vector_44      0x9fc01780        0x8
 *(.vector_44)
 .vector_44     0x9fc01780        0x8 /Applications/microchip/xc32/v2.41/bin/bin/../../lib/gcc/pic32mx/4.8.3/../../../../pic32mx/lib/speed/libpic32.a(vector44.o)
                0x9fc01780                __vector_dispatch_44
                0x00000001                ASSERT (((_vector_spacing == 0x0) || (SIZEOF (.vector_44) <= (_vector_spacing << 0x5))), function at exception vector 44 too large)

.vector_45      0x9fc017a0        0x8
 *(.vector_45)
 .vector_45     0x9fc017a0        0x8 /Applications/microchip/xc32/v2.41/bin/bin/../../lib/gcc/pic32mx/4.8.3/../../../../pic32mx/lib/speed/libpic32.a(vector45.o)
                0x9fc017a0                __vector_dispatch_45
                0x00000001                ASSERT (((_vector_spacing == 0x0) || (SIZEOF (.vector_45) <= (_vector_spacing << 0x5))), function at exception vector 45 too large)

.vector_46      0x9fc017c0        0x8
 *(.vector_46)
 .vector_46     0x9fc017c0        0x8 build/default/production/_ext/1472/interrupts.o
                0x9fc017c0                __vector_dispatch_46
                0x00000001                ASSERT (((_vector_spacing == 0x0) || (SIZEOF (.vector_46) <= (_vector_spacing << 0x5))), function at exception vector 46 too large)

.vector_47      0x9fc017e0        0x8
 *(.vector_47)
 .vector_47     0x9fc017e0        0x8 build/default/production/_ext/1472/interrupts.o
                0x9fc017e0                __vector_dispatch_47
                0x00000001                ASSERT (((_vector_spacing == 0x0) || (SIZEOF (.vector_47) <= (_vector_spacing << 0x5))), function at exception vector 47 too large)

.vector_48      0x9fc01800        0x8
 *(.vector_48)
 .vector_48     0x9fc01800        0x8 /Applications/microchip/xc32/v2.41/bin/bin/../../lib/gcc/pic32mx/4.8.3/../../../../pic32mx/lib/speed/libpic32.a(vector48.o)
                0x9fc01800                __vector_dispatch_48
                0x00000001                ASSERT (((_vector_spacing == 0x0) || (SIZEOF (.vector_48) <= (_vector_spacing << 0x5))), function at exception vector 48 too large)

.vector_49      0x9fc01820        0x8
 *(.vector_49)
 .vector_49     0x9fc01820        0x8 build/default/production/_ext/1472/interrupts.o
                0x9fc01820                __vector_dispatch_49
                0x00000001                ASSERT (((_vector_spacing == 0x0) || (SIZEOF (.vector_49) <= (_vector_spacing << 0x5))), function at exception vector 49 too large)

.vector_50      0x9fc01840        0x8
 *(.vector_50)
 .vector_50     0x9fc01840        0x8 build/default/production/_ext/1472/interrupts.o
                0x9fc01840                __vector_dispatch_50
                0x00000001                ASSERT (((_vector_spacing == 0x0) || (SIZEOF (.vector_50) <= (_vector_spacing << 0x5))), function at exception vector 50 too large)

.vector_51      0x9fc01860        0x8
 *(.vector_51)
 .vector_51     0x9fc01860        0x8 build/default/production/_ext/1472/interrupts.o
                0x9fc01860                __vector_dispatch_51
                0x00000001                ASSERT (((_vector_spacing == 0x0) || (SIZEOF (.vector_51) <= (_vector_spacing << 0x5))), function at exception vector 51 too large)

.vector_52      0x9fc01880        0x0
 *(.vector_52)
                0x00000001                ASSERT (((_vector_spacing == 0x0) || (SIZEOF (.vector_52) <= (_vector_spacing << 0x5))), function at exception vector 52 too large)

.vector_53      0x9fc018a0        0x0
 *(.vector_53)
                0x00000001                ASSERT (((_vector_spacing == 0x0) || (SIZEOF (.vector_53) <= (_vector_spacing << 0x5))), function at exception vector 53 too large)

.vector_54      0x9fc018c0        0x0
 *(.vector_54)
                0x00000001                ASSERT (((_vector_spacing == 0x0) || (SIZEOF (.vector_54) <= (_vector_spacing << 0x5))), function at exception vector 54 too large)

.vector_55      0x9fc018e0        0x0
 *(.vector_55)
                0x00000001                ASSERT (((_vector_spacing == 0x0) || (SIZEOF (.vector_55) <= (_vector_spacing << 0x5))), function at exception vector 55 too large)

.vector_56      0x9fc01900        0x0
 *(.vector_56)
                0x00000001                ASSERT (((_vector_spacing == 0x0) || (SIZEOF (.vector_56) <= (_vector_spacing << 0x5))), function at exception vector 56 too large)

.vector_57      0x9fc01920        0x0
 *(.vector_57)
                0x00000001                ASSERT (((_vector_spacing == 0x0) || (SIZEOF (.vector_57) <= (_vector_spacing << 0x5))), function at exception vector 57 too large)

.vector_58      0x9fc01940        0x0
 *(.vector_58)
                0x00000001                ASSERT (((_vector_spacing == 0x0) || (SIZEOF (.vector_58) <= (_vector_spacing << 0x5))), function at exception vector 58 too large)

.vector_59      0x9fc01960        0x0
 *(.vector_59)
                0x00000001                ASSERT (((_vector_spacing == 0x0) || (SIZEOF (.vector_59) <= (_vector_spacing << 0x5))), function at exception vector 59 too large)

.vector_60      0x9fc01980        0x0
 *(.vector_60)
                0x00000001                ASSERT (((_vector_spacing == 0x0) || (SIZEOF (.vector_60) <= (_vector_spacing << 0x5))), function at exception vector 60 too large)

.vector_61      0x9fc019a0        0x0
 *(.vector_61)
                0x00000001                ASSERT (((_vector_spacing == 0x0) || (SIZEOF (.vector_61) <= (_vector_spacing << 0x5))), function at exception vector 61 too large)

.vector_62      0x9fc019c0        0x0
 *(.vector_62)
                0x00000001                ASSERT (((_vector_spacing == 0x0) || (SIZEOF (.vector_62) <= (_vector_spacing << 0x5))), function at exception vector 62 too large)

.vector_63      0x9fc019e0        0x0
 *(.vector_63)
                0x00000001                ASSERT (((_vector_spacing == 0x0) || (SIZEOF (.vector_63) <= (_vector_spacing << 0x5))), function at exception vector 63 too large)

.startup
 *(.startup)

.text           0x9d000000        0x0
 *(.stub .gnu.linkonce.t.*)
 *(.text.*personality*)
 *(.mips16.fn.*)
 *(.mips16.call.*)
 *(.gnu.warning)
                0x9d000000                . = ALIGN (0x4)

.init           0x9d000000        0x0
 *crti.o(.init)
 *crtbegin.o(.init)
 *(EXCLUDE_FILE(*crtn.o *crtend?.o *crtend.o) .init)
 *crtend.o(.init)
 *crtn.o(.init)
                0x9d000000                . = ALIGN (0x4)

.fini           0x9d000000        0x0
 *(.fini)
                0x9d000000                . = ALIGN (0x4)

.preinit_array  0x9d000000        0x0
                0x9d000000                PROVIDE (__preinit_array_start, .)
 *(.preinit_array)
                0x9d000000                PROVIDE (__preinit_array_end, .)
                0x9d000000                . = ALIGN (0x4)

.init_array     0x9d000000        0x0
                0x9d000000                PROVIDE (__init_array_start, .)
 *(SORT(.init_array.*))
 *(.init_array)
                0x9d000000                PROVIDE (__init_array_end, .)
                0x9d000000                . = ALIGN (0x4)

.fini_array     0x9d000000        0x0
                0x9d000000                PROVIDE (__fini_array_start, .)
 *(SORT(.fini_array.*))
 *(.fini_array)
                0x9d000000                PROVIDE (__fini_array_end, .)
                0x9d000000                . = ALIGN (0x4)

.ctors          0x9d000000        0x0
 *crtbegin.o(.ctors)
 *crtbegin?.o(.ctors)
 *(EXCLUDE_FILE(*crtend?.o *crtend.o) .ctors)
 *(SORT(.ctors.*))
 *(.ctors)
                0x9d000000                . = ALIGN (0x4)

.dtors          0x9d000000        0x0
 *crtbegin.o(.dtors)
 *crtbegin?.o(.dtors)
 *(EXCLUDE_FILE(*crtend?.o *crtend.o) .dtors)
 *(SORT(.dtors.*))
 *(.dtors)
                0x9d000000                . = ALIGN (0x4)

.rodata         0x9d000000        0x0
 *(.gnu.linkonce.r.*)
 *(.rodata1)
                0x9d000000                . = ALIGN (0x4)

.sdata2         0x9fc00490        0x0
 *(.sdata2 .sdata2.* .gnu.linkonce.s2.*)
                0x9fc00490                . = ALIGN (0x4)

.sbss2          0x9fc00490        0x0
 *(.sbss2 .sbss2.* .gnu.linkonce.sb2.*)
                0x9fc00490                . = ALIGN (0x4)

.eh_frame_hdr
 *(.eh_frame_hdr)
                0x9fc00490                . = ALIGN (0x4)

.eh_frame
 *(.eh_frame)
                0x9fc00490                . = ALIGN (0x4)

.gcc_except_table
 *(.gcc_except_table .gcc_except_table.*)
                0x9fc00490                . = ALIGN (0x4)

.dbg_data       0xa0000000        0x0
                0xa0000000                . = (. + DEFINED (_DEBUGGER)?0x200:0x0)

.jcr            0xa0000000        0x0
 *(.jcr)
                0xa0000000                . = ALIGN (0x4)

.eh_frame
 *(.eh_frame)
                0xa0000000                . = ALIGN (0x4)

.gcc_except_table
 *(.gcc_except_table .gcc_except_table.*)
                0xa0000000                . = ALIGN (0x4)

.persist        0xa0000000        0x0
                0xa0000000                _persist_begin = .
 *(.persist .persist.*)
 *(.pbss .pbss.*)
                0xa0000000                . = ALIGN (0x4)
                0xa0000000                _persist_end = .

.data           0xa0000000        0x0
 *(.gnu.linkonce.d.*)
 *(.data1)
                0xa0000000                . = ALIGN (0x4)
                0xa0000000                . = .
                0xa0007ff0                _gp = (ALIGN (0x10) + 0x7ff0)

.got            0xa0000000        0x0
 *(.got.plt)
 *(.got)
                0xa0000000                . = ALIGN (0x4)

.sdata          0xa0000000       0x54
                0xa0000000                _sdata_begin = .
 *(.sdata .sdata.* .gnu.linkonce.s.*)
 .sdata         0xa0000000       0x44 ../../PLIB2_GIT/PLIB.X/dist/default/production/PLIB.X.a(_EXAMPLES_.o)
 .sdata         0xa0000044        0x8 ../../PLIB2_GIT/PLIB.X/dist/default/production/PLIB.X.a(_LOG.o)
 .sdata         0xa000004c        0x8 ../../PLIB2_GIT/PLIB.X/dist/default/production/PLIB.X.a(ble.o)
                0xa0000054                . = ALIGN (0x4)
                0xa0000054                _sdata_end = .

.lit8
 *(.lit8)

.lit4
 *(.lit4)
                0xa0000054                . = ALIGN (0x4)
                0xa0000054                _data_end = .
                0xa0000054                _bss_begin = .

.sbss           0xa0000054      0x160
                0xa0000054                _sbss_begin = .
 *(.dynsbss)
 *(.sbss .sbss.* .gnu.linkonce.sb.*)
 *fill*         0xa0000054        0x4 
 .sbss          0xa0000058       0x30 build/default/production/_ext/1472/main.o
 .sbss          0xa0000088       0x70 ../../PLIB2_GIT/PLIB.X/dist/default/production/PLIB.X.a(_EXAMPLES_.o)
 .sbss          0xa00000f8       0x50 ../../PLIB2_GIT/PLIB.X/dist/default/production/PLIB.X.a(sd_card.o)
 .sbss          0xa0000148        0x4 ../../PLIB2_GIT/PLIB.X/dist/default/production/PLIB.X.a(e_mcp23s17.o)
 .sbss          0xa000014c        0x4 ../../PLIB2_GIT/PLIB.X/dist/default/production/PLIB.X.a(ble.o)
 .sbss          0xa0000150       0x10 ../../PLIB2_GIT/PLIB.X/dist/default/production/PLIB.X.a(utilities.o)
 .sbss          0xa0000160        0x8 ../../PLIB2_GIT/PLIB.X/dist/default/production/PLIB.X.a(software_pwm.o)
 .sbss          0xa0000168        0x4 ../../PLIB2_GIT/PLIB.X/dist/default/production/PLIB.X.a(s17_adc.o)
 .sbss          0xa000016c        0x4 ../../PLIB2_GIT/PLIB.X/dist/default/production/PLIB.X.a(s12_ports.o)
 .sbss          0xa0000170        0x8 ../../PLIB2_GIT/PLIB.X/dist/default/production/PLIB.X.a(s31_dma.o)
 .sbss          0xa0000178        0x4 ../../PLIB2_GIT/PLIB.X/dist/default/production/PLIB.X.a(s08_interrupts.o)
                0xa0000178                p_irq_data_priority
 .sbss          0xa000017c        0x8 ../../PLIB2_GIT/PLIB.X/dist/default/production/PLIB.X.a(s34_can.o)
 *(.scommon)
 *fill*         0xa0000184        0x4 
 .scommon       0xa0000188       0x2c build/default/production/_ext/1472/config.o
                0xa0000188                __led_status
                0xa0000189                __current
                0xa0000190                getTick
                0xa0000198                __speed
                0xa00001a0                getLastCompare
                0xa00001a8                getTime
                0xa00001b0                __voltage
                0xa00001b2                __temperature
 .scommon       0xa00001b4        0x0 build/default/production/_ext/1472/interrupts.o
 .scommon       0xa00001b4        0x0 build/default/production/_ext/1472/main.o
 .scommon       0xa00001b4        0x0 ../../PLIB2_GIT/PLIB.X/dist/default/production/PLIB.X.a(_EXAMPLES_.o)
 .scommon       0xa00001b4        0x0 ../../PLIB2_GIT/PLIB.X/dist/default/production/PLIB.X.a(_LOG.o)
 .scommon       0xa00001b4        0x0 ../../PLIB2_GIT/PLIB.X/dist/default/production/PLIB.X.a(pink_lady.o)
 .scommon       0xa00001b4        0x0 ../../PLIB2_GIT/PLIB.X/dist/default/production/PLIB.X.a(sd_card.o)
 .scommon       0xa00001b4        0x0 ../../PLIB2_GIT/PLIB.X/dist/default/production/PLIB.X.a(e_mcp23s17.o)
 .scommon       0xa00001b4        0x0 ../../PLIB2_GIT/PLIB.X/dist/default/production/PLIB.X.a(e_at42qt2120.o)
 .scommon       0xa00001b4        0x0 ../../PLIB2_GIT/PLIB.X/dist/default/production/PLIB.X.a(e_pca9685.o)
 .scommon       0xa00001b4        0x0 ../../PLIB2_GIT/PLIB.X/dist/default/production/PLIB.X.a(e_veml7700.o)
 .scommon       0xa00001b4        0x0 ../../PLIB2_GIT/PLIB.X/dist/default/production/PLIB.X.a(e_tps92662.o)
 .scommon       0xa00001b4        0x0 ../../PLIB2_GIT/PLIB.X/dist/default/production/PLIB.X.a(e_grove_motor_tb6612fng.o)
 .scommon       0xa00001b4        0x0 ../../PLIB2_GIT/PLIB.X/dist/default/production/PLIB.X.a(ble.o)
 .scommon       0xa00001b4        0x0 ../../PLIB2_GIT/PLIB.X/dist/default/production/PLIB.X.a(utilities.o)
 .scommon       0xa00001b4        0x0 ../../PLIB2_GIT/PLIB.X/dist/default/production/PLIB.X.a(string_advance.o)
 .scommon       0xa00001b4        0x0 ../../PLIB2_GIT/PLIB.X/dist/default/production/PLIB.X.a(lin.o)
 .scommon       0xa00001b4        0x0 ../../PLIB2_GIT/PLIB.X/dist/default/production/PLIB.X.a(software_pwm.o)
 .scommon       0xa00001b4        0x0 ../../PLIB2_GIT/PLIB.X/dist/default/production/PLIB.X.a(crc_16.o)
 .scommon       0xa00001b4        0x0 ../../PLIB2_GIT/PLIB.X/dist/default/production/PLIB.X.a(errors.o)
 .scommon       0xa00001b4        0x0 ../../PLIB2_GIT/PLIB.X/dist/default/production/PLIB.X.a(s14_timers.o)
 .scommon       0xa00001b4        0x0 ../../PLIB2_GIT/PLIB.X/dist/default/production/PLIB.X.a(s23_spi.o)
 .scommon       0xa00001b4        0x0 ../../PLIB2_GIT/PLIB.X/dist/default/production/PLIB.X.a(s17_adc.o)
 .scommon       0xa00001b4        0x0 ../../PLIB2_GIT/PLIB.X/dist/default/production/PLIB.X.a(s16_output_compare.o)
 .scommon       0xa00001b4        0x0 ../../PLIB2_GIT/PLIB.X/dist/default/production/PLIB.X.a(s24_i2c.o)
 .scommon       0xa00001b4        0x0 ../../PLIB2_GIT/PLIB.X/dist/default/production/PLIB.X.a(s12_ports.o)
 .scommon       0xa00001b4        0x0 ../../PLIB2_GIT/PLIB.X/dist/default/production/PLIB.X.a(s21_uart.o)
 .scommon       0xa00001b4        0x0 ../../PLIB2_GIT/PLIB.X/dist/default/production/PLIB.X.a(s31_dma.o)
 .scommon       0xa00001b4        0x0 ../../PLIB2_GIT/PLIB.X/dist/default/production/PLIB.X.a(s07_resets.o)
 .scommon       0xa00001b4        0x0 ../../PLIB2_GIT/PLIB.X/dist/default/production/PLIB.X.a(s08_interrupts.o)
 .scommon       0xa00001b4        0x0 ../../PLIB2_GIT/PLIB.X/dist/default/production/PLIB.X.a(s00_system.o)
 .scommon       0xa00001b4        0x0 ../../PLIB2_GIT/PLIB.X/dist/default/production/PLIB.X.a(s34_can.o)
                0xa00001b4                _sbss_end = .
                0xa00001b4                . = ALIGN (0x4)

.bss            0xa00001b4        0x0
 *(.dynbss)
 *(COMMON)
                0xa00001b4                . = ALIGN ((. != 0x0)?0x4:0x1)
                0xa00001b4                . = ALIGN (0x4)
                0xa00001b4                _end = .
                0xa00001b4                _bss_end = .
                0x00020000                _bmxdudba_address = 0x20000
                0x00020000                _bmxdupba_address = 0x20000

/DISCARD/
 *(.pdr)
 *(.rel.dyn)
 *(.note.GNU-stack)
 *(.note.GNU-stack)
 *(.gnu_debuglink)
 *(.gnu.lto_*)
 *(.discard)

.gptab.sdata
 *(.gptab.data)
 *(.gptab.sdata)

.gptab.sbss
 *(.gptab.bss)
 *(.gptab.sbss)

.mdebug.abi32   0xa00001b4        0x0
 *(.mdebug.abi32)
 .mdebug.abi32  0xa00001b4        0x0 build/default/production/_ext/1472/config.o
 .mdebug.abi32  0xa00001b4        0x0 build/default/production/_ext/1472/interrupts.o
 .mdebug.abi32  0xa00001b4        0x0 build/default/production/_ext/1472/main.o
 .mdebug.abi32  0xa00001b4        0x0 ../../PLIB2_GIT/PLIB.X/dist/default/production/PLIB.X.a(_EXAMPLES_.o)
 .mdebug.abi32  0xa00001b4        0x0 ../../PLIB2_GIT/PLIB.X/dist/default/production/PLIB.X.a(_LOG.o)
 .mdebug.abi32  0xa00001b4        0x0 ../../PLIB2_GIT/PLIB.X/dist/default/production/PLIB.X.a(pink_lady.o)
 .mdebug.abi32  0xa00001b4        0x0 ../../PLIB2_GIT/PLIB.X/dist/default/production/PLIB.X.a(sd_card.o)
 .mdebug.abi32  0xa00001b4        0x0 ../../PLIB2_GIT/PLIB.X/dist/default/production/PLIB.X.a(e_mcp23s17.o)
 .mdebug.abi32  0xa00001b4        0x0 ../../PLIB2_GIT/PLIB.X/dist/default/production/PLIB.X.a(e_at42qt2120.o)
 .mdebug.abi32  0xa00001b4        0x0 ../../PLIB2_GIT/PLIB.X/dist/default/production/PLIB.X.a(e_pca9685.o)
 .mdebug.abi32  0xa00001b4        0x0 ../../PLIB2_GIT/PLIB.X/dist/default/production/PLIB.X.a(e_veml7700.o)
 .mdebug.abi32  0xa00001b4        0x0 ../../PLIB2_GIT/PLIB.X/dist/default/production/PLIB.X.a(e_tps92662.o)
 .mdebug.abi32  0xa00001b4        0x0 ../../PLIB2_GIT/PLIB.X/dist/default/production/PLIB.X.a(e_grove_motor_tb6612fng.o)
 .mdebug.abi32  0xa00001b4        0x0 ../../PLIB2_GIT/PLIB.X/dist/default/production/PLIB.X.a(ble.o)
 .mdebug.abi32  0xa00001b4        0x0 ../../PLIB2_GIT/PLIB.X/dist/default/production/PLIB.X.a(utilities.o)
 .mdebug.abi32  0xa00001b4        0x0 ../../PLIB2_GIT/PLIB.X/dist/default/production/PLIB.X.a(string_advance.o)
 .mdebug.abi32  0xa00001b4        0x0 ../../PLIB2_GIT/PLIB.X/dist/default/production/PLIB.X.a(lin.o)
 .mdebug.abi32  0xa00001b4        0x0 ../../PLIB2_GIT/PLIB.X/dist/default/production/PLIB.X.a(software_pwm.o)
 .mdebug.abi32  0xa00001b4        0x0 ../../PLIB2_GIT/PLIB.X/dist/default/production/PLIB.X.a(crc_16.o)
 .mdebug.abi32  0xa00001b4        0x0 ../../PLIB2_GIT/PLIB.X/dist/default/production/PLIB.X.a(errors.o)
 .mdebug.abi32  0xa00001b4        0x0 ../../PLIB2_GIT/PLIB.X/dist/default/production/PLIB.X.a(s14_timers.o)
 .mdebug.abi32  0xa00001b4        0x0 ../../PLIB2_GIT/PLIB.X/dist/default/production/PLIB.X.a(s23_spi.o)
 .mdebug.abi32  0xa00001b4        0x0 ../../PLIB2_GIT/PLIB.X/dist/default/production/PLIB.X.a(s17_adc.o)
 .mdebug.abi32  0xa00001b4        0x0 ../../PLIB2_GIT/PLIB.X/dist/default/production/PLIB.X.a(s16_output_compare.o)
 .mdebug.abi32  0xa00001b4        0x0 ../../PLIB2_GIT/PLIB.X/dist/default/production/PLIB.X.a(s24_i2c.o)
 .mdebug.abi32  0xa00001b4        0x0 ../../PLIB2_GIT/PLIB.X/dist/default/production/PLIB.X.a(s12_ports.o)
 .mdebug.abi32  0xa00001b4        0x0 ../../PLIB2_GIT/PLIB.X/dist/default/production/PLIB.X.a(s21_uart.o)
 .mdebug.abi32  0xa00001b4        0x0 ../../PLIB2_GIT/PLIB.X/dist/default/production/PLIB.X.a(s31_dma.o)
 .mdebug.abi32  0xa00001b4        0x0 ../../PLIB2_GIT/PLIB.X/dist/default/production/PLIB.X.a(s07_resets.o)
 .mdebug.abi32  0xa00001b4        0x0 ../../PLIB2_GIT/PLIB.X/dist/default/production/PLIB.X.a(s08_interrupts.o)
 .mdebug.abi32  0xa00001b4        0x0 ../../PLIB2_GIT/PLIB.X/dist/default/production/PLIB.X.a(s00_system.o)
 .mdebug.abi32  0xa00001b4        0x0 ../../PLIB2_GIT/PLIB.X/dist/default/production/PLIB.X.a(s34_can.o)
 .mdebug.abi32  0xa00001b4        0x0 /Applications/microchip/xc32/v2.41/bin/bin/../../lib/gcc/pic32mx/4.8.3/speed/libgcc.a(_floatundisf.o)
 .mdebug.abi32  0xa00001b4        0x0 /Applications/microchip/xc32/v2.41/bin/bin/../../lib/gcc/pic32mx/4.8.3/speed/libgcc.a(_udivdi3.o)
 .mdebug.abi32  0xa00001b4        0x0 /Applications/microchip/xc32/v2.41/bin/bin/../../lib/gcc/pic32mx/4.8.3/speed/libgcc.a(_umoddi3.o)
 .mdebug.abi32  0xa00001b4        0x0 /Applications/microchip/xc32/v2.41/bin/bin/../../lib/gcc/pic32mx/4.8.3/speed/libgcc.a(floatunsisf.o)
 .mdebug.abi32  0xa00001b4        0x0 /Applications/microchip/xc32/v2.41/bin/bin/../../lib/gcc/pic32mx/4.8.3/speed/libgcc.a(floatunsidf.o)
 .mdebug.abi32  0xa00001b4        0x0 /Applications/microchip/xc32/v2.41/bin/bin/../../lib/gcc/pic32mx/4.8.3/../../../../pic32mx/lib/speed/libpic32.a(default-bootstrap-exception-handler.o)
 .mdebug.abi32  0xa00001b4        0x0 /Applications/microchip/xc32/v2.41/bin/bin/../../lib/gcc/pic32mx/4.8.3/../../../../pic32mx/lib/speed/libpic32.a(default-on-reset.o)
 .mdebug.abi32  0xa00001b4        0x0 /Applications/microchip/xc32/v2.41/bin/bin/../../lib/gcc/pic32mx/4.8.3/../../../../pic32mx/lib/speed/libpic32.a(default-on-bootstrap.o)
 .mdebug.abi32  0xa00001b4        0x0 /Applications/microchip/xc32/v2.41/bin/bin/../../lib/gcc/pic32mx/4.8.3/../../../../pic32mx/lib/speed/libpic32.a(default-general-exception-handler.o)
 .mdebug.abi32  0xa00001b4        0x0 /Applications/microchip/xc32/v2.41/bin/bin/../../lib/gcc/pic32mx/4.8.3/../../../../pic32mx/lib/speed/libpic32.a(defaultinterrupt.o)
 .mdebug.abi32  0xa00001b4        0x0 /Applications/microchip/xc32/v2.41/bin/bin/../../lib/gcc/pic32mx/4.8.3/../../../../pic32mx/lib/speed/libc.a(ctypef.o)
 .mdebug.abi32  0xa00001b4        0x0 /Applications/microchip/xc32/v2.41/bin/bin/../../lib/gcc/pic32mx/4.8.3/../../../../pic32mx/lib/speed/libc.a(malloc.o)
 .mdebug.abi32  0xa00001b4        0x0 /Applications/microchip/xc32/v2.41/bin/bin/../../lib/gcc/pic32mx/4.8.3/../../../../pic32mx/lib/speed/libc.a(strstr.o)
 .mdebug.abi32  0xa00001b4        0x0 /Applications/microchip/xc32/v2.41/bin/bin/../../lib/gcc/pic32mx/4.8.3/../../../../pic32mx/lib/speed/libc.a(ctype.o)
 .mdebug.abi32  0xa00001b4        0x0 /Applications/microchip/xc32/v2.41/bin/bin/../../lib/gcc/pic32mx/4.8.3/../../../../pic32mx/lib/speed/libc.a(strchr.o)
 .mdebug.abi32  0xa00001b4        0x0 /Applications/microchip/xc32/v2.41/bin/bin/../../lib/gcc/pic32mx/4.8.3/../../../../pic32mx/lib/speed/libc.a(strncmp.o)
 .mdebug.abi32  0xa00001b4        0x0 /Applications/microchip/xc32/v2.41/bin/bin/../../lib/gcc/pic32mx/4.8.3/../../../../pic32mx/lib/speed/libm.a(w_pow.o)
 .mdebug.abi32  0xa00001b4        0x0 /Applications/microchip/xc32/v2.41/bin/bin/../../lib/gcc/pic32mx/4.8.3/../../../../pic32mx/lib/speed/libm.a(w_log.o)
 .mdebug.abi32  0xa00001b4        0x0 /Applications/microchip/xc32/v2.41/bin/bin/../../lib/gcc/pic32mx/4.8.3/../../../../pic32mx/lib/speed/libm.a(s_lib_ver.o)
 .mdebug.abi32  0xa00001b4        0x0 /Applications/microchip/xc32/v2.41/bin/bin/../../lib/gcc/pic32mx/4.8.3/../../../../pic32mx/lib/speed/libpic32.a(sbrk.o)
 .mdebug.abi32  0xa00001b4        0x0 /Applications/microchip/xc32/v2.41/bin/bin/../../lib/gcc/pic32mx/4.8.3/../../../../pic32mx/lib/speed/libpic32.a(errno.o)
 .mdebug.abi32  0xa00001b4        0x0 /Applications/microchip/xc32/v2.41/bin/bin/../../lib/gcc/pic32mx/4.8.3/../../../../pic32mx/lib/speed/libpic32.a(isinf.o)
 .mdebug.abi32  0xa00001b4        0x0 /Applications/microchip/xc32/v2.41/bin/bin/../../lib/gcc/pic32mx/4.8.3/../../../../pic32mx/lib/speed/libe.a(_unorddf2.o)

.mdebug.abiN32
 *(.mdebug.abiN32)

.mdebug.abi64
 *(.mdebug.abi64)

.mdebug.abiO64
 *(.mdebug.abiO64)

.mdebug.eabi32
 *(.mdebug.eabi32)

.mdebug.eabi64
 *(.mdebug.eabi64)

.gcc_compiled_long32
 *(.gcc_compiled_long32)

.gcc_compiled_long64
 *(.gcc_compiled_long64)

.stab
 *(.stab)

.stabstr
 *(.stabstr)

.stab.excl
 *(.stab.excl)

.stab.exclstr
 *(.stab.exclstr)

.stab.index
 *(.stab.index)

.stab.indexstr
 *(.stab.indexstr)

.comment        0x00000000      0x1bc
 *(.comment)
 .comment       0x00000000       0x3c build/default/production/_ext/1472/config.o
                                 0x3d (size before relaxing)
 .comment       0x00000000       0x3d build/default/production/_ext/1472/interrupts.o
 .comment       0x00000000       0x3d build/default/production/_ext/1472/main.o
 .comment       0x00000000       0x3d ../../PLIB2_GIT/PLIB.X/dist/default/production/PLIB.X.a(_EXAMPLES_.o)
 .comment       0x00000000       0x3d ../../PLIB2_GIT/PLIB.X/dist/default/production/PLIB.X.a(_LOG.o)
 .comment       0x00000000       0x3d ../../PLIB2_GIT/PLIB.X/dist/default/production/PLIB.X.a(pink_lady.o)
 .comment       0x00000000       0x3d ../../PLIB2_GIT/PLIB.X/dist/default/production/PLIB.X.a(sd_card.o)
 .comment       0x00000000       0x3d ../../PLIB2_GIT/PLIB.X/dist/default/production/PLIB.X.a(e_mcp23s17.o)
 .comment       0x00000000       0x3d ../../PLIB2_GIT/PLIB.X/dist/default/production/PLIB.X.a(e_at42qt2120.o)
 .comment       0x00000000       0x3d ../../PLIB2_GIT/PLIB.X/dist/default/production/PLIB.X.a(e_pca9685.o)
 .comment       0x00000000       0x3d ../../PLIB2_GIT/PLIB.X/dist/default/production/PLIB.X.a(e_veml7700.o)
 .comment       0x00000000       0x3d ../../PLIB2_GIT/PLIB.X/dist/default/production/PLIB.X.a(e_tps92662.o)
 .comment       0x00000000       0x3d ../../PLIB2_GIT/PLIB.X/dist/default/production/PLIB.X.a(e_grove_motor_tb6612fng.o)
 .comment       0x00000000       0x3d ../../PLIB2_GIT/PLIB.X/dist/default/production/PLIB.X.a(ble.o)
 .comment       0x00000000       0x3d ../../PLIB2_GIT/PLIB.X/dist/default/production/PLIB.X.a(utilities.o)
 .comment       0x00000000       0x3d ../../PLIB2_GIT/PLIB.X/dist/default/production/PLIB.X.a(string_advance.o)
 .comment       0x00000000       0x3d ../../PLIB2_GIT/PLIB.X/dist/default/production/PLIB.X.a(lin.o)
 .comment       0x00000000       0x3d ../../PLIB2_GIT/PLIB.X/dist/default/production/PLIB.X.a(software_pwm.o)
 .comment       0x00000000       0x3d ../../PLIB2_GIT/PLIB.X/dist/default/production/PLIB.X.a(crc_16.o)
 .comment       0x00000000       0x3d ../../PLIB2_GIT/PLIB.X/dist/default/production/PLIB.X.a(errors.o)
 .comment       0x00000000       0x3d ../../PLIB2_GIT/PLIB.X/dist/default/production/PLIB.X.a(s14_timers.o)
 .comment       0x00000000       0x3d ../../PLIB2_GIT/PLIB.X/dist/default/production/PLIB.X.a(s23_spi.o)
 .comment       0x00000000       0x3d ../../PLIB2_GIT/PLIB.X/dist/default/production/PLIB.X.a(s17_adc.o)
 .comment       0x00000000       0x3d ../../PLIB2_GIT/PLIB.X/dist/default/production/PLIB.X.a(s16_output_compare.o)
 .comment       0x00000000       0x3d ../../PLIB2_GIT/PLIB.X/dist/default/production/PLIB.X.a(s24_i2c.o)
 .comment       0x00000000       0x3d ../../PLIB2_GIT/PLIB.X/dist/default/production/PLIB.X.a(s12_ports.o)
 .comment       0x00000000       0x3d ../../PLIB2_GIT/PLIB.X/dist/default/production/PLIB.X.a(s21_uart.o)
 .comment       0x00000000       0x3d ../../PLIB2_GIT/PLIB.X/dist/default/production/PLIB.X.a(s31_dma.o)
 .comment       0x00000000       0x3d ../../PLIB2_GIT/PLIB.X/dist/default/production/PLIB.X.a(s07_resets.o)
 .comment       0x00000000       0x3d ../../PLIB2_GIT/PLIB.X/dist/default/production/PLIB.X.a(s08_interrupts.o)
 .comment       0x00000000       0x3d ../../PLIB2_GIT/PLIB.X/dist/default/production/PLIB.X.a(s00_system.o)
 .comment       0x00000000       0x3d ../../PLIB2_GIT/PLIB.X/dist/default/production/PLIB.X.a(s34_can.o)
 .comment       0x00000000       0x3d /Applications/microchip/xc32/v2.41/bin/bin/../../lib/gcc/pic32mx/4.8.3/speed/libgcc.a(_floatundisf.o)
 .comment       0x00000000       0x3d /Applications/microchip/xc32/v2.41/bin/bin/../../lib/gcc/pic32mx/4.8.3/speed/libgcc.a(_udivdi3.o)
 .comment       0x00000000       0x3d /Applications/microchip/xc32/v2.41/bin/bin/../../lib/gcc/pic32mx/4.8.3/speed/libgcc.a(_umoddi3.o)
 .comment       0x00000000       0x3d /Applications/microchip/xc32/v2.41/bin/bin/../../lib/gcc/pic32mx/4.8.3/speed/libgcc.a(floatunsisf.o)
 .comment       0x00000000       0x3d /Applications/microchip/xc32/v2.41/bin/bin/../../lib/gcc/pic32mx/4.8.3/speed/libgcc.a(floatunsidf.o)
 .comment       0x0000003c       0x18 /Applications/microchip/xc32/v2.41/bin/bin/../../lib/gcc/pic32mx/4.8.3/../../../../pic32mx/lib/speed/libpic32.a(memset.o)
                                 0x19 (size before relaxing)
 .comment       0x00000054       0x19 /Applications/microchip/xc32/v2.41/bin/bin/../../lib/gcc/pic32mx/4.8.3/../../../../pic32mx/lib/speed/libpic32.a(strcmp.o)
                                 0x1a (size before relaxing)
 .comment       0x0000006d       0x19 /Applications/microchip/xc32/v2.41/bin/bin/../../lib/gcc/pic32mx/4.8.3/../../../../pic32mx/lib/speed/libpic32.a(strlen.o)
                                 0x1a (size before relaxing)
 .comment       0x00000000       0x3d /Applications/microchip/xc32/v2.41/bin/bin/../../lib/gcc/pic32mx/4.8.3/../../../../pic32mx/lib/speed/libpic32.a(default-bootstrap-exception-handler.o)
 .comment       0x00000000       0x3d /Applications/microchip/xc32/v2.41/bin/bin/../../lib/gcc/pic32mx/4.8.3/../../../../pic32mx/lib/speed/libpic32.a(default-on-reset.o)
 .comment       0x00000000       0x3d /Applications/microchip/xc32/v2.41/bin/bin/../../lib/gcc/pic32mx/4.8.3/../../../../pic32mx/lib/speed/libpic32.a(default-on-bootstrap.o)
 .comment       0x00000000       0x3d /Applications/microchip/xc32/v2.41/bin/bin/../../lib/gcc/pic32mx/4.8.3/../../../../pic32mx/lib/speed/libpic32.a(default-general-exception-handler.o)
 .comment       0x00000000       0x3d /Applications/microchip/xc32/v2.41/bin/bin/../../lib/gcc/pic32mx/4.8.3/../../../../pic32mx/lib/speed/libpic32.a(defaultinterrupt.o)
 .comment       0x00000086       0x4f /Applications/microchip/xc32/v2.41/bin/bin/../../lib/gcc/pic32mx/4.8.3/../../../../pic32mx/lib/speed/libc.a(ctypef.o)
                                 0x8c (size before relaxing)
 .comment       0x00000000       0x3d /Applications/microchip/xc32/v2.41/bin/bin/../../lib/gcc/pic32mx/4.8.3/../../../../pic32mx/lib/speed/libc.a(malloc.o)
 .comment       0x00000000       0x3d /Applications/microchip/xc32/v2.41/bin/bin/../../lib/gcc/pic32mx/4.8.3/../../../../pic32mx/lib/speed/libc.a(strstr.o)
 .comment       0x000000d5       0x4e /Applications/microchip/xc32/v2.41/bin/bin/../../lib/gcc/pic32mx/4.8.3/../../../../pic32mx/lib/speed/libc.a(ctype.o)
                                 0x8b (size before relaxing)
 .comment       0x00000000       0x3d /Applications/microchip/xc32/v2.41/bin/bin/../../lib/gcc/pic32mx/4.8.3/../../../../pic32mx/lib/speed/libc.a(strchr.o)
 .comment       0x00000000       0x3d /Applications/microchip/xc32/v2.41/bin/bin/../../lib/gcc/pic32mx/4.8.3/../../../../pic32mx/lib/speed/libc.a(strncmp.o)
 .comment       0x00000000       0x3d /Applications/microchip/xc32/v2.41/bin/bin/../../lib/gcc/pic32mx/4.8.3/../../../../pic32mx/lib/speed/libm.a(w_pow.o)
 .comment       0x00000000       0x3d /Applications/microchip/xc32/v2.41/bin/bin/../../lib/gcc/pic32mx/4.8.3/../../../../pic32mx/lib/speed/libm.a(w_log.o)
 .comment       0x00000000       0x3d /Applications/microchip/xc32/v2.41/bin/bin/../../lib/gcc/pic32mx/4.8.3/../../../../pic32mx/lib/speed/libm.a(s_lib_ver.o)
 .comment       0x00000123       0x4b /Applications/microchip/xc32/v2.41/bin/bin/../../lib/gcc/pic32mx/4.8.3/../../../../pic32mx/lib/speed/libpic32.a(sbrk.o)
                                 0x88 (size before relaxing)
 .comment       0x00000000       0x3d /Applications/microchip/xc32/v2.41/bin/bin/../../lib/gcc/pic32mx/4.8.3/../../../../pic32mx/lib/speed/libpic32.a(errno.o)
 .comment       0x00000000       0x3d /Applications/microchip/xc32/v2.41/bin/bin/../../lib/gcc/pic32mx/4.8.3/../../../../pic32mx/lib/speed/libpic32.a(isinf.o)
 .comment       0x0000016e       0x4e /Applications/microchip/xc32/v2.41/bin/bin/../../lib/gcc/pic32mx/4.8.3/../../../../pic32mx/lib/speed/libe.a(_unorddf2.o)
                                 0x8b (size before relaxing)

.debug
 *(.debug)

.line
 *(.line)

.debug_srcinfo
 *(.debug_srcinfo)

.debug_sfnames
 *(.debug_sfnames)

.debug_aranges  0x00000000      0x758
 *(.debug_aranges)
 .debug_aranges
                0x00000000       0x20 build/default/production/_ext/1472/config.o
 .debug_aranges
                0x00000020       0x20 build/default/production/_ext/1472/interrupts.o
 .debug_aranges
                0x00000040       0x20 build/default/production/_ext/1472/main.o
 .debug_aranges
                0x00000060       0x20 ../../PLIB2_GIT/PLIB.X/dist/default/production/PLIB.X.a(_EXAMPLES_.o)
 .debug_aranges
                0x00000080       0x20 ../../PLIB2_GIT/PLIB.X/dist/default/production/PLIB.X.a(_LOG.o)
 .debug_aranges
                0x000000a0       0x20 ../../PLIB2_GIT/PLIB.X/dist/default/production/PLIB.X.a(pink_lady.o)
 .debug_aranges
                0x000000c0       0x20 ../../PLIB2_GIT/PLIB.X/dist/default/production/PLIB.X.a(sd_card.o)
 .debug_aranges
                0x000000e0       0x20 ../../PLIB2_GIT/PLIB.X/dist/default/production/PLIB.X.a(e_mcp23s17.o)
 .debug_aranges
                0x00000100       0x20 ../../PLIB2_GIT/PLIB.X/dist/default/production/PLIB.X.a(e_at42qt2120.o)
 .debug_aranges
                0x00000120       0x20 ../../PLIB2_GIT/PLIB.X/dist/default/production/PLIB.X.a(e_pca9685.o)
 .debug_aranges
                0x00000140       0x20 ../../PLIB2_GIT/PLIB.X/dist/default/production/PLIB.X.a(e_veml7700.o)
 .debug_aranges
                0x00000160       0x20 ../../PLIB2_GIT/PLIB.X/dist/default/production/PLIB.X.a(e_tps92662.o)
 .debug_aranges
                0x00000180       0x20 ../../PLIB2_GIT/PLIB.X/dist/default/production/PLIB.X.a(e_grove_motor_tb6612fng.o)
 .debug_aranges
                0x000001a0       0x20 ../../PLIB2_GIT/PLIB.X/dist/default/production/PLIB.X.a(ble.o)
 .debug_aranges
                0x000001c0       0x20 ../../PLIB2_GIT/PLIB.X/dist/default/production/PLIB.X.a(utilities.o)
 .debug_aranges
                0x000001e0       0x20 ../../PLIB2_GIT/PLIB.X/dist/default/production/PLIB.X.a(string_advance.o)
 .debug_aranges
                0x00000200       0x20 ../../PLIB2_GIT/PLIB.X/dist/default/production/PLIB.X.a(lin.o)
 .debug_aranges
                0x00000220       0x20 ../../PLIB2_GIT/PLIB.X/dist/default/production/PLIB.X.a(software_pwm.o)
 .debug_aranges
                0x00000240       0x20 ../../PLIB2_GIT/PLIB.X/dist/default/production/PLIB.X.a(crc_16.o)
 .debug_aranges
                0x00000260       0x20 ../../PLIB2_GIT/PLIB.X/dist/default/production/PLIB.X.a(errors.o)
 .debug_aranges
                0x00000280       0x20 ../../PLIB2_GIT/PLIB.X/dist/default/production/PLIB.X.a(s14_timers.o)
 .debug_aranges
                0x000002a0       0x20 ../../PLIB2_GIT/PLIB.X/dist/default/production/PLIB.X.a(s23_spi.o)
 .debug_aranges
                0x000002c0       0x20 ../../PLIB2_GIT/PLIB.X/dist/default/production/PLIB.X.a(s17_adc.o)
 .debug_aranges
                0x000002e0       0x20 ../../PLIB2_GIT/PLIB.X/dist/default/production/PLIB.X.a(s16_output_compare.o)
 .debug_aranges
                0x00000300       0x20 ../../PLIB2_GIT/PLIB.X/dist/default/production/PLIB.X.a(s24_i2c.o)
 .debug_aranges
                0x00000320       0x20 ../../PLIB2_GIT/PLIB.X/dist/default/production/PLIB.X.a(s12_ports.o)
 .debug_aranges
                0x00000340       0x20 ../../PLIB2_GIT/PLIB.X/dist/default/production/PLIB.X.a(s21_uart.o)
 .debug_aranges
                0x00000360       0x20 ../../PLIB2_GIT/PLIB.X/dist/default/production/PLIB.X.a(s31_dma.o)
 .debug_aranges
                0x00000380       0x20 ../../PLIB2_GIT/PLIB.X/dist/default/production/PLIB.X.a(s07_resets.o)
 .debug_aranges
                0x000003a0       0x20 ../../PLIB2_GIT/PLIB.X/dist/default/production/PLIB.X.a(s08_interrupts.o)
 .debug_aranges
                0x000003c0       0x20 ../../PLIB2_GIT/PLIB.X/dist/default/production/PLIB.X.a(s00_system.o)
 .debug_aranges
                0x000003e0       0x20 ../../PLIB2_GIT/PLIB.X/dist/default/production/PLIB.X.a(s34_can.o)
 .debug_aranges
                0x00000400       0x20 /Applications/microchip/xc32/v2.41/bin/bin/../../lib/gcc/pic32mx/4.8.3/speed/libgcc.a(_floatundisf.o)
 .debug_aranges
                0x00000420       0x20 /Applications/microchip/xc32/v2.41/bin/bin/../../lib/gcc/pic32mx/4.8.3/speed/libgcc.a(_udivdi3.o)
 .debug_aranges
                0x00000440       0x20 /Applications/microchip/xc32/v2.41/bin/bin/../../lib/gcc/pic32mx/4.8.3/speed/libgcc.a(_umoddi3.o)
 .debug_aranges
                0x00000460       0x20 /Applications/microchip/xc32/v2.41/bin/bin/../../lib/gcc/pic32mx/4.8.3/speed/libgcc.a(floatunsisf.o)
 .debug_aranges
                0x00000480       0x20 /Applications/microchip/xc32/v2.41/bin/bin/../../lib/gcc/pic32mx/4.8.3/speed/libgcc.a(floatunsidf.o)
 .debug_aranges
                0x000004a0       0x20 /Applications/microchip/xc32/v2.41/bin/bin/../../lib/gcc/pic32mx/4.8.3/../../../../pic32mx/lib/speed/libpic32.a(default-bootstrap-exception-handler.o)
 .debug_aranges
                0x000004c0       0x20 /Applications/microchip/xc32/v2.41/bin/bin/../../lib/gcc/pic32mx/4.8.3/../../../../pic32mx/lib/speed/libpic32.a(default-on-reset.o)
 .debug_aranges
                0x000004e0       0x20 /Applications/microchip/xc32/v2.41/bin/bin/../../lib/gcc/pic32mx/4.8.3/../../../../pic32mx/lib/speed/libpic32.a(default-on-bootstrap.o)
 .debug_aranges
                0x00000500       0x20 /Applications/microchip/xc32/v2.41/bin/bin/../../lib/gcc/pic32mx/4.8.3/../../../../pic32mx/lib/speed/libpic32.a(default-general-exception-handler.o)
 .debug_aranges
                0x00000520       0x20 /Applications/microchip/xc32/v2.41/bin/bin/../../lib/gcc/pic32mx/4.8.3/../../../../pic32mx/lib/speed/libpic32.a(defaultinterrupt.o)
 .debug_aranges
                0x00000540       0xa0 /Applications/microchip/xc32/v2.41/bin/bin/../../lib/gcc/pic32mx/4.8.3/../../../../pic32mx/lib/speed/libc.a(ctypef.o)
 .debug_aranges
                0x000005e0       0x30 /Applications/microchip/xc32/v2.41/bin/bin/../../lib/gcc/pic32mx/4.8.3/../../../../pic32mx/lib/speed/libc.a(malloc.o)
 .debug_aranges
                0x00000610       0x20 /Applications/microchip/xc32/v2.41/bin/bin/../../lib/gcc/pic32mx/4.8.3/../../../../pic32mx/lib/speed/libc.a(strstr.o)
 .debug_aranges
                0x00000630       0x20 /Applications/microchip/xc32/v2.41/bin/bin/../../lib/gcc/pic32mx/4.8.3/../../../../pic32mx/lib/speed/libc.a(strchr.o)
 .debug_aranges
                0x00000650       0x20 /Applications/microchip/xc32/v2.41/bin/bin/../../lib/gcc/pic32mx/4.8.3/../../../../pic32mx/lib/speed/libc.a(strncmp.o)
 .debug_aranges
                0x00000670       0x20 /Applications/microchip/xc32/v2.41/bin/bin/../../lib/gcc/pic32mx/4.8.3/../../../../pic32mx/lib/speed/libm.a(w_pow.o)
 .debug_aranges
                0x00000690       0x20 /Applications/microchip/xc32/v2.41/bin/bin/../../lib/gcc/pic32mx/4.8.3/../../../../pic32mx/lib/speed/libm.a(w_log.o)
 .debug_aranges
                0x000006b0       0x40 /Applications/microchip/xc32/v2.41/bin/bin/../../lib/gcc/pic32mx/4.8.3/../../../../pic32mx/lib/speed/libpic32.a(sbrk.o)
 .debug_aranges
                0x000006f0       0x48 /Applications/microchip/xc32/v2.41/bin/bin/../../lib/gcc/pic32mx/4.8.3/../../../../pic32mx/lib/speed/libpic32.a(isinf.o)
 .debug_aranges
                0x00000738       0x20 /Applications/microchip/xc32/v2.41/bin/bin/../../lib/gcc/pic32mx/4.8.3/../../../../pic32mx/lib/speed/libe.a(_unorddf2.o)

.debug_pubnames
 *(.debug_pubnames)

.debug_info     0x00000000    0x3e5d3
 *(.debug_info .gnu.linkonce.wi.*)
 .debug_info    0x00000000     0x1351 build/default/production/_ext/1472/config.o
 .debug_info    0x00001351     0x21ab build/default/production/_ext/1472/interrupts.o
 .debug_info    0x000034fc     0x24a9 build/default/production/_ext/1472/main.o
 .debug_info    0x000059a5     0xb905 ../../PLIB2_GIT/PLIB.X/dist/default/production/PLIB.X.a(_EXAMPLES_.o)
 .debug_info    0x000112aa     0x1cd4 ../../PLIB2_GIT/PLIB.X/dist/default/production/PLIB.X.a(_LOG.o)
 .debug_info    0x00012f7e     0x1eb4 ../../PLIB2_GIT/PLIB.X/dist/default/production/PLIB.X.a(pink_lady.o)
 .debug_info    0x00014e32     0x557c ../../PLIB2_GIT/PLIB.X/dist/default/production/PLIB.X.a(sd_card.o)
 .debug_info    0x0001a3ae     0x1662 ../../PLIB2_GIT/PLIB.X/dist/default/production/PLIB.X.a(e_mcp23s17.o)
 .debug_info    0x0001ba10      0xd4e ../../PLIB2_GIT/PLIB.X/dist/default/production/PLIB.X.a(e_at42qt2120.o)
 .debug_info    0x0001c75e      0xec9 ../../PLIB2_GIT/PLIB.X/dist/default/production/PLIB.X.a(e_pca9685.o)
 .debug_info    0x0001d627      0xbfb ../../PLIB2_GIT/PLIB.X/dist/default/production/PLIB.X.a(e_veml7700.o)
 .debug_info    0x0001e222     0x324b ../../PLIB2_GIT/PLIB.X/dist/default/production/PLIB.X.a(e_tps92662.o)
 .debug_info    0x0002146d     0x10b9 ../../PLIB2_GIT/PLIB.X/dist/default/production/PLIB.X.a(e_grove_motor_tb6612fng.o)
 .debug_info    0x00022526     0x2a09 ../../PLIB2_GIT/PLIB.X/dist/default/production/PLIB.X.a(ble.o)
 .debug_info    0x00024f2f     0x137c ../../PLIB2_GIT/PLIB.X/dist/default/production/PLIB.X.a(utilities.o)
 .debug_info    0x000262ab      0x8d7 ../../PLIB2_GIT/PLIB.X/dist/default/production/PLIB.X.a(string_advance.o)
 .debug_info    0x00026b82     0x1812 ../../PLIB2_GIT/PLIB.X/dist/default/production/PLIB.X.a(lin.o)
 .debug_info    0x00028394      0xbec ../../PLIB2_GIT/PLIB.X/dist/default/production/PLIB.X.a(software_pwm.o)
 .debug_info    0x00028f80      0x9b6 ../../PLIB2_GIT/PLIB.X/dist/default/production/PLIB.X.a(crc_16.o)
 .debug_info    0x00029936      0xbc2 ../../PLIB2_GIT/PLIB.X/dist/default/production/PLIB.X.a(errors.o)
 .debug_info    0x0002a4f8     0x113f ../../PLIB2_GIT/PLIB.X/dist/default/production/PLIB.X.a(s14_timers.o)
 .debug_info    0x0002b637     0x2004 ../../PLIB2_GIT/PLIB.X/dist/default/production/PLIB.X.a(s23_spi.o)
 .debug_info    0x0002d63b     0x109a ../../PLIB2_GIT/PLIB.X/dist/default/production/PLIB.X.a(s17_adc.o)
 .debug_info    0x0002e6d5      0xd5c ../../PLIB2_GIT/PLIB.X/dist/default/production/PLIB.X.a(s16_output_compare.o)
 .debug_info    0x0002f431     0x2539 ../../PLIB2_GIT/PLIB.X/dist/default/production/PLIB.X.a(s24_i2c.o)
 .debug_info    0x0003196a     0x1204 ../../PLIB2_GIT/PLIB.X/dist/default/production/PLIB.X.a(s12_ports.o)
 .debug_info    0x00032b6e     0x20ae ../../PLIB2_GIT/PLIB.X/dist/default/production/PLIB.X.a(s21_uart.o)
 .debug_info    0x00034c1c     0x2569 ../../PLIB2_GIT/PLIB.X/dist/default/production/PLIB.X.a(s31_dma.o)
 .debug_info    0x00037185      0x34a ../../PLIB2_GIT/PLIB.X/dist/default/production/PLIB.X.a(s07_resets.o)
 .debug_info    0x000374cf     0x1490 ../../PLIB2_GIT/PLIB.X/dist/default/production/PLIB.X.a(s08_interrupts.o)
 .debug_info    0x0003895f      0xa09 ../../PLIB2_GIT/PLIB.X/dist/default/production/PLIB.X.a(s00_system.o)
 .debug_info    0x00039368     0x3034 ../../PLIB2_GIT/PLIB.X/dist/default/production/PLIB.X.a(s34_can.o)
 .debug_info    0x0003c39c      0x259 /Applications/microchip/xc32/v2.41/bin/bin/../../lib/gcc/pic32mx/4.8.3/speed/libgcc.a(_floatundisf.o)
 .debug_info    0x0003c5f5      0x751 /Applications/microchip/xc32/v2.41/bin/bin/../../lib/gcc/pic32mx/4.8.3/speed/libgcc.a(_udivdi3.o)
 .debug_info    0x0003cd46      0x78e /Applications/microchip/xc32/v2.41/bin/bin/../../lib/gcc/pic32mx/4.8.3/speed/libgcc.a(_umoddi3.o)
 .debug_info    0x0003d4d4      0x129 /Applications/microchip/xc32/v2.41/bin/bin/../../lib/gcc/pic32mx/4.8.3/speed/libgcc.a(floatunsisf.o)
 .debug_info    0x0003d5fd      0x137 /Applications/microchip/xc32/v2.41/bin/bin/../../lib/gcc/pic32mx/4.8.3/speed/libgcc.a(floatunsidf.o)
 .debug_info    0x0003d734       0xf4 /Applications/microchip/xc32/v2.41/bin/bin/../../lib/gcc/pic32mx/4.8.3/../../../../pic32mx/lib/speed/libpic32.a(default-bootstrap-exception-handler.o)
 .debug_info    0x0003d828       0xcd /Applications/microchip/xc32/v2.41/bin/bin/../../lib/gcc/pic32mx/4.8.3/../../../../pic32mx/lib/speed/libpic32.a(default-on-reset.o)
 .debug_info    0x0003d8f5       0xd5 /Applications/microchip/xc32/v2.41/bin/bin/../../lib/gcc/pic32mx/4.8.3/../../../../pic32mx/lib/speed/libpic32.a(default-on-bootstrap.o)
 .debug_info    0x0003d9ca       0xf0 /Applications/microchip/xc32/v2.41/bin/bin/../../lib/gcc/pic32mx/4.8.3/../../../../pic32mx/lib/speed/libpic32.a(default-general-exception-handler.o)
 .debug_info    0x0003daba       0xe7 /Applications/microchip/xc32/v2.41/bin/bin/../../lib/gcc/pic32mx/4.8.3/../../../../pic32mx/lib/speed/libpic32.a(defaultinterrupt.o)
 .debug_info    0x0003dba1      0x238 /Applications/microchip/xc32/v2.41/bin/bin/../../lib/gcc/pic32mx/4.8.3/../../../../pic32mx/lib/speed/libc.a(ctypef.o)
 .debug_info    0x0003ddd9       0xf5 /Applications/microchip/xc32/v2.41/bin/bin/../../lib/gcc/pic32mx/4.8.3/../../../../pic32mx/lib/speed/libc.a(malloc.o)
 .debug_info    0x0003dece       0xc4 /Applications/microchip/xc32/v2.41/bin/bin/../../lib/gcc/pic32mx/4.8.3/../../../../pic32mx/lib/speed/libc.a(strstr.o)
 .debug_info    0x0003df92       0xc4 /Applications/microchip/xc32/v2.41/bin/bin/../../lib/gcc/pic32mx/4.8.3/../../../../pic32mx/lib/speed/libc.a(strchr.o)
 .debug_info    0x0003e056       0xc6 /Applications/microchip/xc32/v2.41/bin/bin/../../lib/gcc/pic32mx/4.8.3/../../../../pic32mx/lib/speed/libc.a(strncmp.o)
 .debug_info    0x0003e11c       0xc2 /Applications/microchip/xc32/v2.41/bin/bin/../../lib/gcc/pic32mx/4.8.3/../../../../pic32mx/lib/speed/libm.a(w_pow.o)
 .debug_info    0x0003e1de       0xc2 /Applications/microchip/xc32/v2.41/bin/bin/../../lib/gcc/pic32mx/4.8.3/../../../../pic32mx/lib/speed/libm.a(w_log.o)
 .debug_info    0x0003e2a0      0x131 /Applications/microchip/xc32/v2.41/bin/bin/../../lib/gcc/pic32mx/4.8.3/../../../../pic32mx/lib/speed/libpic32.a(sbrk.o)
 .debug_info    0x0003e3d1      0x134 /Applications/microchip/xc32/v2.41/bin/bin/../../lib/gcc/pic32mx/4.8.3/../../../../pic32mx/lib/speed/libpic32.a(isinf.o)
 .debug_info    0x0003e505       0xce /Applications/microchip/xc32/v2.41/bin/bin/../../lib/gcc/pic32mx/4.8.3/../../../../pic32mx/lib/speed/libe.a(_unorddf2.o)

.debug_abbrev   0x00000000     0x4d76
 *(.debug_abbrev)
 .debug_abbrev  0x00000000      0x1ec build/default/production/_ext/1472/config.o
 .debug_abbrev  0x000001ec      0x1ab build/default/production/_ext/1472/interrupts.o
 .debug_abbrev  0x00000397      0x26d build/default/production/_ext/1472/main.o
 .debug_abbrev  0x00000604      0x4c8 ../../PLIB2_GIT/PLIB.X/dist/default/production/PLIB.X.a(_EXAMPLES_.o)
 .debug_abbrev  0x00000acc      0x288 ../../PLIB2_GIT/PLIB.X/dist/default/production/PLIB.X.a(_LOG.o)
 .debug_abbrev  0x00000d54      0x234 ../../PLIB2_GIT/PLIB.X/dist/default/production/PLIB.X.a(pink_lady.o)
 .debug_abbrev  0x00000f88      0x425 ../../PLIB2_GIT/PLIB.X/dist/default/production/PLIB.X.a(sd_card.o)
 .debug_abbrev  0x000013ad      0x19a ../../PLIB2_GIT/PLIB.X/dist/default/production/PLIB.X.a(e_mcp23s17.o)
 .debug_abbrev  0x00001547      0x182 ../../PLIB2_GIT/PLIB.X/dist/default/production/PLIB.X.a(e_at42qt2120.o)
 .debug_abbrev  0x000016c9      0x180 ../../PLIB2_GIT/PLIB.X/dist/default/production/PLIB.X.a(e_pca9685.o)
 .debug_abbrev  0x00001849      0x182 ../../PLIB2_GIT/PLIB.X/dist/default/production/PLIB.X.a(e_veml7700.o)
 .debug_abbrev  0x000019cb      0x288 ../../PLIB2_GIT/PLIB.X/dist/default/production/PLIB.X.a(e_tps92662.o)
 .debug_abbrev  0x00001c53      0x1cd ../../PLIB2_GIT/PLIB.X/dist/default/production/PLIB.X.a(e_grove_motor_tb6612fng.o)
 .debug_abbrev  0x00001e20      0x32a ../../PLIB2_GIT/PLIB.X/dist/default/production/PLIB.X.a(ble.o)
 .debug_abbrev  0x0000214a      0x2d1 ../../PLIB2_GIT/PLIB.X/dist/default/production/PLIB.X.a(utilities.o)
 .debug_abbrev  0x0000241b      0x1b3 ../../PLIB2_GIT/PLIB.X/dist/default/production/PLIB.X.a(string_advance.o)
 .debug_abbrev  0x000025ce      0x200 ../../PLIB2_GIT/PLIB.X/dist/default/production/PLIB.X.a(lin.o)
 .debug_abbrev  0x000027ce      0x15f ../../PLIB2_GIT/PLIB.X/dist/default/production/PLIB.X.a(software_pwm.o)
 .debug_abbrev  0x0000292d      0x150 ../../PLIB2_GIT/PLIB.X/dist/default/production/PLIB.X.a(crc_16.o)
 .debug_abbrev  0x00002a7d      0x186 ../../PLIB2_GIT/PLIB.X/dist/default/production/PLIB.X.a(errors.o)
 .debug_abbrev  0x00002c03      0x1b9 ../../PLIB2_GIT/PLIB.X/dist/default/production/PLIB.X.a(s14_timers.o)
 .debug_abbrev  0x00002dbc      0x283 ../../PLIB2_GIT/PLIB.X/dist/default/production/PLIB.X.a(s23_spi.o)
 .debug_abbrev  0x0000303f      0x17f ../../PLIB2_GIT/PLIB.X/dist/default/production/PLIB.X.a(s17_adc.o)
 .debug_abbrev  0x000031be      0x152 ../../PLIB2_GIT/PLIB.X/dist/default/production/PLIB.X.a(s16_output_compare.o)
 .debug_abbrev  0x00003310      0x350 ../../PLIB2_GIT/PLIB.X/dist/default/production/PLIB.X.a(s24_i2c.o)
 .debug_abbrev  0x00003660      0x1b0 ../../PLIB2_GIT/PLIB.X/dist/default/production/PLIB.X.a(s12_ports.o)
 .debug_abbrev  0x00003810      0x275 ../../PLIB2_GIT/PLIB.X/dist/default/production/PLIB.X.a(s21_uart.o)
 .debug_abbrev  0x00003a85      0x416 ../../PLIB2_GIT/PLIB.X/dist/default/production/PLIB.X.a(s31_dma.o)
 .debug_abbrev  0x00003e9b       0xc3 ../../PLIB2_GIT/PLIB.X/dist/default/production/PLIB.X.a(s07_resets.o)
 .debug_abbrev  0x00003f5e      0x227 ../../PLIB2_GIT/PLIB.X/dist/default/production/PLIB.X.a(s08_interrupts.o)
 .debug_abbrev  0x00004185      0x271 ../../PLIB2_GIT/PLIB.X/dist/default/production/PLIB.X.a(s00_system.o)
 .debug_abbrev  0x000043f6      0x313 ../../PLIB2_GIT/PLIB.X/dist/default/production/PLIB.X.a(s34_can.o)
 .debug_abbrev  0x00004709       0x64 /Applications/microchip/xc32/v2.41/bin/bin/../../lib/gcc/pic32mx/4.8.3/speed/libgcc.a(_floatundisf.o)
 .debug_abbrev  0x0000476d      0x138 /Applications/microchip/xc32/v2.41/bin/bin/../../lib/gcc/pic32mx/4.8.3/speed/libgcc.a(_udivdi3.o)
 .debug_abbrev  0x000048a5      0x147 /Applications/microchip/xc32/v2.41/bin/bin/../../lib/gcc/pic32mx/4.8.3/speed/libgcc.a(_umoddi3.o)
 .debug_abbrev  0x000049ec       0x62 /Applications/microchip/xc32/v2.41/bin/bin/../../lib/gcc/pic32mx/4.8.3/speed/libgcc.a(floatunsisf.o)
 .debug_abbrev  0x00004a4e       0x62 /Applications/microchip/xc32/v2.41/bin/bin/../../lib/gcc/pic32mx/4.8.3/speed/libgcc.a(floatunsidf.o)
 .debug_abbrev  0x00004ab0       0x28 /Applications/microchip/xc32/v2.41/bin/bin/../../lib/gcc/pic32mx/4.8.3/../../../../pic32mx/lib/speed/libpic32.a(default-bootstrap-exception-handler.o)
 .debug_abbrev  0x00004ad8       0x28 /Applications/microchip/xc32/v2.41/bin/bin/../../lib/gcc/pic32mx/4.8.3/../../../../pic32mx/lib/speed/libpic32.a(default-on-reset.o)
 .debug_abbrev  0x00004b00       0x28 /Applications/microchip/xc32/v2.41/bin/bin/../../lib/gcc/pic32mx/4.8.3/../../../../pic32mx/lib/speed/libpic32.a(default-on-bootstrap.o)
 .debug_abbrev  0x00004b28       0x28 /Applications/microchip/xc32/v2.41/bin/bin/../../lib/gcc/pic32mx/4.8.3/../../../../pic32mx/lib/speed/libpic32.a(default-general-exception-handler.o)
 .debug_abbrev  0x00004b50       0x28 /Applications/microchip/xc32/v2.41/bin/bin/../../lib/gcc/pic32mx/4.8.3/../../../../pic32mx/lib/speed/libpic32.a(defaultinterrupt.o)
 .debug_abbrev  0x00004b78       0x28 /Applications/microchip/xc32/v2.41/bin/bin/../../lib/gcc/pic32mx/4.8.3/../../../../pic32mx/lib/speed/libc.a(ctypef.o)
 .debug_abbrev  0x00004ba0       0x47 /Applications/microchip/xc32/v2.41/bin/bin/../../lib/gcc/pic32mx/4.8.3/../../../../pic32mx/lib/speed/libc.a(malloc.o)
 .debug_abbrev  0x00004be7       0x28 /Applications/microchip/xc32/v2.41/bin/bin/../../lib/gcc/pic32mx/4.8.3/../../../../pic32mx/lib/speed/libc.a(strstr.o)
 .debug_abbrev  0x00004c0f       0x28 /Applications/microchip/xc32/v2.41/bin/bin/../../lib/gcc/pic32mx/4.8.3/../../../../pic32mx/lib/speed/libc.a(strchr.o)
 .debug_abbrev  0x00004c37       0x28 /Applications/microchip/xc32/v2.41/bin/bin/../../lib/gcc/pic32mx/4.8.3/../../../../pic32mx/lib/speed/libc.a(strncmp.o)
 .debug_abbrev  0x00004c5f       0x28 /Applications/microchip/xc32/v2.41/bin/bin/../../lib/gcc/pic32mx/4.8.3/../../../../pic32mx/lib/speed/libm.a(w_pow.o)
 .debug_abbrev  0x00004c87       0x28 /Applications/microchip/xc32/v2.41/bin/bin/../../lib/gcc/pic32mx/4.8.3/../../../../pic32mx/lib/speed/libm.a(w_log.o)
 .debug_abbrev  0x00004caf       0x54 /Applications/microchip/xc32/v2.41/bin/bin/../../lib/gcc/pic32mx/4.8.3/../../../../pic32mx/lib/speed/libpic32.a(sbrk.o)
 .debug_abbrev  0x00004d03       0x3e /Applications/microchip/xc32/v2.41/bin/bin/../../lib/gcc/pic32mx/4.8.3/../../../../pic32mx/lib/speed/libpic32.a(isinf.o)
 .debug_abbrev  0x00004d41       0x35 /Applications/microchip/xc32/v2.41/bin/bin/../../lib/gcc/pic32mx/4.8.3/../../../../pic32mx/lib/speed/libe.a(_unorddf2.o)

.debug_line     0x00000000     0x7ee5
 *(.debug_line)
 .debug_line    0x00000000      0x27d build/default/production/_ext/1472/config.o
 .debug_line    0x0000027d      0x4a2 build/default/production/_ext/1472/interrupts.o
 .debug_line    0x0000071f      0x3ca build/default/production/_ext/1472/main.o
 .debug_line    0x00000ae9      0xb32 ../../PLIB2_GIT/PLIB.X/dist/default/production/PLIB.X.a(_EXAMPLES_.o)
 .debug_line    0x0000161b      0x40b ../../PLIB2_GIT/PLIB.X/dist/default/production/PLIB.X.a(_LOG.o)
 .debug_line    0x00001a26      0x4aa ../../PLIB2_GIT/PLIB.X/dist/default/production/PLIB.X.a(pink_lady.o)
 .debug_line    0x00001ed0      0x98a ../../PLIB2_GIT/PLIB.X/dist/default/production/PLIB.X.a(sd_card.o)
 .debug_line    0x0000285a      0x272 ../../PLIB2_GIT/PLIB.X/dist/default/production/PLIB.X.a(e_mcp23s17.o)
 .debug_line    0x00002acc      0x25a ../../PLIB2_GIT/PLIB.X/dist/default/production/PLIB.X.a(e_at42qt2120.o)
 .debug_line    0x00002d26      0x25e ../../PLIB2_GIT/PLIB.X/dist/default/production/PLIB.X.a(e_pca9685.o)
 .debug_line    0x00002f84      0x256 ../../PLIB2_GIT/PLIB.X/dist/default/production/PLIB.X.a(e_veml7700.o)
 .debug_line    0x000031da      0x515 ../../PLIB2_GIT/PLIB.X/dist/default/production/PLIB.X.a(e_tps92662.o)
 .debug_line    0x000036ef      0x294 ../../PLIB2_GIT/PLIB.X/dist/default/production/PLIB.X.a(e_grove_motor_tb6612fng.o)
 .debug_line    0x00003983      0x516 ../../PLIB2_GIT/PLIB.X/dist/default/production/PLIB.X.a(ble.o)
 .debug_line    0x00003e99      0x484 ../../PLIB2_GIT/PLIB.X/dist/default/production/PLIB.X.a(utilities.o)
 .debug_line    0x0000431d      0x30a ../../PLIB2_GIT/PLIB.X/dist/default/production/PLIB.X.a(string_advance.o)
 .debug_line    0x00004627      0x411 ../../PLIB2_GIT/PLIB.X/dist/default/production/PLIB.X.a(lin.o)
 .debug_line    0x00004a38      0x23a ../../PLIB2_GIT/PLIB.X/dist/default/production/PLIB.X.a(software_pwm.o)
 .debug_line    0x00004c72      0x1fa ../../PLIB2_GIT/PLIB.X/dist/default/production/PLIB.X.a(crc_16.o)
 .debug_line    0x00004e6c      0x2f1 ../../PLIB2_GIT/PLIB.X/dist/default/production/PLIB.X.a(errors.o)
 .debug_line    0x0000515d      0x258 ../../PLIB2_GIT/PLIB.X/dist/default/production/PLIB.X.a(s14_timers.o)
 .debug_line    0x000053b5      0x2e9 ../../PLIB2_GIT/PLIB.X/dist/default/production/PLIB.X.a(s23_spi.o)
 .debug_line    0x0000569e      0x239 ../../PLIB2_GIT/PLIB.X/dist/default/production/PLIB.X.a(s17_adc.o)
 .debug_line    0x000058d7      0x1ef ../../PLIB2_GIT/PLIB.X/dist/default/production/PLIB.X.a(s16_output_compare.o)
 .debug_line    0x00005ac6      0x4d1 ../../PLIB2_GIT/PLIB.X/dist/default/production/PLIB.X.a(s24_i2c.o)
 .debug_line    0x00005f97      0x255 ../../PLIB2_GIT/PLIB.X/dist/default/production/PLIB.X.a(s12_ports.o)
 .debug_line    0x000061ec      0x31d ../../PLIB2_GIT/PLIB.X/dist/default/production/PLIB.X.a(s21_uart.o)
 .debug_line    0x00006509      0x3ec ../../PLIB2_GIT/PLIB.X/dist/default/production/PLIB.X.a(s31_dma.o)
 .debug_line    0x000068f5      0x1a5 ../../PLIB2_GIT/PLIB.X/dist/default/production/PLIB.X.a(s07_resets.o)
 .debug_line    0x00006a9a      0x29a ../../PLIB2_GIT/PLIB.X/dist/default/production/PLIB.X.a(s08_interrupts.o)
 .debug_line    0x00006d34      0x213 ../../PLIB2_GIT/PLIB.X/dist/default/production/PLIB.X.a(s00_system.o)
 .debug_line    0x00006f47      0x388 ../../PLIB2_GIT/PLIB.X/dist/default/production/PLIB.X.a(s34_can.o)
 .debug_line    0x000072cf       0xaa /Applications/microchip/xc32/v2.41/bin/bin/../../lib/gcc/pic32mx/4.8.3/speed/libgcc.a(_floatundisf.o)
 .debug_line    0x00007379       0xf7 /Applications/microchip/xc32/v2.41/bin/bin/../../lib/gcc/pic32mx/4.8.3/speed/libgcc.a(_udivdi3.o)
 .debug_line    0x00007470      0x109 /Applications/microchip/xc32/v2.41/bin/bin/../../lib/gcc/pic32mx/4.8.3/speed/libgcc.a(_umoddi3.o)
 .debug_line    0x00007579       0x94 /Applications/microchip/xc32/v2.41/bin/bin/../../lib/gcc/pic32mx/4.8.3/speed/libgcc.a(floatunsisf.o)
 .debug_line    0x0000760d       0x93 /Applications/microchip/xc32/v2.41/bin/bin/../../lib/gcc/pic32mx/4.8.3/speed/libgcc.a(floatunsidf.o)
 .debug_line    0x000076a0       0xa6 /Applications/microchip/xc32/v2.41/bin/bin/../../lib/gcc/pic32mx/4.8.3/../../../../pic32mx/lib/speed/libpic32.a(default-bootstrap-exception-handler.o)
 .debug_line    0x00007746       0x93 /Applications/microchip/xc32/v2.41/bin/bin/../../lib/gcc/pic32mx/4.8.3/../../../../pic32mx/lib/speed/libpic32.a(default-on-reset.o)
 .debug_line    0x000077d9       0x97 /Applications/microchip/xc32/v2.41/bin/bin/../../lib/gcc/pic32mx/4.8.3/../../../../pic32mx/lib/speed/libpic32.a(default-on-bootstrap.o)
 .debug_line    0x00007870       0xa4 /Applications/microchip/xc32/v2.41/bin/bin/../../lib/gcc/pic32mx/4.8.3/../../../../pic32mx/lib/speed/libpic32.a(default-general-exception-handler.o)
 .debug_line    0x00007914       0xa5 /Applications/microchip/xc32/v2.41/bin/bin/../../lib/gcc/pic32mx/4.8.3/../../../../pic32mx/lib/speed/libpic32.a(defaultinterrupt.o)
 .debug_line    0x000079b9       0x7e /Applications/microchip/xc32/v2.41/bin/bin/../../lib/gcc/pic32mx/4.8.3/../../../../pic32mx/lib/speed/libc.a(ctypef.o)
 .debug_line    0x00007a37       0x7e /Applications/microchip/xc32/v2.41/bin/bin/../../lib/gcc/pic32mx/4.8.3/../../../../pic32mx/lib/speed/libc.a(malloc.o)
 .debug_line    0x00007ab5       0x7e /Applications/microchip/xc32/v2.41/bin/bin/../../lib/gcc/pic32mx/4.8.3/../../../../pic32mx/lib/speed/libc.a(strstr.o)
 .debug_line    0x00007b33        0x0 /Applications/microchip/xc32/v2.41/bin/bin/../../lib/gcc/pic32mx/4.8.3/../../../../pic32mx/lib/speed/libc.a(ctype.o)
 .debug_line    0x00007b33       0x7e /Applications/microchip/xc32/v2.41/bin/bin/../../lib/gcc/pic32mx/4.8.3/../../../../pic32mx/lib/speed/libc.a(strchr.o)
 .debug_line    0x00007bb1       0x7f /Applications/microchip/xc32/v2.41/bin/bin/../../lib/gcc/pic32mx/4.8.3/../../../../pic32mx/lib/speed/libc.a(strncmp.o)
 .debug_line    0x00007c30       0x8c /Applications/microchip/xc32/v2.41/bin/bin/../../lib/gcc/pic32mx/4.8.3/../../../../pic32mx/lib/speed/libm.a(w_pow.o)
 .debug_line    0x00007cbc       0x8c /Applications/microchip/xc32/v2.41/bin/bin/../../lib/gcc/pic32mx/4.8.3/../../../../pic32mx/lib/speed/libm.a(w_log.o)
 .debug_line    0x00007d48        0x0 /Applications/microchip/xc32/v2.41/bin/bin/../../lib/gcc/pic32mx/4.8.3/../../../../pic32mx/lib/speed/libm.a(s_lib_ver.o)
 .debug_line    0x00007d48       0x87 /Applications/microchip/xc32/v2.41/bin/bin/../../lib/gcc/pic32mx/4.8.3/../../../../pic32mx/lib/speed/libpic32.a(sbrk.o)
 .debug_line    0x00007dcf        0x0 /Applications/microchip/xc32/v2.41/bin/bin/../../lib/gcc/pic32mx/4.8.3/../../../../pic32mx/lib/speed/libpic32.a(errno.o)
 .debug_line    0x00007dcf       0x88 /Applications/microchip/xc32/v2.41/bin/bin/../../lib/gcc/pic32mx/4.8.3/../../../../pic32mx/lib/speed/libpic32.a(isinf.o)
 .debug_line    0x00007e57       0x8e /Applications/microchip/xc32/v2.41/bin/bin/../../lib/gcc/pic32mx/4.8.3/../../../../pic32mx/lib/speed/libe.a(_unorddf2.o)

.debug_frame    0x00000000     0x273c
 *(.debug_frame)
 .debug_frame   0x00000000       0x74 build/default/production/_ext/1472/config.o
 .debug_frame   0x00000074      0x924 build/default/production/_ext/1472/interrupts.o
 .debug_frame   0x00000998       0x38 build/default/production/_ext/1472/main.o
 .debug_frame   0x000009d0      0x48c ../../PLIB2_GIT/PLIB.X/dist/default/production/PLIB.X.a(_EXAMPLES_.o)
 .debug_frame   0x00000e5c       0x74 ../../PLIB2_GIT/PLIB.X/dist/default/production/PLIB.X.a(_LOG.o)
 .debug_frame   0x00000ed0       0xd4 ../../PLIB2_GIT/PLIB.X/dist/default/production/PLIB.X.a(pink_lady.o)
 .debug_frame   0x00000fa4      0x118 ../../PLIB2_GIT/PLIB.X/dist/default/production/PLIB.X.a(sd_card.o)
 .debug_frame   0x000010bc       0x40 ../../PLIB2_GIT/PLIB.X/dist/default/production/PLIB.X.a(e_mcp23s17.o)
 .debug_frame   0x000010fc       0x34 ../../PLIB2_GIT/PLIB.X/dist/default/production/PLIB.X.a(e_at42qt2120.o)
 .debug_frame   0x00001130       0x34 ../../PLIB2_GIT/PLIB.X/dist/default/production/PLIB.X.a(e_pca9685.o)
 .debug_frame   0x00001164       0x34 ../../PLIB2_GIT/PLIB.X/dist/default/production/PLIB.X.a(e_veml7700.o)
 .debug_frame   0x00001198      0x178 ../../PLIB2_GIT/PLIB.X/dist/default/production/PLIB.X.a(e_tps92662.o)
 .debug_frame   0x00001310       0x30 ../../PLIB2_GIT/PLIB.X/dist/default/production/PLIB.X.a(e_grove_motor_tb6612fng.o)
 .debug_frame   0x00001340      0x180 ../../PLIB2_GIT/PLIB.X/dist/default/production/PLIB.X.a(ble.o)
 .debug_frame   0x000014c0      0x210 ../../PLIB2_GIT/PLIB.X/dist/default/production/PLIB.X.a(utilities.o)
 .debug_frame   0x000016d0      0x108 ../../PLIB2_GIT/PLIB.X/dist/default/production/PLIB.X.a(string_advance.o)
 .debug_frame   0x000017d8       0x5c ../../PLIB2_GIT/PLIB.X/dist/default/production/PLIB.X.a(lin.o)
 .debug_frame   0x00001834       0x3c ../../PLIB2_GIT/PLIB.X/dist/default/production/PLIB.X.a(software_pwm.o)
 .debug_frame   0x00001870       0x20 ../../PLIB2_GIT/PLIB.X/dist/default/production/PLIB.X.a(crc_16.o)
 .debug_frame   0x00001890       0x2c ../../PLIB2_GIT/PLIB.X/dist/default/production/PLIB.X.a(errors.o)
 .debug_frame   0x000018bc       0x70 ../../PLIB2_GIT/PLIB.X/dist/default/production/PLIB.X.a(s14_timers.o)
 .debug_frame   0x0000192c       0xec ../../PLIB2_GIT/PLIB.X/dist/default/production/PLIB.X.a(s23_spi.o)
 .debug_frame   0x00001a18       0x50 ../../PLIB2_GIT/PLIB.X/dist/default/production/PLIB.X.a(s17_adc.o)
 .debug_frame   0x00001a68       0x48 ../../PLIB2_GIT/PLIB.X/dist/default/production/PLIB.X.a(s16_output_compare.o)
 .debug_frame   0x00001ab0      0x16c ../../PLIB2_GIT/PLIB.X/dist/default/production/PLIB.X.a(s24_i2c.o)
 .debug_frame   0x00001c1c       0xb8 ../../PLIB2_GIT/PLIB.X/dist/default/production/PLIB.X.a(s12_ports.o)
 .debug_frame   0x00001cd4      0x168 ../../PLIB2_GIT/PLIB.X/dist/default/production/PLIB.X.a(s21_uart.o)
 .debug_frame   0x00001e3c      0x160 ../../PLIB2_GIT/PLIB.X/dist/default/production/PLIB.X.a(s31_dma.o)
 .debug_frame   0x00001f9c       0x28 ../../PLIB2_GIT/PLIB.X/dist/default/production/PLIB.X.a(s07_resets.o)
 .debug_frame   0x00001fc4      0x140 ../../PLIB2_GIT/PLIB.X/dist/default/production/PLIB.X.a(s08_interrupts.o)
 .debug_frame   0x00002104       0x70 ../../PLIB2_GIT/PLIB.X/dist/default/production/PLIB.X.a(s00_system.o)
 .debug_frame   0x00002174       0x54 ../../PLIB2_GIT/PLIB.X/dist/default/production/PLIB.X.a(s34_can.o)
 .debug_frame   0x000021c8       0x2c /Applications/microchip/xc32/v2.41/bin/bin/../../lib/gcc/pic32mx/4.8.3/speed/libgcc.a(_floatundisf.o)
 .debug_frame   0x000021f4       0x20 /Applications/microchip/xc32/v2.41/bin/bin/../../lib/gcc/pic32mx/4.8.3/speed/libgcc.a(_udivdi3.o)
 .debug_frame   0x00002214       0x20 /Applications/microchip/xc32/v2.41/bin/bin/../../lib/gcc/pic32mx/4.8.3/speed/libgcc.a(_umoddi3.o)
 .debug_frame   0x00002234       0x30 /Applications/microchip/xc32/v2.41/bin/bin/../../lib/gcc/pic32mx/4.8.3/speed/libgcc.a(floatunsisf.o)
 .debug_frame   0x00002264       0x2c /Applications/microchip/xc32/v2.41/bin/bin/../../lib/gcc/pic32mx/4.8.3/speed/libgcc.a(floatunsidf.o)
 .debug_frame   0x00002290       0x2c /Applications/microchip/xc32/v2.41/bin/bin/../../lib/gcc/pic32mx/4.8.3/../../../../pic32mx/lib/speed/libpic32.a(default-bootstrap-exception-handler.o)
 .debug_frame   0x000022bc       0x20 /Applications/microchip/xc32/v2.41/bin/bin/../../lib/gcc/pic32mx/4.8.3/../../../../pic32mx/lib/speed/libpic32.a(default-on-reset.o)
 .debug_frame   0x000022dc       0x20 /Applications/microchip/xc32/v2.41/bin/bin/../../lib/gcc/pic32mx/4.8.3/../../../../pic32mx/lib/speed/libpic32.a(default-on-bootstrap.o)
 .debug_frame   0x000022fc       0x2c /Applications/microchip/xc32/v2.41/bin/bin/../../lib/gcc/pic32mx/4.8.3/../../../../pic32mx/lib/speed/libpic32.a(default-general-exception-handler.o)
 .debug_frame   0x00002328       0x20 /Applications/microchip/xc32/v2.41/bin/bin/../../lib/gcc/pic32mx/4.8.3/../../../../pic32mx/lib/speed/libpic32.a(defaultinterrupt.o)
 .debug_frame   0x00002348      0x120 /Applications/microchip/xc32/v2.41/bin/bin/../../lib/gcc/pic32mx/4.8.3/../../../../pic32mx/lib/speed/libc.a(ctypef.o)
 .debug_frame   0x00002468       0x7c /Applications/microchip/xc32/v2.41/bin/bin/../../lib/gcc/pic32mx/4.8.3/../../../../pic32mx/lib/speed/libc.a(malloc.o)
 .debug_frame   0x000024e4       0x34 /Applications/microchip/xc32/v2.41/bin/bin/../../lib/gcc/pic32mx/4.8.3/../../../../pic32mx/lib/speed/libc.a(strstr.o)
 .debug_frame   0x00002518       0x20 /Applications/microchip/xc32/v2.41/bin/bin/../../lib/gcc/pic32mx/4.8.3/../../../../pic32mx/lib/speed/libc.a(strchr.o)
 .debug_frame   0x00002538       0x20 /Applications/microchip/xc32/v2.41/bin/bin/../../lib/gcc/pic32mx/4.8.3/../../../../pic32mx/lib/speed/libc.a(strncmp.o)
 .debug_frame   0x00002558       0x38 /Applications/microchip/xc32/v2.41/bin/bin/../../lib/gcc/pic32mx/4.8.3/../../../../pic32mx/lib/speed/libm.a(w_pow.o)
 .debug_frame   0x00002590       0x38 /Applications/microchip/xc32/v2.41/bin/bin/../../lib/gcc/pic32mx/4.8.3/../../../../pic32mx/lib/speed/libm.a(w_log.o)
 .debug_frame   0x000025c8       0xa4 /Applications/microchip/xc32/v2.41/bin/bin/../../lib/gcc/pic32mx/4.8.3/../../../../pic32mx/lib/speed/libpic32.a(sbrk.o)
 .debug_frame   0x0000266c       0xb0 /Applications/microchip/xc32/v2.41/bin/bin/../../lib/gcc/pic32mx/4.8.3/../../../../pic32mx/lib/speed/libpic32.a(isinf.o)
 .debug_frame   0x0000271c       0x20 /Applications/microchip/xc32/v2.41/bin/bin/../../lib/gcc/pic32mx/4.8.3/../../../../pic32mx/lib/speed/libe.a(_unorddf2.o)

.debug_str      0x00000000      0x6dc
 *(.debug_str)
 .debug_str     0x00000000        0x0 build/default/production/_ext/1472/config.o
 .debug_str     0x00000000        0xc build/default/production/_ext/1472/interrupts.o
 .debug_str     0x0000000c       0x2a build/default/production/_ext/1472/main.o
 .debug_str     0x00000036      0x1fe ../../PLIB2_GIT/PLIB.X/dist/default/production/PLIB.X.a(_EXAMPLES_.o)
 .debug_str     0x00000234       0x16 ../../PLIB2_GIT/PLIB.X/dist/default/production/PLIB.X.a(_LOG.o)
 .debug_str     0x0000024a        0xb ../../PLIB2_GIT/PLIB.X/dist/default/production/PLIB.X.a(pink_lady.o)
 .debug_str     0x00000255      0x105 ../../PLIB2_GIT/PLIB.X/dist/default/production/PLIB.X.a(sd_card.o)
 .debug_str     0x0000035a        0x0 ../../PLIB2_GIT/PLIB.X/dist/default/production/PLIB.X.a(e_mcp23s17.o)
 .debug_str     0x0000035a       0x54 ../../PLIB2_GIT/PLIB.X/dist/default/production/PLIB.X.a(e_at42qt2120.o)
 .debug_str     0x000003ae       0x54 ../../PLIB2_GIT/PLIB.X/dist/default/production/PLIB.X.a(e_pca9685.o)
 .debug_str     0x00000402       0x54 ../../PLIB2_GIT/PLIB.X/dist/default/production/PLIB.X.a(e_veml7700.o)
 .debug_str     0x00000456       0x14 ../../PLIB2_GIT/PLIB.X/dist/default/production/PLIB.X.a(e_tps92662.o)
 .debug_str     0x0000046a       0x54 ../../PLIB2_GIT/PLIB.X/dist/default/production/PLIB.X.a(e_grove_motor_tb6612fng.o)
 .debug_str     0x000004be       0x40 ../../PLIB2_GIT/PLIB.X/dist/default/production/PLIB.X.a(ble.o)
 .debug_str     0x000004fe       0x5e ../../PLIB2_GIT/PLIB.X/dist/default/production/PLIB.X.a(utilities.o)
 .debug_str     0x0000055c        0x0 ../../PLIB2_GIT/PLIB.X/dist/default/production/PLIB.X.a(string_advance.o)
 .debug_str     0x0000055c        0x0 ../../PLIB2_GIT/PLIB.X/dist/default/production/PLIB.X.a(lin.o)
 .debug_str     0x0000055c        0x0 ../../PLIB2_GIT/PLIB.X/dist/default/production/PLIB.X.a(software_pwm.o)
 .debug_str     0x0000055c        0x0 ../../PLIB2_GIT/PLIB.X/dist/default/production/PLIB.X.a(crc_16.o)
 .debug_str     0x0000055c        0x0 ../../PLIB2_GIT/PLIB.X/dist/default/production/PLIB.X.a(errors.o)
 .debug_str     0x0000055c        0x0 ../../PLIB2_GIT/PLIB.X/dist/default/production/PLIB.X.a(s14_timers.o)
 .debug_str     0x0000055c        0xe ../../PLIB2_GIT/PLIB.X/dist/default/production/PLIB.X.a(s23_spi.o)
 .debug_str     0x0000056a        0x0 ../../PLIB2_GIT/PLIB.X/dist/default/production/PLIB.X.a(s17_adc.o)
 .debug_str     0x0000056a        0x0 ../../PLIB2_GIT/PLIB.X/dist/default/production/PLIB.X.a(s16_output_compare.o)
 .debug_str     0x0000056a       0x6c ../../PLIB2_GIT/PLIB.X/dist/default/production/PLIB.X.a(s24_i2c.o)
 .debug_str     0x000005d6        0x0 ../../PLIB2_GIT/PLIB.X/dist/default/production/PLIB.X.a(s12_ports.o)
 .debug_str     0x000005d6       0x4a ../../PLIB2_GIT/PLIB.X/dist/default/production/PLIB.X.a(s21_uart.o)
 .debug_str     0x00000620       0x47 ../../PLIB2_GIT/PLIB.X/dist/default/production/PLIB.X.a(s31_dma.o)
 .debug_str     0x00000667        0x0 ../../PLIB2_GIT/PLIB.X/dist/default/production/PLIB.X.a(s07_resets.o)
 .debug_str     0x00000667       0x1d ../../PLIB2_GIT/PLIB.X/dist/default/production/PLIB.X.a(s08_interrupts.o)
 .debug_str     0x00000684       0x32 ../../PLIB2_GIT/PLIB.X/dist/default/production/PLIB.X.a(s00_system.o)
 .debug_str     0x000006b6       0x26 ../../PLIB2_GIT/PLIB.X/dist/default/production/PLIB.X.a(s34_can.o)
 .debug_str     0x000006dc        0x0 /Applications/microchip/xc32/v2.41/bin/bin/../../lib/gcc/pic32mx/4.8.3/speed/libgcc.a(_floatundisf.o)
 .debug_str     0x000006dc        0x0 /Applications/microchip/xc32/v2.41/bin/bin/../../lib/gcc/pic32mx/4.8.3/speed/libgcc.a(_udivdi3.o)
 .debug_str     0x000006dc        0x0 /Applications/microchip/xc32/v2.41/bin/bin/../../lib/gcc/pic32mx/4.8.3/speed/libgcc.a(_umoddi3.o)
 .debug_str     0x000006dc        0x0 /Applications/microchip/xc32/v2.41/bin/bin/../../lib/gcc/pic32mx/4.8.3/speed/libgcc.a(floatunsisf.o)
 .debug_str     0x000006dc        0x0 /Applications/microchip/xc32/v2.41/bin/bin/../../lib/gcc/pic32mx/4.8.3/speed/libgcc.a(floatunsidf.o)
 .debug_str     0x000006dc        0x0 /Applications/microchip/xc32/v2.41/bin/bin/../../lib/gcc/pic32mx/4.8.3/../../../../pic32mx/lib/speed/libpic32.a(default-bootstrap-exception-handler.o)
 .debug_str     0x000006dc        0x0 /Applications/microchip/xc32/v2.41/bin/bin/../../lib/gcc/pic32mx/4.8.3/../../../../pic32mx/lib/speed/libpic32.a(default-on-reset.o)
 .debug_str     0x000006dc        0x0 /Applications/microchip/xc32/v2.41/bin/bin/../../lib/gcc/pic32mx/4.8.3/../../../../pic32mx/lib/speed/libpic32.a(default-on-bootstrap.o)
 .debug_str     0x000006dc        0x0 /Applications/microchip/xc32/v2.41/bin/bin/../../lib/gcc/pic32mx/4.8.3/../../../../pic32mx/lib/speed/libpic32.a(default-general-exception-handler.o)
 .debug_str     0x000006dc        0x0 /Applications/microchip/xc32/v2.41/bin/bin/../../lib/gcc/pic32mx/4.8.3/../../../../pic32mx/lib/speed/libpic32.a(defaultinterrupt.o)
 .debug_str     0x000006dc        0x0 /Applications/microchip/xc32/v2.41/bin/bin/../../lib/gcc/pic32mx/4.8.3/../../../../pic32mx/lib/speed/libc.a(ctypef.o)
 .debug_str     0x000006dc        0x0 /Applications/microchip/xc32/v2.41/bin/bin/../../lib/gcc/pic32mx/4.8.3/../../../../pic32mx/lib/speed/libc.a(malloc.o)
 .debug_str     0x000006dc        0x0 /Applications/microchip/xc32/v2.41/bin/bin/../../lib/gcc/pic32mx/4.8.3/../../../../pic32mx/lib/speed/libc.a(strstr.o)
 .debug_str     0x000006dc        0x0 /Applications/microchip/xc32/v2.41/bin/bin/../../lib/gcc/pic32mx/4.8.3/../../../../pic32mx/lib/speed/libc.a(ctype.o)
 .debug_str     0x000006dc        0x0 /Applications/microchip/xc32/v2.41/bin/bin/../../lib/gcc/pic32mx/4.8.3/../../../../pic32mx/lib/speed/libc.a(strchr.o)
 .debug_str     0x000006dc        0x0 /Applications/microchip/xc32/v2.41/bin/bin/../../lib/gcc/pic32mx/4.8.3/../../../../pic32mx/lib/speed/libc.a(strncmp.o)
 .debug_str     0x000006dc        0x0 /Applications/microchip/xc32/v2.41/bin/bin/../../lib/gcc/pic32mx/4.8.3/../../../../pic32mx/lib/speed/libm.a(w_pow.o)