Archive member included because of file (symbol)

../../PLIB2_GIT/PLIB.X/dist/default/production/PLIB.X.a(_EXAMPLES_.o)
                              build/default/production/_ext/1472/main.o (_EXAMPLE_TPS92662)
../../PLIB2_GIT/PLIB.X/dist/default/production/PLIB.X.a(_LOG.o)
                              build/default/production/_ext/1472/main.o (log_init)
../../PLIB2_GIT/PLIB.X/dist/default/production/PLIB.X.a(pink_lady.o)
                              ../../PLIB2_GIT/PLIB.X/dist/default/production/PLIB.X.a(_EXAMPLES_.o) (pink_lady_deamon)
../../PLIB2_GIT/PLIB.X/dist/default/production/PLIB.X.a(sd_card.o)
                              ../../PLIB2_GIT/PLIB.X/dist/default/production/PLIB.X.a(_EXAMPLES_.o) (sd_card_deamon)
../../PLIB2_GIT/PLIB.X/dist/default/production/PLIB.X.a(e_mcp23s17.o)
                              ../../PLIB2_GIT/PLIB.X/dist/default/production/PLIB.X.a(_EXAMPLES_.o) (e_mcp23s17_deamon)
../../PLIB2_GIT/PLIB.X/dist/default/production/PLIB.X.a(e_at42qt2120.o)
                              ../../PLIB2_GIT/PLIB.X/dist/default/production/PLIB.X.a(_EXAMPLES_.o) (e_at42qt2120_deamon)
../../PLIB2_GIT/PLIB.X/dist/default/production/PLIB.X.a(e_pca9685.o)
                              ../../PLIB2_GIT/PLIB.X/dist/default/production/PLIB.X.a(_EXAMPLES_.o) (e_pca9685_deamon)
../../PLIB2_GIT/PLIB.X/dist/default/production/PLIB.X.a(e_veml7700.o)
                              ../../PLIB2_GIT/PLIB.X/dist/default/production/PLIB.X.a(_EXAMPLES_.o) (e_veml7700_deamon)
../../PLIB2_GIT/PLIB.X/dist/default/production/PLIB.X.a(e_tps92662.o)
                              ../../PLIB2_GIT/PLIB.X/dist/default/production/PLIB.X.a(_EXAMPLES_.o) (e_tps92662_deamon)
../../PLIB2_GIT/PLIB.X/dist/default/production/PLIB.X.a(e_grove_motor_tb6612fng.o)
                              ../../PLIB2_GIT/PLIB.X/dist/default/production/PLIB.X.a(_EXAMPLES_.o) (e_grove_motor_tb6612fng_deamon)
../../PLIB2_GIT/PLIB.X/dist/default/production/PLIB.X.a(ble.o)
                              build/default/production/_ext/1472/main.o (ble_init)
../../PLIB2_GIT/PLIB.X/dist/default/production/PLIB.X.a(utilities.o)
                              ../../PLIB2_GIT/PLIB.X/dist/default/production/PLIB.X.a(_EXAMPLES_.o) (fu_switch)
../../PLIB2_GIT/PLIB.X/dist/default/production/PLIB.X.a(string_advance.o)
                              ../../PLIB2_GIT/PLIB.X/dist/default/production/PLIB.X.a(_EXAMPLES_.o) (transform_uint8_t_tab_to_string)
../../PLIB2_GIT/PLIB.X/dist/default/production/PLIB.X.a(lin.o)
                              ../../PLIB2_GIT/PLIB.X/dist/default/production/PLIB.X.a(_EXAMPLES_.o) (lin_master_deamon)
../../PLIB2_GIT/PLIB.X/dist/default/production/PLIB.X.a(software_pwm.o)
                              ../../PLIB2_GIT/PLIB.X/dist/default/production/PLIB.X.a(_EXAMPLES_.o) (software_pwm_init)
../../PLIB2_GIT/PLIB.X/dist/default/production/PLIB.X.a(crc_16.o)
                              ../../PLIB2_GIT/PLIB.X/dist/default/production/PLIB.X.a(_EXAMPLES_.o) (crc16_fast_poly_0x8005)
../../PLIB2_GIT/PLIB.X/dist/default/production/PLIB.X.a(errors.o)
                              ../../PLIB2_GIT/PLIB.X/dist/default/production/PLIB.X.a(e_grove_motor_tb6612fng.o) (__errors)
../../PLIB2_GIT/PLIB.X/dist/default/production/PLIB.X.a(s14_timers.o)
                              ../../PLIB2_GIT/PLIB.X/dist/default/production/PLIB.X.a(_EXAMPLES_.o) (timer_init_2345_us)
../../PLIB2_GIT/PLIB.X/dist/default/production/PLIB.X.a(s23_spi.o)
                              ../../PLIB2_GIT/PLIB.X/dist/default/production/PLIB.X.a(_EXAMPLES_.o) (spi_init)
../../PLIB2_GIT/PLIB.X/dist/default/production/PLIB.X.a(s17_adc.o)
                              build/default/production/_ext/1472/config.o (adc10_init)
../../PLIB2_GIT/PLIB.X/dist/default/production/PLIB.X.a(s16_output_compare.o)
                              build/default/production/_ext/1472/main.o (pwm_init)
../../PLIB2_GIT/PLIB.X/dist/default/production/PLIB.X.a(s24_i2c.o)
                              ../../PLIB2_GIT/PLIB.X/dist/default/production/PLIB.X.a(e_at42qt2120.o) (i2c_init_as_master)
../../PLIB2_GIT/PLIB.X/dist/default/production/PLIB.X.a(s12_ports.o)
                              build/default/production/_ext/1472/config.o (ports_change_notice_init)
../../PLIB2_GIT/PLIB.X/dist/default/production/PLIB.X.a(s21_uart.o)
                              ../../PLIB2_GIT/PLIB.X/dist/default/production/PLIB.X.a(_EXAMPLES_.o) (uart_init)
../../PLIB2_GIT/PLIB.X/dist/default/production/PLIB.X.a(s31_dma.o)
                              ../../PLIB2_GIT/PLIB.X/dist/default/production/PLIB.X.a(_EXAMPLES_.o) (dma_init)
../../PLIB2_GIT/PLIB.X/dist/default/production/PLIB.X.a(s07_resets.o)
                              ../../PLIB2_GIT/PLIB.X/dist/default/production/PLIB.X.a(ble.o) (software_reset)
../../PLIB2_GIT/PLIB.X/dist/default/production/PLIB.X.a(s08_interrupts.o)
                              build/default/production/_ext/1472/config.o (irq_link_data_priority)
[...]
Memory Configuration

Name             Origin             Length             Attributes
kseg0_program_mem 0x9d000000         0x00080000         xr
kseg0_boot_mem   0x9fc00490         0x00000970
exception_mem    0x9fc01000         0x00001000
kseg1_boot_mem   0xbfc00000         0x00000490
debug_exec_mem   0xbfc02000         0x00000ff0
config3          0xbfc02ff0         0x00000004
config2          0xbfc02ff4         0x00000004
config1          0xbfc02ff8         0x00000004
config0          0xbfc02ffc         0x00000004
kseg1_data_mem   0xa0000000         0x00020000         w !x
sfrs             0xbf800000         0x00100000
configsfrs       0xbfc02ff0         0x00000010
*default*        0x00000000         0xffffffff

Linker script and memory map

LOAD /Applications/microchip/xc32/v2.41/bin/bin/../../lib/gcc/pic32mx/4.8.3/../../../../pic32mx/lib/speed/debug-exception-return.o
LOAD build/default/production/_ext/1472/config.o
LOAD build/default/production/_ext/1472/interrupts.o
LOAD build/default/production/_ext/1472/main.o
LOAD ../../PLIB2_GIT/PLIB.X/dist/default/production/PLIB.X.a
                0x00000001                __MPLAB_BUILD = 0x1
                0x00004e20                _min_heap_size = 0x4e20
                0x00000000                _min_stack_size = 0x0
LOAD /var/folders/nb/nscgpnq50m3_t2k_4gt8dg080000gn/T//cckU0PY8.o
LOAD /var/folders/nb/nscgpnq50m3_t2k_4gt8dg080000gn/T//cc2Byh3D.o
LOAD /var/folders/nb/nscgpnq50m3_t2k_4gt8dg080000gn/T//ccoIGrQV.o
LOAD /Applications/microchip/xc32/v2.41/bin/bin/../../lib/gcc/pic32mx/4.8.3/../../../../pic32mx/lib/speed/pic32_software_reset.o
                0x00000400                PROVIDE (_min_stack_size, 0x400)
START GROUP
LOAD /Applications/microchip/xc32/v2.41/bin/bin/../../lib/gcc/pic32mx/4.8.3/../../../../pic32mx/lib/./proc/32MX795F512L/processor.o
END GROUP
START GROUP
LOAD libmchp_peripheral.a
END GROUP
START GROUP
LOAD libmchp_peripheral_32MX795F512L.a
END GROUP
                0x00000001                PROVIDE (_vector_spacing, 0x1)
                0x9fc01000                PROVIDE (_ebase_address, 0x9fc01000)
                0xbfc00000                _RESET_ADDR = 0xbfc00000
                0xbfc00380                _BEV_EXCPT_ADDR = 0xbfc00380
                0xbfc00480                _DBG_EXCPT_ADDR = 0xbfc00480
                0xbfc02000                _DBG_CODE_ADDR = 0xbfc02000
                0x00000ff0                _DBG_CODE_SIZE = 0xff0
                0x9fc01180                _GEN_EXCPT_ADDR = (_ebase_address + 0x180)

.config_BFC02FF0
                0xbfc02ff0        0x4
 *(.config_BFC02FF0)
 .config_BFC02FF0
                0xbfc02ff0        0x4 build/default/production/_ext/1472/main.o

.config_BFC02FF4
                0xbfc02ff4        0x4
 *(.config_BFC02FF4)
 .config_BFC02FF4
                0xbfc02ff4        0x4 build/default/production/_ext/1472/main.o

.config_BFC02FF8
                0xbfc02ff8        0x4
 *(.config_BFC02FF8)
 .config_BFC02FF8
                0xbfc02ff8        0x4 build/default/production/_ext/1472/main.o

.config_BFC02FFC
                0xbfc02ffc        0x4
 *(.config_BFC02FFC)
 .config_BFC02FFC
                0xbfc02ffc        0x4 build/default/production/_ext/1472/main.o
                0xbfc02000                PROVIDE (_DBG_CODE_ADDR, 0xbfc02000)
                0x00000ff0                PROVIDE (_DBG_CODE_SIZE, 0xff0)

.reset          0xbfc00000      0x19c
 *(.reset)
 .reset         0xbfc00000        0x8 /var/folders/nb/nscgpnq50m3_t2k_4gt8dg080000gn/T//cckU0PY8.o
                0xbfc00000                _reset
 *(.reset.startup)
 .reset.startup
                0xbfc00008      0x194 /var/folders/nb/nscgpnq50m3_t2k_4gt8dg080000gn/T//cckU0PY8.o
                0xbfc00008                _startup

.bev_excpt      0xbfc00380       0x10
 *(.bev_handler)
 .bev_handler   0xbfc00380       0x10 /var/folders/nb/nscgpnq50m3_t2k_4gt8dg080000gn/T//cckU0PY8.o

.dbg_excpt      0xbfc00480        0x0
                0xbfc00480                . = (. + DEFINED (_DEBUGGER)?0x8:0x0)

.dbg_code       0xbfc02000        0x0
                0xbfc02000                . = (. + DEFINED (_DEBUGGER)?_DBG_CODE_SIZE:0x0)

.app_excpt      0x9fc01180       0x10
 *(.gen_handler)
 .gen_handler   0x9fc01180       0x10 /var/folders/nb/nscgpnq50m3_t2k_4gt8dg080000gn/T//cckU0PY8.o

.vector_0       0x9fc01200        0x8
 *(.vector_0)
 .vector_0      0x9fc01200        0x8 /Applications/microchip/xc32/v2.41/bin/bin/../../lib/gcc/pic32mx/4.8.3/../../../../pic32mx/lib/speed/libpic32.a(vector0.o)
                0x9fc01200                __vector_dispatch_0
                0x00000001                ASSERT (((_vector_spacing == 0x0) || (SIZEOF (.vector_0) <= (_vector_spacing << 0x5))), function at exception vector 0 too large)

.vector_1       0x9fc01220        0x8
 *(.vector_1)
 .vector_1      0x9fc01220        0x8 /Applications/microchip/xc32/v2.41/bin/bin/../../lib/gcc/pic32mx/4.8.3/../../../../pic32mx/lib/speed/libpic32.a(vector1.o)
                0x9fc01220                __vector_dispatch_1
                0x00000001                ASSERT (((_vector_spacing == 0x0) || (SIZEOF (.vector_1) <= (_vector_spacing << 0x5))), function at exception vector 1 too large)

.vector_2       0x9fc01240        0x8
 *(.vector_2)
 .vector_2      0x9fc01240        0x8 /Applications/microchip/xc32/v2.41/bin/bin/../../lib/gcc/pic32mx/4.8.3/../../../../pic32mx/lib/speed/libpic32.a(vector2.o)
                0x9fc01240                __vector_dispatch_2
                0x00000001                ASSERT (((_vector_spacing == 0x0) || (SIZEOF (.vector_2) <= (_vector_spacing << 0x5))), function at exception vector 2 too large)

.vector_3       0x9fc01260        0x8
 *(.vector_3)
 .vector_3      0x9fc01260        0x8 /Applications/microchip/xc32/v2.41/bin/bin/../../lib/gcc/pic32mx/4.8.3/../../../../pic32mx/lib/speed/libpic32.a(vector3.o)
                0x9fc01260                __vector_dispatch_3
                0x00000001                ASSERT (((_vector_spacing == 0x0) || (SIZEOF (.vector_3) <= (_vector_spacing << 0x5))), function at exception vector 3 too large)

.vector_4       0x9fc01280        0x8
 *(.vector_4)
 .vector_4      0x9fc01280        0x8 build/default/production/_ext/1472/interrupts.o
                0x9fc01280                __vector_dispatch_4
                0x00000001                ASSERT (((_vector_spacing == 0x0) || (SIZEOF (.vector_4) <= (_vector_spacing << 0x5))), function at exception vector 4 too large)

.vector_5       0x9fc012a0        0x8
 *(.vector_5)
 .vector_5      0x9fc012a0        0x8 /Applications/microchip/xc32/v2.41/bin/bin/../../lib/gcc/pic32mx/4.8.3/../../../../pic32mx/lib/speed/libpic32.a(vector5.o)
                0x9fc012a0                __vector_dispatch_5
                0x00000001                ASSERT (((_vector_spacing == 0x0) || (SIZEOF (.vector_5) <= (_vector_spacing << 0x5))), function at exception vector 5 too large)

.vector_6       0x9fc012c0        0x8
 *(.vector_6)
 .vector_6      0x9fc012c0        0x8 /Applications/microchip/xc32/v2.41/bin/bin/../../lib/gcc/pic32mx/4.8.3/../../../../pic32mx/lib/speed/libpic32.a(vector6.o)
                0x9fc012c0                __vector_dispatch_6
                0x00000001                ASSERT (((_vector_spacing == 0x0) || (SIZEOF (.vector_6) <= (_vector_spacing << 0x5))), function at exception vector 6 too large)

.vector_7       0x9fc012e0        0x8
 *(.vector_7)
 .vector_7      0x9fc012e0        0x8 /Applications/microchip/xc32/v2.41/bin/bin/../../lib/gcc/pic32mx/4.8.3/../../../../pic32mx/lib/speed/libpic32.a(vector7.o)
                0x9fc012e0                __vector_dispatch_7
                0x00000001                ASSERT (((_vector_spacing == 0x0) || (SIZEOF (.vector_7) <= (_vector_spacing << 0x5))), function at exception vector 7 too large)

.vector_8       0x9fc01300        0x8
 *(.vector_8)
 .vector_8      0x9fc01300        0x8 build/default/production/_ext/1472/interrupts.o
                0x9fc01300                __vector_dispatch_8
                0x00000001                ASSERT (((_vector_spacing == 0x0) || (SIZEOF (.vector_8) <= (_vector_spacing << 0x5))), function at exception vector 8 too large)

.vector_9       0x9fc01320        0x8
 *(.vector_9)
 .vector_9      0x9fc01320        0x8 /Applications/microchip/xc32/v2.41/bin/bin/../../lib/gcc/pic32mx/4.8.3/../../../../pic32mx/lib/speed/libpic32.a(vector9.o)
                0x9fc01320                __vector_dispatch_9
                0x00000001                ASSERT (((_vector_spacing == 0x0) || (SIZEOF (.vector_9) <= (_vector_spacing << 0x5))), function at exception vector 9 too large)

.vector_10      0x9fc01340        0x8
 *(.vector_10)
 .vector_10     0x9fc01340        0x8 /Applications/microchip/xc32/v2.41/bin/bin/../../lib/gcc/pic32mx/4.8.3/../../../../pic32mx/lib/speed/libpic32.a(vector10.o)
                0x9fc01340                __vector_dispatch_10
                0x00000001                ASSERT (((_vector_spacing == 0x0) || (SIZEOF (.vector_10) <= (_vector_spacing << 0x5))), function at exception vector 10 too large)

.vector_11      0x9fc01360        0x8
 *(.vector_11)
 .vector_11     0x9fc01360        0x8 /Applications/microchip/xc32/v2.41/bin/bin/../../lib/gcc/pic32mx/4.8.3/../../../../pic32mx/lib/speed/libpic32.a(vector11.o)
                0x9fc01360                __vector_dispatch_11
                0x00000001                ASSERT (((_vector_spacing == 0x0) || (SIZEOF (.vector_11) <= (_vector_spacing << 0x5))), function at exception vector 11 too large)

.vector_12      0x9fc01380        0x8
 *(.vector_12)
 .vector_12     0x9fc01380        0x8 build/default/production/_ext/1472/interrupts.o
                0x9fc01380                __vector_dispatch_12
                0x00000001                ASSERT (((_vector_spacing == 0x0) || (SIZEOF (.vector_12) <= (_vector_spacing << 0x5))), function at exception vector 12 too large)

.vector_13      0x9fc013a0        0x8
 *(.vector_13)
 .vector_13     0x9fc013a0        0x8 /Applications/microchip/xc32/v2.41/bin/bin/../../lib/gcc/pic32mx/4.8.3/../../../../pic32mx/lib/speed/libpic32.a(vector13.o)
                0x9fc013a0                __vector_dispatch_13
                0x00000001                ASSERT (((_vector_spacing == 0x0) || (SIZEOF (.vector_13) <= (_vector_spacing << 0x5))), function at exception vector 13 too large)

.vector_14      0x9fc013c0        0x8
 *(.vector_14)
 .vector_14     0x9fc013c0        0x8 /Applications/microchip/xc32/v2.41/bin/bin/../../lib/gcc/pic32mx/4.8.3/../../../../pic32mx/lib/speed/libpic32.a(vector14.o)
                0x9fc013c0                __vector_dispatch_14
                0x00000001                ASSERT (((_vector_spacing == 0x0) || (SIZEOF (.vector_14) <= (_vector_spacing << 0x5))), function at exception vector 14 too large)

.vector_15      0x9fc013e0        0x8
 *(.vector_15)
 .vector_15     0x9fc013e0        0x8 /Applications/microchip/xc32/v2.41/bin/bin/../../lib/gcc/pic32mx/4.8.3/../../../../pic32mx/lib/speed/libpic32.a(vector15.o)
                0x9fc013e0                __vector_dispatch_15
                0x00000001                ASSERT (((_vector_spacing == 0x0) || (SIZEOF (.vector_15) <= (_vector_spacing << 0x5))), function at exception vector 15 too large)

.vector_16      0x9fc01400        0x8
 *(.vector_16)
 .vector_16     0x9fc01400        0x8 build/default/production/_ext/1472/interrupts.o
                0x9fc01400                __vector_dispatch_16
                0x00000001                ASSERT (((_vector_spacing == 0x0) || (SIZEOF (.vector_16) <= (_vector_spacing << 0x5))), function at exception vector 16 too large)

.vector_17      0x9fc01420        0x8
 *(.vector_17)
 .vector_17     0x9fc01420        0x8 /Applications/microchip/xc32/v2.41/bin/bin/../../lib/gcc/pic32mx/4.8.3/../../../../pic32mx/lib/speed/libpic32.a(vector17.o)
                0x9fc01420                __vector_dispatch_17
                0x00000001                ASSERT (((_vector_spacing == 0x0) || (SIZEOF (.vector_17) <= (_vector_spacing << 0x5))), function at exception vector 17 too large)

.vector_18      0x9fc01440        0x8
 *(.vector_18)
 .vector_18     0x9fc01440        0x8 /Applications/microchip/xc32/v2.41/bin/bin/../../lib/gcc/pic32mx/4.8.3/../../../../pic32mx/lib/speed/libpic32.a(vector18.o)
                0x9fc01440                __vector_dispatch_18
                0x00000001                ASSERT (((_vector_spacing == 0x0) || (SIZEOF (.vector_18) <= (_vector_spacing << 0x5))), function at exception vector 18 too large)

.vector_19      0x9fc01460        0x8
 *(.vector_19)
 .vector_19     0x9fc01460        0x8 /Applications/microchip/xc32/v2.41/bin/bin/../../lib/gcc/pic32mx/4.8.3/../../../../pic32mx/lib/speed/libpic32.a(vector19.o)
                0x9fc01460                __vector_dispatch_19
                0x00000001                ASSERT (((_vector_spacing == 0x0) || (SIZEOF (.vector_19) <= (_vector_spacing << 0x5))), function at exception vector 19 too large)

.vector_20      0x9fc01480        0x8
 *(.vector_20)
 .vector_20     0x9fc01480        0x8 build/default/production/_ext/1472/interrupts.o
                0x9fc01480                __vector_dispatch_20
                0x00000001                ASSERT (((_vector_spacing == 0x0) || (SIZEOF (.vector_20) <= (_vector_spacing << 0x5))), function at exception vector 20 too large)

.vector_21      0x9fc014a0        0x8
 *(.vector_21)
 .vector_21     0x9fc014a0        0x8 /Applications/microchip/xc32/v2.41/bin/bin/../../lib/gcc/pic32mx/4.8.3/../../../../pic32mx/lib/speed/libpic32.a(vector21.o)
                0x9fc014a0                __vector_dispatch_21
                0x00000001                ASSERT (((_vector_spacing == 0x0) || (SIZEOF (.vector_21) <= (_vector_spacing << 0x5))), function at exception vector 21 too large)

.vector_22      0x9fc014c0        0x8
 *(.vector_22)
 .vector_22     0x9fc014c0        0x8 /Applications/microchip/xc32/v2.41/bin/bin/../../lib/gcc/pic32mx/4.8.3/../../../../pic32mx/lib/speed/libpic32.a(vector22.o)
                0x9fc014c0                __vector_dispatch_22
                0x00000001                ASSERT (((_vector_spacing == 0x0) || (SIZEOF (.vector_22) <= (_vector_spacing << 0x5))), function at exception vector 22 too large)

.vector_23      0x9fc014e0        0x8
 *(.vector_23)
 .vector_23     0x9fc014e0        0x8 build/default/production/_ext/1472/interrupts.o
                0x9fc014e0                __vector_dispatch_23
                0x00000001                ASSERT (((_vector_spacing == 0x0) || (SIZEOF (.vector_23) <= (_vector_spacing << 0x5))), function at exception vector 23 too large)

.vector_24      0x9fc01500        0x8
 *(.vector_24)
 .vector_24     0x9fc01500        0x8 build/default/production/_ext/1472/interrupts.o
                0x9fc01500                __vector_dispatch_24
                0x00000001                ASSERT (((_vector_spacing == 0x0) || (SIZEOF (.vector_24) <= (_vector_spacing << 0x5))), function at exception vector 24 too large)

.vector_25      0x9fc01520        0x8
 *(.vector_25)
 .vector_25     0x9fc01520        0x8 build/default/production/_ext/1472/interrupts.o
                0x9fc01520                __vector_dispatch_25
                0x00000001                ASSERT (((_vector_spacing == 0x0) || (SIZEOF (.vector_25) <= (_vector_spacing << 0x5))), function at exception vector 25 too large)

.vector_26      0x9fc01540        0x8
 *(.vector_26)
 .vector_26     0x9fc01540        0x8 build/default/production/_ext/1472/interrupts.o
                0x9fc01540                __vector_dispatch_26
                0x00000001                ASSERT (((_vector_spacing == 0x0) || (SIZEOF (.vector_26) <= (_vector_spacing << 0x5))), function at exception vector 26 too large)

.vector_27      0x9fc01560        0x8
 *(.vector_27)
 .vector_27     0x9fc01560        0x8 build/default/production/_ext/1472/interrupts.o
                0x9fc01560                __vector_dispatch_27
                0x00000001                ASSERT (((_vector_spacing == 0x0) || (SIZEOF (.vector_27) <= (_vector_spacing << 0x5))), function at exception vector 27 too large)

.vector_28      0x9fc01580        0x8
 *(.vector_28)
 .vector_28     0x9fc01580        0x8 /Applications/microchip/xc32/v2.41/bin/bin/../../lib/gcc/pic32mx/4.8.3/../../../../pic32mx/lib/speed/libpic32.a(vector28.o)
                0x9fc01580                __vector_dispatch_28
                0x00000001                ASSERT (((_vector_spacing == 0x0) || (SIZEOF (.vector_28) <= (_vector_spacing << 0x5))), function at exception vector 28 too large)

.vector_29      0x9fc015a0        0x8
 *(.vector_29)
 .vector_29     0x9fc015a0        0x8 /Applications/microchip/xc32/v2.41/bin/bin/../../lib/gcc/pic32mx/4.8.3/../../../../pic32mx/lib/speed/libpic32.a(vector29.o)
                0x9fc015a0                __vector_dispatch_29
                0x00000001                ASSERT (((_vector_spacing == 0x0) || (SIZEOF (.vector_29) <= (_vector_spacing << 0x5))), function at exception vector 29 too large)

.vector_30      0x9fc015c0        0x8
 *(.vector_30)
 .vector_30     0x9fc015c0        0x8 /Applications/microchip/xc32/v2.41/bin/bin/../../lib/gcc/pic32mx/4.8.3/../../../../pic32mx/lib/speed/libpic32.a(vector30.o)
                0x9fc015c0                __vector_dispatch_30
                0x00000001                ASSERT (((_vector_spacing == 0x0) || (SIZEOF (.vector_30) <= (_vector_spacing << 0x5))), function at exception vector 30 too large)

.vector_31      0x9fc015e0        0x8
 *(.vector_31)
 .vector_31     0x9fc015e0        0x8 build/default/production/_ext/1472/interrupts.o
                0x9fc015e0                __vector_dispatch_31
                0x00000001                ASSERT (((_vector_spacing == 0x0) || (SIZEOF (.vector_31) <= (_vector_spacing << 0x5))), function at exception vector 31 too large)

.vector_32      0x9fc01600        0x8
 *(.vector_32)
 .vector_32     0x9fc01600        0x8 build/default/production/_ext/1472/interrupts.o
                0x9fc01600                __vector_dispatch_32
                0x00000001                ASSERT (((_vector_spacing == 0x0) || (SIZEOF (.vector_32) <= (_vector_spacing << 0x5))), function at exception vector 32 too large)

.vector_33      0x9fc01620        0x8
 *(.vector_33)
 .vector_33     0x9fc01620        0x8 build/default/production/_ext/1472/interrupts.o
                0x9fc01620                __vector_dispatch_33
                0x00000001                ASSERT (((_vector_spacing == 0x0) || (SIZEOF (.vector_33) <= (_vector_spacing << 0x5))), function at exception vector 33 too large)

.vector_34      0x9fc01640        0x8
 *(.vector_34)
 .vector_34     0x9fc01640        0x8 /Applications/microchip/xc32/v2.41/bin/bin/../../lib/gcc/pic32mx/4.8.3/../../../../pic32mx/lib/speed/libpic32.a(vector34.o)
                0x9fc01640                __vector_dispatch_34
                0x00000001                ASSERT (((_vector_spacing == 0x0) || (SIZEOF (.vector_34) <= (_vector_spacing << 0x5))), function at exception vector 34 too large)

.vector_35      0x9fc01660        0x8
 *(.vector_35)
 .vector_35     0x9fc01660        0x8 /Applications/microchip/xc32/v2.41/bin/bin/../../lib/gcc/pic32mx/4.8.3/../../../../pic32mx/lib/speed/libpic32.a(vector35.o)
                0x9fc01660                __vector_dispatch_35
                0x00000001                ASSERT (((_vector_spacing == 0x0) || (SIZEOF (.vector_35) <= (_vector_spacing << 0x5))), function at exception vector 35 too large)

.vector_36      0x9fc01680        0x8
 *(.vector_36)
 .vector_36     0x9fc01680        0x8 build/default/production/_ext/1472/interrupts.o
                0x9fc01680                __vector_dispatch_36
                0x00000001                ASSERT (((_vector_spacing == 0x0) || (SIZEOF (.vector_36) <= (_vector_spacing << 0x5))), function at exception vector 36 too large)

.vector_37      0x9fc016a0        0x8
 *(.vector_37)
 .vector_37     0x9fc016a0        0x8 build/default/production/_ext/1472/interrupts.o
                0x9fc016a0                __vector_dispatch_37
                0x00000001                ASSERT (((_vector_spacing == 0x0) || (SIZEOF (.vector_37) <= (_vector_spacing << 0x5))), function at exception vector 37 too large)

.vector_38      0x9fc016c0        0x8
 *(.vector_38)
 .vector_38     0x9fc016c0        0x8 build/default/production/_ext/1472/interrupts.o
                0x9fc016c0                __vector_dispatch_38
                0x00000001                ASSERT (((_vector_spacing == 0x0) || (SIZEOF (.vector_38) <= (_vector_spacing << 0x5))), function at exception vector 38 too large)

.vector_39      0x9fc016e0        0x8
 *(.vector_39)
 .vector_39     0x9fc016e0        0x8 build/default/production/_ext/1472/interrupts.o
                0x9fc016e0                __vector_dispatch_39
                0x00000001                ASSERT (((_vector_spacing == 0x0) || (SIZEOF (.vector_39) <= (_vector_spacing << 0x5))), function at exception vector 39 too large)

.vector_40      0x9fc01700        0x8
 *(.vector_40)
 .vector_40     0x9fc01700        0x8 build/default/production/_ext/1472/interrupts.o
                0x9fc01700                __vector_dispatch_40
                0x00000001                ASSERT (((_vector_spacing == 0x0) || (SIZEOF (.vector_40) <= (_vector_spacing << 0x5))), function at exception vector 40 too large)

.vector_41      0x9fc01720        0x8
 *(.vector_41)
 .vector_41     0x9fc01720        0x8 build/default/production/_ext/1472/interrupts.o
                0x9fc01720                __vector_dispatch_41
                0x00000001                ASSERT (((_vector_spacing == 0x0) || (SIZEOF (.vector_41) <= (_vector_spacing << 0x5))), function at exception vector 41 too large)

.vector_42      0x9fc01740        0x8
 *(.vector_42)
 .vector_42     0x9fc01740        0x8 build/default/production/_ext/1472/interrupts.o
                0x9fc01740                __vector_dispatch_42
                0x00000001                ASSERT (((_vector_spacing == 0x0) || (SIZEOF (.vector_42) <= (_vector_spacing << 0x5))), function at exception vector 42 too large)

.vector_43      0x9fc01760        0x8
 *(.vector_43)
 .vector_43     0x9fc01760        0x8 build/default/production/_ext/1472/interrupts.o
                0x9fc01760                __vector_dispatch_43
                0x00000001                ASSERT (((_vector_spacing == 0x0) || (SIZEOF (.vector_43) <= (_vector_spacing << 0x5))), function at exception vector 43 too large)

.vector_44      0x9fc01780        0x8
 *(.vector_44)
 .vector_44     0x9fc01780        0x8 /Applications/microchip/xc32/v2.41/bin/bin/../../lib/gcc/pic32mx/4.8.3/../../../../pic32mx/lib/speed/libpic32.a(vector44.o)
                0x9fc01780                __vector_dispatch_44
                0x00000001                ASSERT (((_vector_spacing == 0x0) || (SIZEOF (.vector_44) <= (_vector_spacing << 0x5))), function at exception vector 44 too large)

.vector_45      0x9fc017a0        0x8
 *(.vector_45)
 .vector_45     0x9fc017a0        0x8 /Applications/microchip/xc32/v2.41/bin/bin/../../lib/gcc/pic32mx/4.8.3/../../../../pic32mx/lib/speed/libpic32.a(vector45.o)
                0x9fc017a0                __vector_dispatch_45
                0x00000001                ASSERT (((_vector_spacing == 0x0) || (SIZEOF (.vector_45) <= (_vector_spacing << 0x5))), function at exception vector 45 too large)

.vector_46      0x9fc017c0        0x8
 *(.vector_46)
 .vector_46     0x9fc017c0        0x8 build/default/production/_ext/1472/interrupts.o
                0x9fc017c0                __vector_dispatch_46
                0x00000001                ASSERT (((_vector_spacing == 0x0) || (SIZEOF (.vector_46) <= (_vector_spacing << 0x5))), function at exception vector 46 too large)

.vector_47      0x9fc017e0        0x8
 *(.vector_47)
 .vector_47     0x9fc017e0        0x8 build/default/production/_ext/1472/interrupts.o
                0x9fc017e0                __vector_dispatch_47
                0x00000001                ASSERT (((_vector_spacing == 0x0) || (SIZEOF (.vector_47) <= (_vector_spacing << 0x5))), function at exception vector 47 too large)

.vector_48      0x9fc01800        0x8
 *(.vector_48)
 .vector_48     0x9fc01800        0x8 /Applications/microchip/xc32/v2.41/bin/bin/../../lib/gcc/pic32mx/4.8.3/../../../../pic32mx/lib/speed/libpic32.a(vector48.o)
                0x9fc01800                __vector_dispatch_48
                0x00000001                ASSERT (((_vector_spacing == 0x0) || (SIZEOF (.vector_48) <= (_vector_spacing << 0x5))), function at exception vector 48 too large)

.vector_49      0x9fc01820        0x8
 *(.vector_49)
 .vector_49     0x9fc01820        0x8 build/default/production/_ext/1472/interrupts.o
                0x9fc01820                __vector_dispatch_49
                0x00000001                ASSERT (((_vector_spacing == 0x0) || (SIZEOF (.vector_49) <= (_vector_spacing << 0x5))), function at exception vector 49 too large)

.vector_50      0x9fc01840        0x8
 *(.vector_50)
 .vector_50     0x9fc01840        0x8 build/default/production/_ext/1472/interrupts.o
                0x9fc01840                __vector_dispatch_50
                0x00000001                ASSERT (((_vector_spacing == 0x0) || (SIZEOF (.vector_50) <= (_vector_spacing << 0x5))), function at exception vector 50 too large)

.vector_51      0x9fc01860        0x8
 *(.vector_51)
 .vector_51     0x9fc01860        0x8 build/default/production/_ext/1472/interrupts.o
                0x9fc01860                __vector_dispatch_51
                0x00000001                ASSERT (((_vector_spacing == 0x0) || (SIZEOF (.vector_51) <= (_vector_spacing << 0x5))), function at exception vector 51 too large)

.vector_52      0x9fc01880        0x0
 *(.vector_52)
                0x00000001                ASSERT (((_vector_spacing == 0x0) || (SIZEOF (.vector_52) <= (_vector_spacing << 0x5))), function at exception vector 52 too large)

.vector_53      0x9fc018a0        0x0
 *(.vector_53)
                0x00000001                ASSERT (((_vector_spacing == 0x0) || (SIZEOF (.vector_53) <= (_vector_spacing << 0x5))), function at exception vector 53 too large)

.vector_54      0x9fc018c0        0x0
 *(.vector_54)
                0x00000001                ASSERT (((_vector_spacing == 0x0) || (SIZEOF (.vector_54) <= (_vector_spacing << 0x5))), function at exception vector 54 too large)

.vector_55      0x9fc018e0        0x0
 *(.vector_55)
                0x00000001                ASSERT (((_vector_spacing == 0x0) || (SIZEOF (.vector_55) <= (_vector_spacing << 0x5))), function at exception vector 55 too large)

.vector_56      0x9fc01900        0x0
 *(.vector_56)
                0x00000001                ASSERT (((_vector_spacing == 0x0) || (SIZEOF (.vector_56) <= (_vector_spacing << 0x5))), function at exception vector 56 too large)

.vector_57      0x9fc01920        0x0
 *(.vector_57)
                0x00000001                ASSERT (((_vector_spacing == 0x0) || (SIZEOF (.vector_57) <= (_vector_spacing << 0x5))), function at exception vector 57 too large)

.vector_58      0x9fc01940        0x0
 *(.vector_58)
                0x00000001                ASSERT (((_vector_spacing == 0x0) || (SIZEOF (.vector_58) <= (_vector_spacing << 0x5))), function at exception vector 58 too large)

.vector_59      0x9fc01960        0x0
 *(.vector_59)
                0x00000001                ASSERT (((_vector_spacing == 0x0) || (SIZEOF (.vector_59) <= (_vector_spacing << 0x5))), function at exception vector 59 too large)

.vector_60      0x9fc01980        0x0
 *(.vector_60)
                0x00000001                ASSERT (((_vector_spacing == 0x0) || (SIZEOF (.vector_60) <= (_vector_spacing << 0x5))), function at exception vector 60 too large)

.vector_61      0x9fc019a0        0x0
 *(.vector_61)
                0x00000001                ASSERT (((_vector_spacing == 0x0) || (SIZEOF (.vector_61) <= (_vector_spacing << 0x5))), function at exception vector 61 too large)

.vector_62      0x9fc019c0        0x0
 *(.vector_62)
                0x00000001                ASSERT (((_vector_spacing == 0x0) || (SIZEOF (.vector_62) <= (_vector_spacing << 0x5))), function at exception vector 62 too large)

.vector_63      0x9fc019e0        0x0
 *(.vector_63)
                0x00000001                ASSERT (((_vector_spacing == 0x0) || (SIZEOF (.vector_63) <= (_vector_spacing << 0x5))), function at exception vector 63 too large)

.startup
 *(.startup)

.text           0x9d000000        0x0
 *(.stub .gnu.linkonce.t.*)
 *(.text.*personality*)
 *(.mips16.fn.*)
 *(.mips16.call.*)
 *(.gnu.warning)
                0x9d000000                . = ALIGN (0x4)

.init           0x9d000000        0x0
 *crti.o(.init)
 *crtbegin.o(.init)
 *(EXCLUDE_FILE(*crtn.o *crtend?.o *crtend.o) .init)
 *crtend.o(.init)
 *crtn.o(.init)
                0x9d000000                . = ALIGN (0x4)

.fini           0x9d000000        0x0
 *(.fini)
                0x9d000000                . = ALIGN (0x4)

.preinit_array  0x9d000000        0x0
                0x9d000000                PROVIDE (__preinit_array_start, .)
 *(.preinit_array)
                0x9d000000                PROVIDE (__preinit_array_end, .)
                0x9d000000                . = ALIGN (0x4)

.init_array     0x9d000000        0x0
                0x9d000000                PROVIDE (__init_array_start, .)
 *(SORT(.init_array.*))
 *(.init_array)
                0x9d000000                PROVIDE (__init_array_end, .)
                0x9d000000                . = ALIGN (0x4)

.fini_array     0x9d000000        0x0
                0x9d000000                PROVIDE (__fini_array_start, .)
 *(SORT(.fini_array.*))
 *(.fini_array)
                0x9d000000                PROVIDE (__fini_array_end, .)
                0x9d000000                . = ALIGN (0x4)

.ctors          0x9d000000        0x0
 *crtbegin.o(.ctors)
 *crtbegin?.o(.ctors)
 *(EXCLUDE_FILE(*crtend?.o *crtend.o) .ctors)
 *(SORT(.ctors.*))
 *(.ctors)
                0x9d000000                . = ALIGN (0x4)

.dtors          0x9d000000        0x0
 *crtbegin.o(.dtors)
 *crtbegin?.o(.dtors)
 *(EXCLUDE_FILE(*crtend?.o *crtend.o) .dtors)
 *(SORT(.dtors.*))
 *(.dtors)
                0x9d000000                . = ALIGN (0x4)

.rodata         0x9d000000        0x0
 *(.gnu.linkonce.r.*)
 *(.rodata1)
                0x9d000000                . = ALIGN (0x4)

.sdata2         0x9fc00490        0x0
 *(.sdata2 .sdata2.* .gnu.linkonce.s2.*)
                0x9fc00490                . = ALIGN (0x4)

.sbss2          0x9fc00490        0x0
 *(.sbss2 .sbss2.* .gnu.linkonce.sb2.*)
                0x9fc00490                . = ALIGN (0x4)

.eh_frame_hdr
 *(.eh_frame_hdr)
                0x9fc00490                . = ALIGN (0x4)

.eh_frame
 *(.eh_frame)
                0x9fc00490                . = ALIGN (0x4)

.gcc_except_table
 *(.gcc_except_table .gcc_except_table.*)
                0x9fc00490                . = ALIGN (0x4)

.dbg_data       0xa0000000        0x0
                0xa0000000                . = (. + DEFINED (_DEBUGGER)?0x200:0x0)

.jcr            0xa0000000        0x0
 *(.jcr)
                0xa0000000                . = ALIGN (0x4)

.eh_frame
 *(.eh_frame)
                0xa0000000                . = ALIGN (0x4)

.gcc_except_table
 *(.gcc_except_table .gcc_except_table.*)
                0xa0000000                . = ALIGN (0x4)

.persist        0xa0000000        0x0
                0xa0000000                _persist_begin = .
 *(.persist .persist.*)
 *(.pbss .pbss.*)
                0xa0000000                . = ALIGN (0x4)
                0xa0000000                _persist_end = .

.data           0xa0000000        0x0
 *(.gnu.linkonce.d.*)
 *(.data1)
                0xa0000000                . = ALIGN (0x4)
                0xa0000000                . = .
                0xa0007ff0                _gp = (ALIGN (0x10) + 0x7ff0)

.got            0xa0000000        0x0
 *(.got.plt)
 *(.got)
                0xa0000000                . = ALIGN (0x4)

.sdata          0xa0000000       0x5c
                0xa0000000                _sdata_begin = .
 *(.sdata .sdata.* .gnu.linkonce.s.*)
 .sdata         0xa0000000       0x4c ../../PLIB2_GIT/PLIB.X/dist/default/production/PLIB.X.a(_EXAMPLES_.o)
 .sdata         0xa000004c        0x8 ../../PLIB2_GIT/PLIB.X/dist/default/production/PLIB.X.a(_LOG.o)
 .sdata         0xa0000054        0x8 ../../PLIB2_GIT/PLIB.X/dist/default/production/PLIB.X.a(ble.o)
                0xa000005c                . = ALIGN (0x4)
                0xa000005c                _sdata_end = .

.lit8
 *(.lit8)

.lit4
 *(.lit4)
                0xa000005c                . = ALIGN (0x4)
                0xa000005c                _data_end = .
                0xa000005c                _bss_begin = .

.sbss           0xa000005c      0x170
                0xa000005c                _sbss_begin = .
 *(.dynsbss)
 *(.sbss .sbss.* .gnu.linkonce.sb.*)
 *fill*         0xa000005c        0x4 
 .sbss          0xa0000060       0x30 build/default/production/_ext/1472/main.o
 .sbss          0xa0000090       0x78 ../../PLIB2_GIT/PLIB.X/dist/default/production/PLIB.X.a(_EXAMPLES_.o)
 .sbss          0xa0000108       0x58 ../../PLIB2_GIT/PLIB.X/dist/default/production/PLIB.X.a(sd_card.o)
 .sbss          0xa0000160        0x4 ../../PLIB2_GIT/PLIB.X/dist/default/production/PLIB.X.a(e_mcp23s17.o)
 .sbss          0xa0000164        0x4 ../../PLIB2_GIT/PLIB.X/dist/default/production/PLIB.X.a(ble.o)
 .sbss          0xa0000168       0x10 ../../PLIB2_GIT/PLIB.X/dist/default/production/PLIB.X.a(utilities.o)
 .sbss          0xa0000178        0x8 ../../PLIB2_GIT/PLIB.X/dist/default/production/PLIB.X.a(software_pwm.o)
 .sbss          0xa0000180        0x4 ../../PLIB2_GIT/PLIB.X/dist/default/production/PLIB.X.a(s17_adc.o)
 .sbss          0xa0000184        0x4 ../../PLIB2_GIT/PLIB.X/dist/default/production/PLIB.X.a(s12_ports.o)
 .sbss          0xa0000188        0x8 ../../PLIB2_GIT/PLIB.X/dist/default/production/PLIB.X.a(s31_dma.o)
 .sbss          0xa0000190        0x4 ../../PLIB2_GIT/PLIB.X/dist/default/production/PLIB.X.a(s08_interrupts.o)
                0xa0000190                p_irq_data_priority
 .sbss          0xa0000194        0x8 ../../PLIB2_GIT/PLIB.X/dist/default/production/PLIB.X.a(s34_can.o)
 *(.scommon)
 *fill*         0xa000019c        0x4 
 .scommon       0xa00001a0       0x2c build/default/production/_ext/1472/config.o
                0xa00001a0                __led_status
                0xa00001a1                __current
                0xa00001a8                getTick
                0xa00001b0                __speed
                0xa00001b8                getLastCompare
                0xa00001c0                getTime
                0xa00001c8                __voltage
                0xa00001ca                __temperature
 .scommon       0xa00001cc        0x0 build/default/production/_ext/1472/interrupts.o
 .scommon       0xa00001cc        0x0 build/default/production/_ext/1472/main.o
 .scommon       0xa00001cc        0x0 ../../PLIB2_GIT/PLIB.X/dist/default/production/PLIB.X.a(_EXAMPLES_.o)
 .scommon       0xa00001cc        0x0 ../../PLIB2_GIT/PLIB.X/dist/default/production/PLIB.X.a(_LOG.o)
 .scommon       0xa00001cc        0x0 ../../PLIB2_GIT/PLIB.X/dist/default/production/PLIB.X.a(pink_lady.o)
 .scommon       0xa00001cc        0x0 ../../PLIB2_GIT/PLIB.X/dist/default/production/PLIB.X.a(sd_card.o)
 .scommon       0xa00001cc        0x0 ../../PLIB2_GIT/PLIB.X/dist/default/production/PLIB.X.a(e_mcp23s17.o)
 .scommon       0xa00001cc        0x0 ../../PLIB2_GIT/PLIB.X/dist/default/production/PLIB.X.a(e_at42qt2120.o)
 .scommon       0xa00001cc        0x0 ../../PLIB2_GIT/PLIB.X/dist/default/production/PLIB.X.a(e_pca9685.o)
 .scommon       0xa00001cc        0x0 ../../PLIB2_GIT/PLIB.X/dist/default/production/PLIB.X.a(e_veml7700.o)
 .scommon       0xa00001cc        0x0 ../../PLIB2_GIT/PLIB.X/dist/default/production/PLIB.X.a(e_tps92662.o)
 .scommon       0xa00001cc        0x0 ../../PLIB2_GIT/PLIB.X/dist/default/production/PLIB.X.a(e_grove_motor_tb6612fng.o)
 .scommon       0xa00001cc        0x0 ../../PLIB2_GIT/PLIB.X/dist/default/production/PLIB.X.a(ble.o)
 .scommon       0xa00001cc        0x0 ../../PLIB2_GIT/PLIB.X/dist/default/production/PLIB.X.a(utilities.o)
 .scommon       0xa00001cc        0x0 ../../PLIB2_GIT/PLIB.X/dist/default/production/PLIB.X.a(string_advance.o)
 .scommon       0xa00001cc        0x0 ../../PLIB2_GIT/PLIB.X/dist/default/production/PLIB.X.a(lin.o)
 .scommon       0xa00001cc        0x0 ../../PLIB2_GIT/PLIB.X/dist/default/production/PLIB.X.a(software_pwm.o)
 .scommon       0xa00001cc        0x0 ../../PLIB2_GIT/PLIB.X/dist/default/production/PLIB.X.a(crc_16.o)
 .scommon       0xa00001cc        0x0 ../../PLIB2_GIT/PLIB.X/dist/default/production/PLIB.X.a(errors.o)
 .scommon       0xa00001cc        0x0 ../../PLIB2_GIT/PLIB.X/dist/default/production/PLIB.X.a(s14_timers.o)
 .scommon       0xa00001cc        0x0 ../../PLIB2_GIT/PLIB.X/dist/default/production/PLIB.X.a(s23_spi.o)
 .scommon       0xa00001cc        0x0 ../../PLIB2_GIT/PLIB.X/dist/default/production/PLIB.X.a(s17_adc.o)
 .scommon       0xa00001cc        0x0 ../../PLIB2_GIT/PLIB.X/dist/default/production/PLIB.X.a(s16_output_compare.o)
 .scommon       0xa00001cc        0x0 ../../PLIB2_GIT/PLIB.X/dist/default/production/PLIB.X.a(s24_i2c.o)
 .scommon       0xa00001cc        0x0 ../../PLIB2_GIT/PLIB.X/dist/default/production/PLIB.X.a(s12_ports.o)
 .scommon       0xa00001cc        0x0 ../../PLIB2_GIT/PLIB.X/dist/default/production/PLIB.X.a(s21_uart.o)
 .scommon       0xa00001cc        0x0 ../../PLIB2_GIT/PLIB.X/dist/default/production/PLIB.X.a(s31_dma.o)
 .scommon       0xa00001cc        0x0 ../../PLIB2_GIT/PLIB.X/dist/default/production/PLIB.X.a(s07_resets.o)
 .scommon       0xa00001cc        0x0 ../../PLIB2_GIT/PLIB.X/dist/default/production/PLIB.X.a(s08_interrupts.o)
 .scommon       0xa00001cc        0x0 ../../PLIB2_GIT/PLIB.X/dist/default/production/PLIB.X.a(s00_system.o)
 .scommon       0xa00001cc        0x0 ../../PLIB2_GIT/PLIB.X/dist/default/production/PLIB.X.a(s34_can.o)
                0xa00001cc                _sbss_end = .
                0xa00001cc                . = ALIGN (0x4)

.bss            0xa00001cc        0x0
 *(.dynbss)
 *(COMMON)
                0xa00001cc                . = ALIGN ((. != 0x0)?0x4:0x1)
                0xa00001cc                . = ALIGN (0x4)
                0xa00001cc                _end = .
                0xa00001cc                _bss_end = .
                0x00020000                _bmxdudba_address = 0x20000
                0x00020000                _bmxdupba_address = 0x20000

/DISCARD/
 *(.pdr)
 *(.rel.dyn)
 *(.note.GNU-stack)
 *(.note.GNU-stack)
 *(.gnu_debuglink)
 *(.gnu.lto_*)
 *(.discard)

.gptab.sdata
 *(.gptab.data)
 *(.gptab.sdata)

.gptab.sbss
 *(.gptab.bss)
 *(.gptab.sbss)

.mdebug.abi32   0xa00001cc        0x0
 *(.mdebug.abi32)
 .mdebug.abi32  0xa00001cc        0x0 build/default/production/_ext/1472/config.o
 .mdebug.abi32  0xa00001cc        0x0 build/default/production/_ext/1472/interrupts.o
 .mdebug.abi32  0xa00001cc        0x0 build/default/production/_ext/1472/main.o
 .mdebug.abi32  0xa00001cc        0x0 ../../PLIB2_GIT/PLIB.X/dist/default/production/PLIB.X.a(_EXAMPLES_.o)
 .mdebug.abi32  0xa00001cc        0x0 ../../PLIB2_GIT/PLIB.X/dist/default/production/PLIB.X.a(_LOG.o)
 .mdebug.abi32  0xa00001cc        0x0 ../../PLIB2_GIT/PLIB.X/dist/default/production/PLIB.X.a(pink_lady.o)
 .mdebug.abi32  0xa00001cc        0x0 ../../PLIB2_GIT/PLIB.X/dist/default/production/PLIB.X.a(sd_card.o)
 .mdebug.abi32  0xa00001cc        0x0 ../../PLIB2_GIT/PLIB.X/dist/default/production/PLIB.X.a(e_mcp23s17.o)
 .mdebug.abi32  0xa00001cc        0x0 ../../PLIB2_GIT/PLIB.X/dist/default/production/PLIB.X.a(e_at42qt2120.o)
 .mdebug.abi32  0xa00001cc        0x0 ../../PLIB2_GIT/PLIB.X/dist/default/production/PLIB.X.a(e_pca9685.o)
 .mdebug.abi32  0xa00001cc        0x0 ../../PLIB2_GIT/PLIB.X/dist/default/production/PLIB.X.a(e_veml7700.o)
 .mdebug.abi32  0xa00001cc        0x0 ../../PLIB2_GIT/PLIB.X/dist/default/production/PLIB.X.a(e_tps92662.o)
 .mdebug.abi32  0xa00001cc        0x0 ../../PLIB2_GIT/PLIB.X/dist/default/production/PLIB.X.a(e_grove_motor_tb6612fng.o)
 .mdebug.abi32  0xa00001cc        0x0 ../../PLIB2_GIT/PLIB.X/dist/default/production/PLIB.X.a(ble.o)
 .mdebug.abi32  0xa00001cc        0x0 ../../PLIB2_GIT/PLIB.X/dist/default/production/PLIB.X.a(utilities.o)
 .mdebug.abi32  0xa00001cc        0x0 ../../PLIB2_GIT/PLIB.X/dist/default/production/PLIB.X.a(string_advance.o)
 .mdebug.abi32  0xa00001cc        0x0 ../../PLIB2_GIT/PLIB.X/dist/default/production/PLIB.X.a(lin.o)
 .mdebug.abi32  0xa00001cc        0x0 ../../PLIB2_GIT/PLIB.X/dist/default/production/PLIB.X.a(software_pwm.o)
 .mdebug.abi32  0xa00001cc        0x0 ../../PLIB2_GIT/PLIB.X/dist/default/production/PLIB.X.a(crc_16.o)
 .mdebug.abi32  0xa00001cc        0x0 ../../PLIB2_GIT/PLIB.X/dist/default/production/PLIB.X.a(errors.o)
 .mdebug.abi32  0xa00001cc        0x0 ../../PLIB2_GIT/PLIB.X/dist/default/production/PLIB.X.a(s14_timers.o)
 .mdebug.abi32  0xa00001cc        0x0 ../../PLIB2_GIT/PLIB.X/dist/default/production/PLIB.X.a(s23_spi.o)
 .mdebug.abi32  0xa00001cc        0x0 ../../PLIB2_GIT/PLIB.X/dist/default/production/PLIB.X.a(s17_adc.o)
 .mdebug.abi32  0xa00001cc        0x0 ../../PLIB2_GIT/PLIB.X/dist/default/production/PLIB.X.a(s16_output_compare.o)
 .mdebug.abi32  0xa00001cc        0x0 ../../PLIB2_GIT/PLIB.X/dist/default/production/PLIB.X.a(s24_i2c.o)
 .mdebug.abi32  0xa00001cc        0x0 ../../PLIB2_GIT/PLIB.X/dist/default/production/PLIB.X.a(s12_ports.o)
 .mdebug.abi32  0xa00001cc        0x0 ../../PLIB2_GIT/PLIB.X/dist/default/production/PLIB.X.a(s21_uart.o)
 .mdebug.abi32  0xa00001cc        0x0 ../../PLIB2_GIT/PLIB.X/dist/default/production/PLIB.X.a(s31_dma.o)
 .mdebug.abi32  0xa00001cc        0x0 ../../PLIB2_GIT/PLIB.X/dist/default/production/PLIB.X.a(s07_resets.o)
 .mdebug.abi32  0xa00001cc        0x0 ../../PLIB2_GIT/PLIB.X/dist/default/production/PLIB.X.a(s08_interrupts.o)
 .mdebug.abi32  0xa00001cc        0x0 ../../PLIB2_GIT/PLIB.X/dist/default/production/PLIB.X.a(s00_system.o)
 .mdebug.abi32  0xa00001cc        0x0 ../../PLIB2_GIT/PLIB.X/dist/default/production/PLIB.X.a(s34_can.o)
 .mdebug.abi32  0xa00001cc        0x0 /Applications/microchip/xc32/v2.41/bin/bin/../../lib/gcc/pic32mx/4.8.3/speed/libgcc.a(_floatundisf.o)
 .mdebug.abi32  0xa00001cc        0x0 /Applications/microchip/xc32/v2.41/bin/bin/../../lib/gcc/pic32mx/4.8.3/speed/libgcc.a(_udivdi3.o)
 .mdebug.abi32  0xa00001cc        0x0 /Applications/microchip/xc32/v2.41/bin/bin/../../lib/gcc/pic32mx/4.8.3/speed/libgcc.a(_umoddi3.o)
 .mdebug.abi32  0xa00001cc        0x0 /Applications/microchip/xc32/v2.41/bin/bin/../../lib/gcc/pic32mx/4.8.3/speed/libgcc.a(floatunsisf.o)
 .mdebug.abi32  0xa00001cc        0x0 /Applications/microchip/xc32/v2.41/bin/bin/../../lib/gcc/pic32mx/4.8.3/speed/libgcc.a(floatunsidf.o)
 .mdebug.abi32  0xa00001cc        0x0 /Applications/microchip/xc32/v2.41/bin/bin/../../lib/gcc/pic32mx/4.8.3/../../../../pic32mx/lib/speed/libpic32.a(default-bootstrap-exception-handler.o)
 .mdebug.abi32  0xa00001cc        0x0 /Applications/microchip/xc32/v2.41/bin/bin/../../lib/gcc/pic32mx/4.8.3/../../../../pic32mx/lib/speed/libpic32.a(default-on-reset.o)
 .mdebug.abi32  0xa00001cc        0x0 /Applications/microchip/xc32/v2.41/bin/bin/../../lib/gcc/pic32mx/4.8.3/../../../../pic32mx/lib/speed/libpic32.a(default-on-bootstrap.o)
 .mdebug.abi32  0xa00001cc        0x0 /Applications/microchip/xc32/v2.41/bin/bin/../../lib/gcc/pic32mx/4.8.3/../../../../pic32mx/lib/speed/libpic32.a(default-general-exception-handler.o)
 .mdebug.abi32  0xa00001cc        0x0 /Applications/microchip/xc32/v2.41/bin/bin/../../lib/gcc/pic32mx/4.8.3/../../../../pic32mx/lib/speed/libpic32.a(defaultinterrupt.o)
 .mdebug.abi32  0xa00001cc        0x0 /Applications/microchip/xc32/v2.41/bin/bin/../../lib/gcc/pic32mx/4.8.3/../../../../pic32mx/lib/speed/libc.a(ctypef.o)
 .mdebug.abi32  0xa00001cc        0x0 /Applications/microchip/xc32/v2.41/bin/bin/../../lib/gcc/pic32mx/4.8.3/../../../../pic32mx/lib/speed/libc.a(malloc.o)
 .mdebug.abi32  0xa00001cc        0x0 /Applications/microchip/xc32/v2.41/bin/bin/../../lib/gcc/pic32mx/4.8.3/../../../../pic32mx/lib/speed/libc.a(strstr.o)
 .mdebug.abi32  0xa00001cc        0x0 /Applications/microchip/xc32/v2.41/bin/bin/../../lib/gcc/pic32mx/4.8.3/../../../../pic32mx/lib/speed/libc.a(ctype.o)
 .mdebug.abi32  0xa00001cc        0x0 /Applications/microchip/xc32/v2.41/bin/bin/../../lib/gcc/pic32mx/4.8.3/../../../../pic32mx/lib/speed/libc.a(strchr.o)
 .mdebug.abi32  0xa00001cc        0x0 /Applications/microchip/xc32/v2.41/bin/bin/../../lib/gcc/pic32mx/4.8.3/../../../../pic32mx/lib/speed/libc.a(strncmp.o)
 .mdebug.abi32  0xa00001cc        0x0 /Applications/microchip/xc32/v2.41/bin/bin/../../lib/gcc/pic32mx/4.8.3/../../../../pic32mx/lib/speed/libm.a(w_pow.o)
 .mdebug.abi32  0xa00001cc        0x0 /Applications/microchip/xc32/v2.41/bin/bin/../../lib/gcc/pic32mx/4.8.3/../../../../pic32mx/lib/speed/libm.a(w_log.o)
 .mdebug.abi32  0xa00001cc        0x0 /Applications/microchip/xc32/v2.41/bin/bin/../../lib/gcc/pic32mx/4.8.3/../../../../pic32mx/lib/speed/libm.a(s_lib_ver.o)
 .mdebug.abi32  0xa00001cc        0x0 /Applications/microchip/xc32/v2.41/bin/bin/../../lib/gcc/pic32mx/4.8.3/../../../../pic32mx/lib/speed/libpic32.a(sbrk.o)
 .mdebug.abi32  0xa00001cc        0x0 /Applications/microchip/xc32/v2.41/bin/bin/../../lib/gcc/pic32mx/4.8.3/../../../../pic32mx/lib/speed/libpic32.a(errno.o)
 .mdebug.abi32  0xa00001cc        0x0 /Applications/microchip/xc32/v2.41/bin/bin/../../lib/gcc/pic32mx/4.8.3/../../../../pic32mx/lib/speed/libpic32.a(isinf.o)
 .mdebug.abi32  0xa00001cc        0x0 /Applications/microchip/xc32/v2.41/bin/bin/../../lib/gcc/pic32mx/4.8.3/../../../../pic32mx/lib/speed/libe.a(_unorddf2.o)

.mdebug.abiN32
 *(.mdebug.abiN32)

.mdebug.abi64
 *(.mdebug.abi64)

.mdebug.abiO64
 *(.mdebug.abiO64)

.mdebug.eabi32
 *(.mdebug.eabi32)

.mdebug.eabi64
 *(.mdebug.eabi64)

.gcc_compiled_long32
 *(.gcc_compiled_long32)

.gcc_compiled_long64
 *(.gcc_compiled_long64)

.stab
 *(.stab)

.stabstr
 *(.stabstr)

.stab.excl
 *(.stab.excl)

.stab.exclstr
 *(.stab.exclstr)

.stab.index
 *(.stab.index)

.stab.indexstr
 *(.stab.indexstr)

.comment        0x00000000      0x1bc
 *(.comment)
 .comment       0x00000000       0x3c build/default/production/_ext/1472/config.o
                                 0x3d (size before relaxing)
 .comment       0x00000000       0x3d build/default/production/_ext/1472/interrupts.o
 .comment       0x00000000       0x3d build/default/production/_ext/1472/main.o
 .comment       0x00000000       0x3d ../../PLIB2_GIT/PLIB.X/dist/default/production/PLIB.X.a(_EXAMPLES_.o)
 .comment       0x00000000       0x3d ../../PLIB2_GIT/PLIB.X/dist/default/production/PLIB.X.a(_LOG.o)
 .comment       0x00000000       0x3d ../../PLIB2_GIT/PLIB.X/dist/default/production/PLIB.X.a(pink_lady.o)
 .comment       0x00000000       0x3d ../../PLIB2_GIT/PLIB.X/dist/default/production/PLIB.X.a(sd_card.o)
 .comment       0x00000000       0x3d ../../PLIB2_GIT/PLIB.X/dist/default/production/PLIB.X.a(e_mcp23s17.o)
 .comment       0x00000000       0x3d ../../PLIB2_GIT/PLIB.X/dist/default/production/PLIB.X.a(e_at42qt2120.o)
 .comment       0x00000000       0x3d ../../PLIB2_GIT/PLIB.X/dist/default/production/PLIB.X.a(e_pca9685.o)
 .comment       0x00000000       0x3d ../../PLIB2_GIT/PLIB.X/dist/default/production/PLIB.X.a(e_veml7700.o)
 .comment       0x00000000       0x3d ../../PLIB2_GIT/PLIB.X/dist/default/production/PLIB.X.a(e_tps92662.o)
 .comment       0x00000000       0x3d ../../PLIB2_GIT/PLIB.X/dist/default/production/PLIB.X.a(e_grove_motor_tb6612fng.o)
 .comment       0x00000000       0x3d ../../PLIB2_GIT/PLIB.X/dist/default/production/PLIB.X.a(ble.o)
 .comment       0x00000000       0x3d ../../PLIB2_GIT/PLIB.X/dist/default/production/PLIB.X.a(utilities.o)
 .comment       0x00000000       0x3d ../../PLIB2_GIT/PLIB.X/dist/default/production/PLIB.X.a(string_advance.o)
 .comment       0x00000000       0x3d ../../PLIB2_GIT/PLIB.X/dist/default/production/PLIB.X.a(lin.o)
 .comment       0x00000000       0x3d ../../PLIB2_GIT/PLIB.X/dist/default/production/PLIB.X.a(software_pwm.o)
 .comment       0x00000000       0x3d ../../PLIB2_GIT/PLIB.X/dist/default/production/PLIB.X.a(crc_16.o)
 .comment       0x00000000       0x3d ../../PLIB2_GIT/PLIB.X/dist/default/production/PLIB.X.a(errors.o)
 .comment       0x00000000       0x3d ../../PLIB2_GIT/PLIB.X/dist/default/production/PLIB.X.a(s14_timers.o)
 .comment       0x00000000       0x3d ../../PLIB2_GIT/PLIB.X/dist/default/production/PLIB.X.a(s23_spi.o)
 .comment       0x00000000       0x3d ../../PLIB2_GIT/PLIB.X/dist/default/production/PLIB.X.a(s17_adc.o)
 .comment       0x00000000       0x3d ../../PLIB2_GIT/PLIB.X/dist/default/production/PLIB.X.a(s16_output_compare.o)
 .comment       0x00000000       0x3d ../../PLIB2_GIT/PLIB.X/dist/default/production/PLIB.X.a(s24_i2c.o)
 .comment       0x00000000       0x3d ../../PLIB2_GIT/PLIB.X/dist/default/production/PLIB.X.a(s12_ports.o)
 .comment       0x00000000       0x3d ../../PLIB2_GIT/PLIB.X/dist/default/production/PLIB.X.a(s21_uart.o)
 .comment       0x00000000       0x3d ../../PLIB2_GIT/PLIB.X/dist/default/production/PLIB.X.a(s31_dma.o)
 .comment       0x00000000       0x3d ../../PLIB2_GIT/PLIB.X/dist/default/production/PLIB.X.a(s07_resets.o)
 .comment       0x00000000       0x3d ../../PLIB2_GIT/PLIB.X/dist/default/production/PLIB.X.a(s08_interrupts.o)
 .comment       0x00000000       0x3d ../../PLIB2_GIT/PLIB.X/dist/default/production/PLIB.X.a(s00_system.o)
 .comment       0x00000000       0x3d ../../PLIB2_GIT/PLIB.X/dist/default/production/PLIB.X.a(s34_can.o)
 .comment       0x00000000       0x3d /Applications/microchip/xc32/v2.41/bin/bin/../../lib/gcc/pic32mx/4.8.3/speed/libgcc.a(_floatundisf.o)
 .comment       0x00000000       0x3d /Applications/microchip/xc32/v2.41/bin/bin/../../lib/gcc/pic32mx/4.8.3/speed/libgcc.a(_udivdi3.o)
 .comment       0x00000000       0x3d /Applications/microchip/xc32/v2.41/bin/bin/../../lib/gcc/pic32mx/4.8.3/speed/libgcc.a(_umoddi3.o)
 .comment       0x00000000       0x3d /Applications/microchip/xc32/v2.41/bin/bin/../../lib/gcc/pic32mx/4.8.3/speed/libgcc.a(floatunsisf.o)
 .comment       0x00000000       0x3d /Applications/microchip/xc32/v2.41/bin/bin/../../lib/gcc/pic32mx/4.8.3/speed/libgcc.a(floatunsidf.o)
 .comment       0x0000003c       0x18 /Applications/microchip/xc32/v2.41/bin/bin/../../lib/gcc/pic32mx/4.8.3/../../../../pic32mx/lib/speed/libpic32.a(memset.o)
                                 0x19 (size before relaxing)
 .comment       0x00000054       0x19 /Applications/microchip/xc32/v2.41/bin/bin/../../lib/gcc/pic32mx/4.8.3/../../../../pic32mx/lib/speed/libpic32.a(strcmp.o)
                                 0x1a (size before relaxing)
 .comment       0x0000006d       0x19 /Applications/microchip/xc32/v2.41/bin/bin/../../lib/gcc/pic32mx/4.8.3/../../../../pic32mx/lib/speed/libpic32.a(strlen.o)
                                 0x1a (size before relaxing)
 .comment       0x00000000       0x3d /Applications/microchip/xc32/v2.41/bin/bin/../../lib/gcc/pic32mx/4.8.3/../../../../pic32mx/lib/speed/libpic32.a(default-bootstrap-exception-handler.o)
 .comment       0x00000000       0x3d /Applications/microchip/xc32/v2.41/bin/bin/../../lib/gcc/pic32mx/4.8.3/../../../../pic32mx/lib/speed/libpic32.a(default-on-reset.o)
 .comment       0x00000000       0x3d /Applications/microchip/xc32/v2.41/bin/bin/../../lib/gcc/pic32mx/4.8.3/../../../../pic32mx/lib/speed/libpic32.a(default-on-bootstrap.o)
 .comment       0x00000000       0x3d /Applications/microchip/xc32/v2.41/bin/bin/../../lib/gcc/pic32mx/4.8.3/../../../../pic32mx/lib/speed/libpic32.a(default-general-exception-handler.o)
 .comment       0x00000000       0x3d /Applications/microchip/xc32/v2.41/bin/bin/../../lib/gcc/pic32mx/4.8.3/../../../../pic32mx/lib/speed/libpic32.a(defaultinterrupt.o)
 .comment       0x00000086       0x4f /Applications/microchip/xc32/v2.41/bin/bin/../../lib/gcc/pic32mx/4.8.3/../../../../pic32mx/lib/speed/libc.a(ctypef.o)
                                 0x8c (size before relaxing)
 .comment       0x00000000       0x3d /Applications/microchip/xc32/v2.41/bin/bin/../../lib/gcc/pic32mx/4.8.3/../../../../pic32mx/lib/speed/libc.a(malloc.o)
 .comment       0x00000000       0x3d /Applications/microchip/xc32/v2.41/bin/bin/../../lib/gcc/pic32mx/4.8.3/../../../../pic32mx/lib/speed/libc.a(strstr.o)
 .comment       0x000000d5       0x4e /Applications/microchip/xc32/v2.41/bin/bin/../../lib/gcc/pic32mx/4.8.3/../../../../pic32mx/lib/speed/libc.a(ctype.o)
                                 0x8b (size before relaxing)
 .comment       0x00000000       0x3d /Applications/microchip/xc32/v2.41/bin/bin/../../lib/gcc/pic32mx/4.8.3/../../../../pic32mx/lib/speed/libc.a(strchr.o)
 .comment       0x00000000       0x3d /Applications/microchip/xc32/v2.41/bin/bin/../../lib/gcc/pic32mx/4.8.3/../../../../pic32mx/lib/speed/libc.a(strncmp.o)
 .comment       0x00000000       0x3d /Applications/microchip/xc32/v2.41/bin/bin/../../lib/gcc/pic32mx/4.8.3/../../../../pic32mx/lib/speed/libm.a(w_pow.o)
 .comment       0x00000000       0x3d /Applications/microchip/xc32/v2.41/bin/bin/../../lib/gcc/pic32mx/4.8.3/../../../../pic32mx/lib/speed/libm.a(w_log.o)
 .comment       0x00000000       0x3d /Applications/microchip/xc32/v2.41/bin/bin/../../lib/gcc/pic32mx/4.8.3/../../../../pic32mx/lib/speed/libm.a(s_lib_ver.o)
 .comment       0x00000123       0x4b /Applications/microchip/xc32/v2.41/bin/bin/../../lib/gcc/pic32mx/4.8.3/../../../../pic32mx/lib/speed/libpic32.a(sbrk.o)
                                 0x88 (size before relaxing)
 .comment       0x00000000       0x3d /Applications/microchip/xc32/v2.41/bin/bin/../../lib/gcc/pic32mx/4.8.3/../../../../pic32mx/lib/speed/libpic32.a(errno.o)
 .comment       0x00000000       0x3d /Applications/microchip/xc32/v2.41/bin/bin/../../lib/gcc/pic32mx/4.8.3/../../../../pic32mx/lib/speed/libpic32.a(isinf.o)
 .comment       0x0000016e       0x4e /Applications/microchip/xc32/v2.41/bin/bin/../../lib/gcc/pic32mx/4.8.3/../../../../pic32mx/lib/speed/libe.a(_unorddf2.o)
                                 0x8b (size before relaxing)

.debug
 *(.debug)

.line
 *(.line)

.debug_srcinfo
 *(.debug_srcinfo)

.debug_sfnames
 *(.debug_sfnames)

.debug_aranges  0x00000000      0x758
 *(.debug_aranges)
 .debug_aranges
                0x00000000       0x20 build/default/production/_ext/1472/config.o
 .debug_aranges
                0x00000020       0x20 build/default/production/_ext/1472/interrupts.o
 .debug_aranges
                0x00000040       0x20 build/default/production/_ext/1472/main.o
 .debug_aranges
                0x00000060       0x20 ../../PLIB2_GIT/PLIB.X/dist/default/production/PLIB.X.a(_EXAMPLES_.o)
 .debug_aranges
                0x00000080       0x20 ../../PLIB2_GIT/PLIB.X/dist/default/production/PLIB.X.a(_LOG.o)
 .debug_aranges
                0x000000a0       0x20 ../../PLIB2_GIT/PLIB.X/dist/default/production/PLIB.X.a(pink_lady.o)
 .debug_aranges
                0x000000c0       0x20 ../../PLIB2_GIT/PLIB.X/dist/default/production/PLIB.X.a(sd_card.o)
 .debug_aranges
                0x000000e0       0x20 ../../PLIB2_GIT/PLIB.X/dist/default/production/PLIB.X.a(e_mcp23s17.o)
 .debug_aranges
                0x00000100       0x20 ../../PLIB2_GIT/PLIB.X/dist/default/production/PLIB.X.a(e_at42qt2120.o)
 .debug_aranges
                0x00000120       0x20 ../../PLIB2_GIT/PLIB.X/dist/default/production/PLIB.X.a(e_pca9685.o)
 .debug_aranges
                0x00000140       0x20 ../../PLIB2_GIT/PLIB.X/dist/default/production/PLIB.X.a(e_veml7700.o)
 .debug_aranges
                0x00000160       0x20 ../../PLIB2_GIT/PLIB.X/dist/default/production/PLIB.X.a(e_tps92662.o)
 .debug_aranges
                0x00000180       0x20 ../../PLIB2_GIT/PLIB.X/dist/default/production/PLIB.X.a(e_grove_motor_tb6612fng.o)
 .debug_aranges
                0x000001a0       0x20 ../../PLIB2_GIT/PLIB.X/dist/default/production/PLIB.X.a(ble.o)
 .debug_aranges
                0x000001c0       0x20 ../../PLIB2_GIT/PLIB.X/dist/default/production/PLIB.X.a(utilities.o)
 .debug_aranges
                0x000001e0       0x20 ../../PLIB2_GIT/PLIB.X/dist/default/production/PLIB.X.a(string_advance.o)
 .debug_aranges
                0x00000200       0x20 ../../PLIB2_GIT/PLIB.X/dist/default/production/PLIB.X.a(lin.o)
 .debug_aranges
                0x00000220       0x20 ../../PLIB2_GIT/PLIB.X/dist/default/production/PLIB.X.a(software_pwm.o)
 .debug_aranges
                0x00000240       0x20 ../../PLIB2_GIT/PLIB.X/dist/default/production/PLIB.X.a(crc_16.o)
 .debug_aranges
                0x00000260       0x20 ../../PLIB2_GIT/PLIB.X/dist/default/production/PLIB.X.a(errors.o)
 .debug_aranges
                0x00000280       0x20 ../../PLIB2_GIT/PLIB.X/dist/default/production/PLIB.X.a(s14_timers.o)
 .debug_aranges
                0x000002a0       0x20 ../../PLIB2_GIT/PLIB.X/dist/default/production/PLIB.X.a(s23_spi.o)
 .debug_aranges
                0x000002c0       0x20 ../../PLIB2_GIT/PLIB.X/dist/default/production/PLIB.X.a(s17_adc.o)
 .debug_aranges
                0x000002e0       0x20 ../../PLIB2_GIT/PLIB.X/dist/default/production/PLIB.X.a(s16_output_compare.o)
 .debug_aranges
                0x00000300       0x20 ../../PLIB2_GIT/PLIB.X/dist/default/production/PLIB.X.a(s24_i2c.o)
 .debug_aranges
                0x00000320       0x20 ../../PLIB2_GIT/PLIB.X/dist/default/production/PLIB.X.a(s12_ports.o)
 .debug_aranges
                0x00000340       0x20 ../../PLIB2_GIT/PLIB.X/dist/default/production/PLIB.X.a(s21_uart.o)
 .debug_aranges
                0x00000360       0x20 ../../PLIB2_GIT/PLIB.X/dist/default/production/PLIB.X.a(s31_dma.o)
 .debug_aranges
                0x00000380       0x20 ../../PLIB2_GIT/PLIB.X/dist/default/production/PLIB.X.a(s07_resets.o)
 .debug_aranges
                0x000003a0       0x20 ../../PLIB2_GIT/PLIB.X/dist/default/production/PLIB.X.a(s08_interrupts.o)
 .debug_aranges
                0x000003c0       0x20 ../../PLIB2_GIT/PLIB.X/dist/default/production/PLIB.X.a(s00_system.o)
 .debug_aranges
                0x000003e0       0x20 ../../PLIB2_GIT/PLIB.X/dist/default/production/PLIB.X.a(s34_can.o)
 .debug_aranges
                0x00000400       0x20 /Applications/microchip/xc32/v2.41/bin/bin/../../lib/gcc/pic32mx/4.8.3/speed/libgcc.a(_floatundisf.o)
 .debug_aranges
                0x00000420       0x20 /Applications/microchip/xc32/v2.41/bin/bin/../../lib/gcc/pic32mx/4.8.3/speed/libgcc.a(_udivdi3.o)
 .debug_aranges
                0x00000440       0x20 /Applications/microchip/xc32/v2.41/bin/bin/../../lib/gcc/pic32mx/4.8.3/speed/libgcc.a(_umoddi3.o)
 .debug_aranges
                0x00000460       0x20 /Applications/microchip/xc32/v2.41/bin/bin/../../lib/gcc/pic32mx/4.8.3/speed/libgcc.a(floatunsisf.o)
 .debug_aranges
                0x00000480       0x20 /Applications/microchip/xc32/v2.41/bin/bin/../../lib/gcc/pic32mx/4.8.3/speed/libgcc.a(floatunsidf.o)
 .debug_aranges
                0x000004a0       0x20 /Applications/microchip/xc32/v2.41/bin/bin/../../lib/gcc/pic32mx/4.8.3/../../../../pic32mx/lib/speed/libpic32.a(default-bootstrap-exception-handler.o)
 .debug_aranges
                0x000004c0       0x20 /Applications/microchip/xc32/v2.41/bin/bin/../../lib/gcc/pic32mx/4.8.3/../../../../pic32mx/lib/speed/libpic32.a(default-on-reset.o)
 .debug_aranges
                0x000004e0       0x20 /Applications/microchip/xc32/v2.41/bin/bin/../../lib/gcc/pic32mx/4.8.3/../../../../pic32mx/lib/speed/libpic32.a(default-on-bootstrap.o)
 .debug_aranges
                0x00000500       0x20 /Applications/microchip/xc32/v2.41/bin/bin/../../lib/gcc/pic32mx/4.8.3/../../../../pic32mx/lib/speed/libpic32.a(default-general-exception-handler.o)
 .debug_aranges
                0x00000520       0x20 /Applications/microchip/xc32/v2.41/bin/bin/../../lib/gcc/pic32mx/4.8.3/../../../../pic32mx/lib/speed/libpic32.a(defaultinterrupt.o)
 .debug_aranges
                0x00000540       0xa0 /Applications/microchip/xc32/v2.41/bin/bin/../../lib/gcc/pic32mx/4.8.3/../../../../pic32mx/lib/speed/libc.a(ctypef.o)
 .debug_aranges
                0x000005e0       0x30 /Applications/microchip/xc32/v2.41/bin/bin/../../lib/gcc/pic32mx/4.8.3/../../../../pic32mx/lib/speed/libc.a(malloc.o)
 .debug_aranges
                0x00000610       0x20 /Applications/microchip/xc32/v2.41/bin/bin/../../lib/gcc/pic32mx/4.8.3/../../../../pic32mx/lib/speed/libc.a(strstr.o)
 .debug_aranges
                0x00000630       0x20 /Applications/microchip/xc32/v2.41/bin/bin/../../lib/gcc/pic32mx/4.8.3/../../../../pic32mx/lib/speed/libc.a(strchr.o)
 .debug_aranges
                0x00000650       0x20 /Applications/microchip/xc32/v2.41/bin/bin/../../lib/gcc/pic32mx/4.8.3/../../../../pic32mx/lib/speed/libc.a(strncmp.o)
 .debug_aranges
                0x00000670       0x20 /Applications/microchip/xc32/v2.41/bin/bin/../../lib/gcc/pic32mx/4.8.3/../../../../pic32mx/lib/speed/libm.a(w_pow.o)
 .debug_aranges
                0x00000690       0x20 /Applications/microchip/xc32/v2.41/bin/bin/../../lib/gcc/pic32mx/4.8.3/../../../../pic32mx/lib/speed/libm.a(w_log.o)
 .debug_aranges
                0x000006b0       0x40 /Applications/microchip/xc32/v2.41/bin/bin/../../lib/gcc/pic32mx/4.8.3/../../../../pic32mx/lib/speed/libpic32.a(sbrk.o)
 .debug_aranges
                0x000006f0       0x48 /Applications/microchip/xc32/v2.41/bin/bin/../../lib/gcc/pic32mx/4.8.3/../../../../pic32mx/lib/speed/libpic32.a(isinf.o)
 .debug_aranges
                0x00000738       0x20 /Applications/microchip/xc32/v2.41/bin/bin/../../lib/gcc/pic32mx/4.8.3/../../../../pic32mx/lib/speed/libe.a(_unorddf2.o)

.debug_pubnames
 *(.debug_pubnames)

.debug_info     0x00000000    0x40111
 *(.debug_info .gnu.linkonce.wi.*)
 .debug_info    0x00000000     0x1351 build/default/production/_ext/1472/config.o
 .debug_info    0x00001351     0x21ab build/default/production/_ext/1472/interrupts.o
 .debug_info    0x000034fc     0x24ce build/default/production/_ext/1472/main.o
 .debug_info    0x000059ca     0xb904 ../../PLIB2_GIT/PLIB.X/dist/default/production/PLIB.X.a(_EXAMPLES_.o)
 .debug_info    0x000112ce     0x213a ../../PLIB2_GIT/PLIB.X/dist/default/production/PLIB.X.a(_LOG.o)
 .debug_info    0x00013408     0x1eb4 ../../PLIB2_GIT/PLIB.X/dist/default/production/PLIB.X.a(pink_lady.o)
 .debug_info    0x000152bc     0x5640 ../../PLIB2_GIT/PLIB.X/dist/default/production/PLIB.X.a(sd_card.o)
 .debug_info    0x0001a8fc     0x1662 ../../PLIB2_GIT/PLIB.X/dist/default/production/PLIB.X.a(e_mcp23s17.o)
 .debug_info    0x0001bf5e      0xd4e ../../PLIB2_GIT/PLIB.X/dist/default/production/PLIB.X.a(e_at42qt2120.o)
 .debug_info    0x0001ccac      0xec9 ../../PLIB2_GIT/PLIB.X/dist/default/production/PLIB.X.a(e_pca9685.o)
 .debug_info    0x0001db75      0xbfb ../../PLIB2_GIT/PLIB.X/dist/default/production/PLIB.X.a(e_veml7700.o)
 .debug_info    0x0001e770     0x3b31 ../../PLIB2_GIT/PLIB.X/dist/default/production/PLIB.X.a(e_tps92662.o)
 .debug_info    0x000222a1     0x10b9 ../../PLIB2_GIT/PLIB.X/dist/default/production/PLIB.X.a(e_grove_motor_tb6612fng.o)
 .debug_info    0x0002335a     0x33b7 ../../PLIB2_GIT/PLIB.X/dist/default/production/PLIB.X.a(ble.o)
 .debug_info    0x00026711     0x13e9 ../../PLIB2_GIT/PLIB.X/dist/default/production/PLIB.X.a(utilities.o)
 .debug_info    0x00027afa      0x8d2 ../../PLIB2_GIT/PLIB.X/dist/default/production/PLIB.X.a(string_advance.o)
 .debug_info    0x000283cc     0x1812 ../../PLIB2_GIT/PLIB.X/dist/default/production/PLIB.X.a(lin.o)
 .debug_info    0x00029bde      0xbec ../../PLIB2_GIT/PLIB.X/dist/default/production/PLIB.X.a(software_pwm.o)
 .debug_info    0x0002a7ca      0x9b1 ../../PLIB2_GIT/PLIB.X/dist/default/production/PLIB.X.a(crc_16.o)
 .debug_info    0x0002b17b      0xbc2 ../../PLIB2_GIT/PLIB.X/dist/default/production/PLIB.X.a(errors.o)
 .debug_info    0x0002bd3d     0x113f ../../PLIB2_GIT/PLIB.X/dist/default/production/PLIB.X.a(s14_timers.o)
 .debug_info    0x0002ce7c     0x2004 ../../PLIB2_GIT/PLIB.X/dist/default/production/PLIB.X.a(s23_spi.o)
 .debug_info    0x0002ee80     0x109a ../../PLIB2_GIT/PLIB.X/dist/default/production/PLIB.X.a(s17_adc.o)
 .debug_info    0x0002ff1a      0xd5c ../../PLIB2_GIT/PLIB.X/dist/default/production/PLIB.X.a(s16_output_compare.o)
 .debug_info    0x00030c76     0x259b ../../PLIB2_GIT/PLIB.X/dist/default/production/PLIB.X.a(s24_i2c.o)
 .debug_info    0x00033211     0x1204 ../../PLIB2_GIT/PLIB.X/dist/default/production/PLIB.X.a(s12_ports.o)
 .debug_info    0x00034415     0x20ae ../../PLIB2_GIT/PLIB.X/dist/default/production/PLIB.X.a(s21_uart.o)
 .debug_info    0x000364c3     0x27cb ../../PLIB2_GIT/PLIB.X/dist/default/production/PLIB.X.a(s31_dma.o)
 .debug_info    0x00038c8e      0x34a ../../PLIB2_GIT/PLIB.X/dist/default/production/PLIB.X.a(s07_resets.o)
 .debug_info    0x00038fd8     0x1490 ../../PLIB2_GIT/PLIB.X/dist/default/production/PLIB.X.a(s08_interrupts.o)
 .debug_info    0x0003a468      0xa3e ../../PLIB2_GIT/PLIB.X/dist/default/production/PLIB.X.a(s00_system.o)
 .debug_info    0x0003aea6     0x3034 ../../PLIB2_GIT/PLIB.X/dist/default/production/PLIB.X.a(s34_can.o)
 .debug_info    0x0003deda      0x259 /Applications/microchip/xc32/v2.41/bin/bin/../../lib/gcc/pic32mx/4.8.3/speed/libgcc.a(_floatundisf.o)
 .debug_info    0x0003e133      0x751 /Applications/microchip/xc32/v2.41/bin/bin/../../lib/gcc/pic32mx/4.8.3/speed/libgcc.a(_udivdi3.o)
 .debug_info    0x0003e884      0x78e /Applications/microchip/xc32/v2.41/bin/bin/../../lib/gcc/pic32mx/4.8.3/speed/libgcc.a(_umoddi3.o)
 .debug_info    0x0003f012      0x129 /Applications/microchip/xc32/v2.41/bin/bin/../../lib/gcc/pic32mx/4.8.3/speed/libgcc.a(floatunsisf.o)
 .debug_info    0x0003f13b      0x137 /Applications/microchip/xc32/v2.41/bin/bin/../../lib/gcc/pic32mx/4.8.3/speed/libgcc.a(floatunsidf.o)
 .debug_info    0x0003f272       0xf4 /Applications/microchip/xc32/v2.41/bin/bin/../../lib/gcc/pic32mx/4.8.3/../../../../pic32mx/lib/speed/libpic32.a(default-bootstrap-exception-handler.o)
 .debug_info    0x0003f366       0xcd /Applications/microchip/xc32/v2.41/bin/bin/../../lib/gcc/pic32mx/4.8.3/../../../../pic32mx/lib/speed/libpic32.a(default-on-reset.o)
 .debug_info    0x0003f433       0xd5 /Applications/microchip/xc32/v2.41/bin/bin/../../lib/gcc/pic32mx/4.8.3/../../../../pic32mx/lib/speed/libpic32.a(default-on-bootstrap.o)
 .debug_info    0x0003f508       0xf0 /Applications/microchip/xc32/v2.41/bin/bin/../../lib/gcc/pic32mx/4.8.3/../../../../pic32mx/lib/speed/libpic32.a(default-general-exception-handler.o)
 .debug_info    0x0003f5f8       0xe7 /Applications/microchip/xc32/v2.41/bin/bin/../../lib/gcc/pic32mx/4.8.3/../../../../pic32mx/lib/speed/libpic32.a(defaultinterrupt.o)
 .debug_info    0x0003f6df      0x238 /Applications/microchip/xc32/v2.41/bin/bin/../../lib/gcc/pic32mx/4.8.3/../../../../pic32mx/lib/speed/libc.a(ctypef.o)
 .debug_info    0x0003f917       0xf5 /Applications/microchip/xc32/v2.41/bin/bin/../../lib/gcc/pic32mx/4.8.3/../../../../pic32mx/lib/speed/libc.a(malloc.o)
 .debug_info    0x0003fa0c       0xc4 /Applications/microchip/xc32/v2.41/bin/bin/../../lib/gcc/pic32mx/4.8.3/../../../../pic32mx/lib/speed/libc.a(strstr.o)
 .debug_info    0x0003fad0       0xc4 /Applications/microchip/xc32/v2.41/bin/bin/../../lib/gcc/pic32mx/4.8.3/../../../../pic32mx/lib/speed/libc.a(strchr.o)
 .debug_info    0x0003fb94       0xc6 /Applications/microchip/xc32/v2.41/bin/bin/../../lib/gcc/pic32mx/4.8.3/../../../../pic32mx/lib/speed/libc.a(strncmp.o)
 .debug_info    0x0003fc5a       0xc2 /Applications/microchip/xc32/v2.41/bin/bin/../../lib/gcc/pic32mx/4.8.3/../../../../pic32mx/lib/speed/libm.a(w_pow.o)
 .debug_info    0x0003fd1c       0xc2 /Applications/microchip/xc32/v2.41/bin/bin/../../lib/gcc/pic32mx/4.8.3/../../../../pic32mx/lib/speed/libm.a(w_log.o)
 .debug_info    0x0003fdde      0x131 /Applications/microchip/xc32/v2.41/bin/bin/../../lib/gcc/pic32mx/4.8.3/../../../../pic32mx/lib/speed/libpic32.a(sbrk.o)
 .debug_info    0x0003ff0f      0x134 /Applications/microchip/xc32/v2.41/bin/bin/../../lib/gcc/pic32mx/4.8.3/../../../../pic32mx/lib/speed/libpic32.a(isinf.o)
 .debug_info    0x00040043       0xce /Applications/microchip/xc32/v2.41/bin/bin/../../lib/gcc/pic32mx/4.8.3/../../../../pic32mx/lib/speed/libe.a(_unorddf2.o)

.debug_abbrev   0x00000000     0x4f2c
 *(.debug_abbrev)
 .debug_abbrev  0x00000000      0x1ec build/default/production/_ext/1472/config.o
 .debug_abbrev  0x000001ec      0x1ab build/default/production/_ext/1472/interrupts.o
 .debug_abbrev  0x00000397      0x27e build/default/production/_ext/1472/main.o
 .debug_abbrev  0x00000615      0x4c8 ../../PLIB2_GIT/PLIB.X/dist/default/production/PLIB.X.a(_EXAMPLES_.o)
 .debug_abbrev  0x00000add      0x2ac ../../PLIB2_GIT/PLIB.X/dist/default/production/PLIB.X.a(_LOG.o)
 .debug_abbrev  0x00000d89      0x234 ../../PLIB2_GIT/PLIB.X/dist/default/production/PLIB.X.a(pink_lady.o)
 .debug_abbrev  0x00000fbd      0x419 ../../PLIB2_GIT/PLIB.X/dist/default/production/PLIB.X.a(sd_card.o)
 .debug_abbrev  0x000013d6      0x19a ../../PLIB2_GIT/PLIB.X/dist/default/production/PLIB.X.a(e_mcp23s17.o)
 .debug_abbrev  0x00001570      0x182 ../../PLIB2_GIT/PLIB.X/dist/default/production/PLIB.X.a(e_at42qt2120.o)
 .debug_abbrev  0x000016f2      0x180 ../../PLIB2_GIT/PLIB.X/dist/default/production/PLIB.X.a(e_pca9685.o)
 .debug_abbrev  0x00001872      0x182 ../../PLIB2_GIT/PLIB.X/dist/default/production/PLIB.X.a(e_veml7700.o)
 .debug_abbrev  0x000019f4      0x357 ../../PLIB2_GIT/PLIB.X/dist/default/production/PLIB.X.a(e_tps92662.o)
 .debug_abbrev  0x00001d4b      0x1cd ../../PLIB2_GIT/PLIB.X/dist/default/production/PLIB.X.a(e_grove_motor_tb6612fng.o)
 .debug_abbrev  0x00001f18      0x365 ../../PLIB2_GIT/PLIB.X/dist/default/production/PLIB.X.a(ble.o)
 .debug_abbrev  0x0000227d      0x31e ../../PLIB2_GIT/PLIB.X/dist/default/production/PLIB.X.a(utilities.o)
 .debug_abbrev  0x0000259b      0x1b3 ../../PLIB2_GIT/PLIB.X/dist/default/production/PLIB.X.a(string_advance.o)
 .debug_abbrev  0x0000274e      0x200 ../../PLIB2_GIT/PLIB.X/dist/default/production/PLIB.X.a(lin.o)
 .debug_abbrev  0x0000294e      0x15f ../../PLIB2_GIT/PLIB.X/dist/default/production/PLIB.X.a(software_pwm.o)
 .debug_abbrev  0x00002aad      0x159 ../../PLIB2_GIT/PLIB.X/dist/default/production/PLIB.X.a(crc_16.o)
 .debug_abbrev  0x00002c06      0x186 ../../PLIB2_GIT/PLIB.X/dist/default/production/PLIB.X.a(errors.o)
 .debug_abbrev  0x00002d8c      0x1b9 ../../PLIB2_GIT/PLIB.X/dist/default/production/PLIB.X.a(s14_timers.o)
 .debug_abbrev  0x00002f45      0x283 ../../PLIB2_GIT/PLIB.X/dist/default/production/PLIB.X.a(s23_spi.o)
 .debug_abbrev  0x000031c8      0x17f ../../PLIB2_GIT/PLIB.X/dist/default/production/PLIB.X.a(s17_adc.o)
 .debug_abbrev  0x00003347      0x152 ../../PLIB2_GIT/PLIB.X/dist/default/production/PLIB.X.a(s16_output_compare.o)
 .debug_abbrev  0x00003499      0x365 ../../PLIB2_GIT/PLIB.X/dist/default/production/PLIB.X.a(s24_i2c.o)
 .debug_abbrev  0x000037fe      0x1b0 ../../PLIB2_GIT/PLIB.X/dist/default/production/PLIB.X.a(s12_ports.o)
 .debug_abbrev  0x000039ae      0x275 ../../PLIB2_GIT/PLIB.X/dist/default/production/PLIB.X.a(s21_uart.o)
 .debug_abbrev  0x00003c23      0x42d ../../PLIB2_GIT/PLIB.X/dist/default/production/PLIB.X.a(s31_dma.o)
 .debug_abbrev  0x00004050       0xc3 ../../PLIB2_GIT/PLIB.X/dist/default/production/PLIB.X.a(s07_resets.o)
 .debug_abbrev  0x00004113      0x227 ../../PLIB2_GIT/PLIB.X/dist/default/production/PLIB.X.a(s08_interrupts.o)
 .debug_abbrev  0x0000433a      0x272 ../../PLIB2_GIT/PLIB.X/dist/default/production/PLIB.X.a(s00_system.o)
 .debug_abbrev  0x000045ac      0x313 ../../PLIB2_GIT/PLIB.X/dist/default/production/PLIB.X.a(s34_can.o)
 .debug_abbrev  0x000048bf       0x64 /Applications/microchip/xc32/v2.41/bin/bin/../../lib/gcc/pic32mx/4.8.3/speed/libgcc.a(_floatundisf.o)
 .debug_abbrev  0x00004923      0x138 /Applications/microchip/xc32/v2.41/bin/bin/../../lib/gcc/pic32mx/4.8.3/speed/libgcc.a(_udivdi3.o)
 .debug_abbrev  0x00004a5b      0x147 /Applications/microchip/xc32/v2.41/bin/bin/../../lib/gcc/pic32mx/4.8.3/speed/libgcc.a(_umoddi3.o)
 .debug_abbrev  0x00004ba2       0x62 /Applications/microchip/xc32/v2.41/bin/bin/../../lib/gcc/pic32mx/4.8.3/speed/libgcc.a(floatunsisf.o)
 .debug_abbrev  0x00004c04       0x62 /Applications/microchip/xc32/v2.41/bin/bin/../../lib/gcc/pic32mx/4.8.3/speed/libgcc.a(floatunsidf.o)
 .debug_abbrev  0x00004c66       0x28 /Applications/microchip/xc32/v2.41/bin/bin/../../lib/gcc/pic32mx/4.8.3/../../../../pic32mx/lib/speed/libpic32.a(default-bootstrap-exception-handler.o)
 .debug_abbrev  0x00004c8e       0x28 /Applications/microchip/xc32/v2.41/bin/bin/../../lib/gcc/pic32mx/4.8.3/../../../../pic32mx/lib/speed/libpic32.a(default-on-reset.o)
 .debug_abbrev  0x00004cb6       0x28 /Applications/microchip/xc32/v2.41/bin/bin/../../lib/gcc/pic32mx/4.8.3/../../../../pic32mx/lib/speed/libpic32.a(default-on-bootstrap.o)
 .debug_abbrev  0x00004cde       0x28 /Applications/microchip/xc32/v2.41/bin/bin/../../lib/gcc/pic32mx/4.8.3/../../../../pic32mx/lib/speed/libpic32.a(default-general-exception-handler.o)
 .debug_abbrev  0x00004d06       0x28 /Applications/microchip/xc32/v2.41/bin/bin/../../lib/gcc/pic32mx/4.8.3/../../../../pic32mx/lib/speed/libpic32.a(defaultinterrupt.o)
 .debug_abbrev  0x00004d2e       0x28 /Applications/microchip/xc32/v2.41/bin/bin/../../lib/gcc/pic32mx/4.8.3/../../../../pic32mx/lib/speed/libc.a(ctypef.o)
 .debug_abbrev  0x00004d56       0x47 /Applications/microchip/xc32/v2.41/bin/bin/../../lib/gcc/pic32mx/4.8.3/../../../../pic32mx/lib/speed/libc.a(malloc.o)
 .debug_abbrev  0x00004d9d       0x28 /Applications/microchip/xc32/v2.41/bin/bin/../../lib/gcc/pic32mx/4.8.3/../../../../pic32mx/lib/speed/libc.a(strstr.o)
 .debug_abbrev  0x00004dc5       0x28 /Applications/microchip/xc32/v2.41/bin/bin/../../lib/gcc/pic32mx/4.8.3/../../../../pic32mx/lib/speed/libc.a(strchr.o)
 .debug_abbrev  0x00004ded       0x28 /Applications/microchip/xc32/v2.41/bin/bin/../../lib/gcc/pic32mx/4.8.3/../../../../pic32mx/lib/speed/libc.a(strncmp.o)
 .debug_abbrev  0x00004e15       0x28 /Applications/microchip/xc32/v2.41/bin/bin/../../lib/gcc/pic32mx/4.8.3/../../../../pic32mx/lib/speed/libm.a(w_pow.o)
 .debug_abbrev  0x00004e3d       0x28 /Applications/microchip/xc32/v2.41/bin/bin/../../lib/gcc/pic32mx/4.8.3/../../../../pic32mx/lib/speed/libm.a(w_log.o)
 .debug_abbrev  0x00004e65       0x54 /Applications/microchip/xc32/v2.41/bin/bin/../../lib/gcc/pic32mx/4.8.3/../../../../pic32mx/lib/speed/libpic32.a(sbrk.o)
 .debug_abbrev  0x00004eb9       0x3e /Applications/microchip/xc32/v2.41/bin/bin/../../lib/gcc/pic32mx/4.8.3/../../../../pic32mx/lib/speed/libpic32.a(isinf.o)
 .debug_abbrev  0x00004ef7       0x35 /Applications/microchip/xc32/v2.41/bin/bin/../../lib/gcc/pic32mx/4.8.3/../../../../pic32mx/lib/speed/libe.a(_unorddf2.o)

.debug_line     0x00000000     0x89f8
 *(.debug_line)
 .debug_line    0x00000000      0x27d build/default/production/_ext/1472/config.o
 .debug_line    0x0000027d      0x4a2 build/default/production/_ext/1472/interrupts.o
 .debug_line    0x0000071f      0x3d2 build/default/production/_ext/1472/main.o
 .debug_line    0x00000af1      0xb37 ../../PLIB2_GIT/PLIB.X/dist/default/production/PLIB.X.a(_EXAMPLES_.o)
 .debug_line    0x00001628      0x512 ../../PLIB2_GIT/PLIB.X/dist/default/production/PLIB.X.a(_LOG.o)
 .debug_line    0x00001b3a      0x4aa ../../PLIB2_GIT/PLIB.X/dist/default/production/PLIB.X.a(pink_lady.o)
 .debug_line    0x00001fe4      0xa62 ../../PLIB2_GIT/PLIB.X/dist/default/production/PLIB.X.a(sd_card.o)
 .debug_line    0x00002a46      0x272 ../../PLIB2_GIT/PLIB.X/dist/default/production/PLIB.X.a(e_mcp23s17.o)
 .debug_line    0x00002cb8      0x25a ../../PLIB2_GIT/PLIB.X/dist/default/production/PLIB.X.a(e_at42qt2120.o)
 .debug_line    0x00002f12      0x25e ../../PLIB2_GIT/PLIB.X/dist/default/production/PLIB.X.a(e_pca9685.o)
 .debug_line    0x00003170      0x256 ../../PLIB2_GIT/PLIB.X/dist/default/production/PLIB.X.a(e_veml7700.o)
 .debug_line    0x000033c6      0x818 ../../PLIB2_GIT/PLIB.X/dist/default/production/PLIB.X.a(e_tps92662.o)
 .debug_line    0x00003bde      0x294 ../../PLIB2_GIT/PLIB.X/dist/default/production/PLIB.X.a(e_grove_motor_tb6612fng.o)
 .debug_line    0x00003e72      0x9a8 ../../PLIB2_GIT/PLIB.X/dist/default/production/PLIB.X.a(ble.o)
 .debug_line    0x0000481a      0x4bc ../../PLIB2_GIT/PLIB.X/dist/default/production/PLIB.X.a(utilities.o)
 .debug_line    0x00004cd6      0x318 ../../PLIB2_GIT/PLIB.X/dist/default/production/PLIB.X.a(string_advance.o)
 .debug_line    0x00004fee      0x411 ../../PLIB2_GIT/PLIB.X/dist/default/production/PLIB.X.a(lin.o)
 .debug_line    0x000053ff      0x23a ../../PLIB2_GIT/PLIB.X/dist/default/production/PLIB.X.a(software_pwm.o)
 .debug_line    0x00005639      0x21b ../../PLIB2_GIT/PLIB.X/dist/default/production/PLIB.X.a(crc_16.o)
 .debug_line    0x00005854      0x2f1 ../../PLIB2_GIT/PLIB.X/dist/default/production/PLIB.X.a(errors.o)
 .debug_line    0x00005b45      0x258 ../../PLIB2_GIT/PLIB.X/dist/default/production/PLIB.X.a(s14_timers.o)
 .debug_line    0x00005d9d      0x2e9 ../../PLIB2_GIT/PLIB.X/dist/default/production/PLIB.X.a(s23_spi.o)
 .debug_line    0x00006086      0x256 ../../PLIB2_GIT/PLIB.X/dist/default/production/PLIB.X.a(s17_adc.o)
 .debug_line    0x000062dc      0x223 ../../PLIB2_GIT/PLIB.X/dist/default/production/PLIB.X.a(s16_output_compare.o)
 .debug_line    0x000064ff      0x4ad ../../PLIB2_GIT/PLIB.X/dist/default/production/PLIB.X.a(s24_i2c.o)
 .debug_line    0x000069ac      0x255 ../../PLIB2_GIT/PLIB.X/dist/default/production/PLIB.X.a(s12_ports.o)
 .debug_line    0x00006c01      0x31d ../../PLIB2_GIT/PLIB.X/dist/default/production/PLIB.X.a(s21_uart.o)
 .debug_line    0x00006f1e      0x4e3 ../../PLIB2_GIT/PLIB.X/dist/default/production/PLIB.X.a(s31_dma.o)
 .debug_line    0x00007401      0x1a5 ../../PLIB2_GIT/PLIB.X/dist/default/production/PLIB.X.a(s07_resets.o)
 .debug_line    0x000075a6      0x29a ../../PLIB2_GIT/PLIB.X/dist/default/production/PLIB.X.a(s08_interrupts.o)
 .debug_line    0x00007840      0x21a ../../PLIB2_GIT/PLIB.X/dist/default/production/PLIB.X.a(s00_system.o)
 .debug_line    0x00007a5a      0x388 ../../PLIB2_GIT/PLIB.X/dist/default/production/PLIB.X.a(s34_can.o)
 .debug_line    0x00007de2       0xaa /Applications/microchip/xc32/v2.41/bin/bin/../../lib/gcc/pic32mx/4.8.3/speed/libgcc.a(_floatundisf.o)
 .debug_line    0x00007e8c       0xf7 /Applications/microchip/xc32/v2.41/bin/bin/../../lib/gcc/pic32mx/4.8.3/speed/libgcc.a(_udivdi3.o)
 .debug_line    0x00007f83      0x109 /Applications/microchip/xc32/v2.41/bin/bin/../../lib/gcc/pic32mx/4.8.3/speed/libgcc.a(_umoddi3.o)
 .debug_line    0x0000808c       0x94 /Applications/microchip/xc32/v2.41/bin/bin/../../lib/gcc/pic32mx/4.8.3/speed/libgcc.a(floatunsisf.o)
 .debug_line    0x00008120       0x93 /Applications/microchip/xc32/v2.41/bin/bin/../../lib/gcc/pic32mx/4.8.3/speed/libgcc.a(floatunsidf.o)
 .debug_line    0x000081b3       0xa6 /Applications/microchip/xc32/v2.41/bin/bin/../../lib/gcc/pic32mx/4.8.3/../../../../pic32mx/lib/speed/libpic32.a(default-bootstrap-exception-handler.o)
 .debug_line    0x00008259       0x93 /Applications/microchip/xc32/v2.41/bin/bin/../../lib/gcc/pic32mx/4.8.3/../../../../pic32mx/lib/speed/libpic32.a(default-on-reset.o)
 .debug_line    0x000082ec       0x97 /Applications/microchip/xc32/v2.41/bin/bin/../../lib/gcc/pic32mx/4.8.3/../../../../pic32mx/lib/speed/libpic32.a(default-on-bootstrap.o)
 .debug_line    0x00008383       0xa4 /Applications/microchip/xc32/v2.41/bin/bin/../../lib/gcc/pic32mx/4.8.3/../../../../pic32mx/lib/speed/libpic32.a(default-general-exception-handler.o)
 .debug_line    0x00008427       0xa5 /Applications/microchip/xc32/v2.41/bin/bin/../../lib/gcc/pic32mx/4.8.3/../../../../pic32mx/lib/speed/libpic32.a(defaultinterrupt.o)
 .debug_line    0x000084cc       0x7e /Applications/microchip/xc32/v2.41/bin/bin/../../lib/gcc/pic32mx/4.8.3/../../../../pic32mx/lib/speed/libc.a(ctypef.o)
 .debug_line    0x0000854a       0x7e /Applications/microchip/xc32/v2.41/bin/bin/../../lib/gcc/pic32mx/4.8.3/../../../../pic32mx/lib/speed/libc.a(malloc.o)
 .debug_line    0x000085c8       0x7e /Applications/microchip/xc32/v2.41/bin/bin/../../lib/gcc/pic32mx/4.8.3/../../../../pic32mx/lib/speed/libc.a(strstr.o)
 .debug_line    0x00008646        0x0 /Applications/microchip/xc32/v2.41/bin/bin/../../lib/gcc/pic32mx/4.8.3/../../../../pic32mx/lib/speed/libc.a(ctype.o)
 .debug_line    0x00008646       0x7e /Applications/microchip/xc32/v2.41/bin/bin/../../lib/gcc/pic32mx/4.8.3/../../../../pic32mx/lib/speed/libc.a(strchr.o)
 .debug_line    0x000086c4       0x7f /Applications/microchip/xc32/v2.41/bin/bin/../../lib/gcc/pic32mx/4.8.3/../../../../pic32mx/lib/speed/libc.a(strncmp.o)
 .debug_line    0x00008743       0x8c /Applications/microchip/xc32/v2.41/bin/bin/../../lib/gcc/pic32mx/4.8.3/../../../../pic32mx/lib/speed/libm.a(w_pow.o)
 .debug_line    0x000087cf       0x8c /Applications/microchip/xc32/v2.41/bin/bin/../../lib/gcc/pic32mx/4.8.3/../../../../pic32mx/lib/speed/libm.a(w_log.o)
 .debug_line    0x0000885b        0x0 /Applications/microchip/xc32/v2.41/bin/bin/../../lib/gcc/pic32mx/4.8.3/../../../../pic32mx/lib/speed/libm.a(s_lib_ver.o)
 .debug_line    0x0000885b       0x87 /Applications/microchip/xc32/v2.41/bin/bin/../../lib/gcc/pic32mx/4.8.3/../../../../pic32mx/lib/speed/libpic32.a(sbrk.o)
 .debug_line    0x000088e2        0x0 /Applications/microchip/xc32/v2.41/bin/bin/../../lib/gcc/pic32mx/4.8.3/../../../../pic32mx/lib/speed/libpic32.a(errno.o)
 .debug_line    0x000088e2       0x88 /Applications/microchip/xc32/v2.41/bin/bin/../../lib/gcc/pic32mx/4.8.3/../../../../pic32mx/lib/speed/libpic32.a(isinf.o)
 .debug_line    0x0000896a       0x8e /Applications/microchip/xc32/v2.41/bin/bin/../../lib/gcc/pic32mx/4.8.3/../../../../pic32mx/lib/speed/libe.a(_unorddf2.o)

.debug_frame    0x00000000     0x2740
 *(.debug_frame)
 .debug_frame   0x00000000       0x74 build/default/production/_ext/1472/config.o
 .debug_frame   0x00000074      0x924 build/default/production/_ext/1472/interrupts.o
 .debug_frame   0x00000998       0x38 build/default/production/_ext/1472/main.o
 .debug_frame   0x000009d0      0x48c ../../PLIB2_GIT/PLIB.X/dist/default/production/PLIB.X.a(_EXAMPLES_.o)
 .debug_frame   0x00000e5c       0x64 ../../PLIB2_GIT/PLIB.X/dist/default/production/PLIB.X.a(_LOG.o)
 .debug_frame   0x00000ec0       0xd4 ../../PLIB2_GIT/PLIB.X/dist/default/production/PLIB.X.a(pink_lady.o)
 .debug_frame   0x00000f94      0x120 ../../PLIB2_GIT/PLIB.X/dist/default/production/PLIB.X.a(sd_card.o)
 .debug_frame   0x000010b4       0x40 ../../PLIB2_GIT/PLIB.X/dist/default/production/PLIB.X.a(e_mcp23s17.o)
 .debug_frame   0x000010f4       0x34 ../../PLIB2_GIT/PLIB.X/dist/default/production/PLIB.X.a(e_at42qt2120.o)
 .debug_frame   0x00001128       0x34 ../../PLIB2_GIT/PLIB.X/dist/default/production/PLIB.X.a(e_pca9685.o)
 .debug_frame   0x0000115c       0x34 ../../PLIB2_GIT/PLIB.X/dist/default/production/PLIB.X.a(e_veml7700.o)
 .debug_frame   0x00001190      0x174 ../../PLIB2_GIT/PLIB.X/dist/default/production/PLIB.X.a(e_tps92662.o)
 .debug_frame   0x00001304       0x30 ../../PLIB2_GIT/PLIB.X/dist/default/production/PLIB.X.a(e_grove_motor_tb6612fng.o)
 .debug_frame   0x00001334      0x180 ../../PLIB2_GIT/PLIB.X/dist/default/production/PLIB.X.a(ble.o)
 .debug_frame   0x000014b4      0x220 ../../PLIB2_GIT/PLIB.X/dist/default/production/PLIB.X.a(utilities.o)
 .debug_frame   0x000016d4      0x10c ../../PLIB2_GIT/PLIB.X/dist/default/production/PLIB.X.a(string_advance.o)
 .debug_frame   0x000017e0       0x5c ../../PLIB2_GIT/PLIB.X/dist/default/production/PLIB.X.a(lin.o)
 .debug_frame   0x0000183c       0x3c ../../PLIB2_GIT/PLIB.X/dist/default/production/PLIB.X.a(software_pwm.o)
 .debug_frame   0x00001878       0x20 ../../PLIB2_GIT/PLIB.X/dist/default/production/PLIB.X.a(crc_16.o)
 .debug_frame   0x00001898       0x2c ../../PLIB2_GIT/PLIB.X/dist/default/production/PLIB.X.a(errors.o)
 .debug_frame   0x000018c4       0x70 ../../PLIB2_GIT/PLIB.X/dist/default/production/PLIB.X.a(s14_timers.o)
 .debug_frame   0x00001934       0xec ../../PLIB2_GIT/PLIB.X/dist/default/production/PLIB.X.a(s23_spi.o)
 .debug_frame   0x00001a20       0x54 ../../PLIB2_GIT/PLIB.X/dist/default/production/PLIB.X.a(s17_adc.o)
 .debug_frame   0x00001a74       0x48 ../../PLIB2_GIT/PLIB.X/dist/default/production/PLIB.X.a(s16_output_compare.o)
 .debug_frame   0x00001abc      0x160 ../../PLIB2_GIT/PLIB.X/dist/default/production/PLIB.X.a(s24_i2c.o)
 .debug_frame   0x00001c1c       0xb8 ../../PLIB2_GIT/PLIB.X/dist/default/production/PLIB.X.a(s12_ports.o)
 .debug_frame   0x00001cd4      0x168 ../../PLIB2_GIT/PLIB.X/dist/default/production/PLIB.X.a(s21_uart.o)
 .debug_frame   0x00001e3c      0x160 ../../PLIB2_GIT/PLIB.X/dist/default/production/PLIB.X.a(s31_dma.o)
 .debug_frame   0x00001f9c       0x28 ../../PLIB2_GIT/PLIB.X/dist/default/production/PLIB.X.a(s07_resets.o)
 .debug_frame   0x00001fc4      0x140 ../../PLIB2_GIT/PLIB.X/dist/default/production/PLIB.X.a(s08_interrupts.o)
 .debug_frame   0x00002104       0x74 ../../PLIB2_GIT/PLIB.X/dist/default/production/PLIB.X.a(s00_system.o)
 .debug_frame   0x00002178       0x54 ../../PLIB2_GIT/PLIB.X/dist/default/production/PLIB.X.a(s34_can.o)
 .debug_frame   0x000021cc       0x2c /Applications/microchip/xc32/v2.41/bin/bin/../../lib/gcc/pic32mx/4.8.3/speed/libgcc.a(_floatundisf.o)
 .debug_frame   0x000021f8       0x20 /Applications/microchip/xc32/v2.41/bin/bin/../../lib/gcc/pic32mx/4.8.3/speed/libgcc.a(_udivdi3.o)
 .debug_frame   0x00002218       0x20 /Applications/microchip/xc32/v2.41/bin/bin/../../lib/gcc/pic32mx/4.8.3/speed/libgcc.a(_umoddi3.o)
 .debug_frame   0x00002238       0x30 /Applications/microchip/xc32/v2.41/bin/bin/../../lib/gcc/pic32mx/4.8.3/speed/libgcc.a(floatunsisf.o)
 .debug_frame   0x00002268       0x2c /Applications/microchip/xc32/v2.41/bin/bin/../../lib/gcc/pic32mx/4.8.3/speed/libgcc.a(floatunsidf.o)
 .debug_frame   0x00002294       0x2c /Applications/microchip/xc32/v2.41/bin/bin/../../lib/gcc/pic32mx/4.8.3/../../../../pic32mx/lib/speed/libpic32.a(default-bootstrap-exception-handler.o)
 .debug_frame   0x000022c0       0x20 /Applications/microchip/xc32/v2.41/bin/bin/../../lib/gcc/pic32mx/4.8.3/../../../../pic32mx/lib/speed/libpic32.a(default-on-reset.o)
 .debug_frame   0x000022e0       0x20 /Applications/microchip/xc32/v2.41/bin/bin/../../lib/gcc/pic32mx/4.8.3/../../../../pic32mx/lib/speed/libpic32.a(default-on-bootstrap.o)
 .debug_frame   0x00002300       0x2c /Applications/microchip/xc32/v2.41/bin/bin/../../lib/gcc/pic32mx/4.8.3/../../../../pic32mx/lib/speed/libpic32.a(default-general-exception-handler.o)
 .debug_frame   0x0000232c       0x20 /Applications/microchip/xc32/v2.41/bin/bin/../../lib/gcc/pic32mx/4.8.3/../../../../pic32mx/lib/speed/libpic32.a(defaultinterrupt.o)
 .debug_frame   0x0000234c      0x120 /Applications/microchip/xc32/v2.41/bin/bin/../../lib/gcc/pic32mx/4.8.3/../../../../pic32mx/lib/speed/libc.a(ctypef.o)
 .debug_frame   0x0000246c       0x7c /Applications/microchip/xc32/v2.41/bin/bin/../../lib/gcc/pic32mx/4.8.3/../../../../pic32mx/lib/speed/libc.a(malloc.o)
 .debug_frame   0x000024e8       0x34 /Applications/microchip/xc32/v2.41/bin/bin/../../lib/gcc/pic32mx/4.8.3/../../../../pic32mx/lib/speed/libc.a(strstr.o)
 .debug_frame   0x0000251c       0x20 /Applications/microchip/xc32/v2.41/bin/bin/../../lib/gcc/pic32mx/4.8.3/../../../../pic32mx/lib/speed/libc.a(strchr.o)
 .debug_frame   0x0000253c       0x20 /Applications/microchip/xc32/v2.41/bin/bin/../../lib/gcc/pic32mx/4.8.3/../../../../pic32mx/lib/speed/libc.a(strncmp.o)
 .debug_frame   0x0000255c       0x38 /Applications/microchip/xc32/v2.41/bin/bin/../../lib/gcc/pic32mx/4.8.3/../../../../pic32mx/lib/speed/libm.a(w_pow.o)
 .debug_frame   0x00002594       0x38 /Applications/microchip/xc32/v2.41/bin/bin/../../lib/gcc/pic32mx/4.8.3/../../../../pic32mx/lib/speed/libm.a(w_log.o)
 .debug_frame   0x000025cc       0xa4 /Applications/microchip/xc32/v2.41/bin/bin/../../lib/gcc/pic32mx/4.8.3/../../../../pic32mx/lib/speed/libpic32.a(sbrk.o)
 .debug_frame   0x00002670       0xb0 /Applications/microchip/xc32/v2.41/bin/bin/../../lib/gcc/pic32mx/4.8.3/../../../../pic32mx/lib/speed/libpic32.a(isinf.o)
 .debug_frame   0x00002720       0x20 /Applications/microchip/xc32/v2.41/bin/bin/../../lib/gcc/pic32mx/4.8.3/../../../../pic32mx/lib/speed/libe.a(_unorddf2.o)

.debug_str      0x00000000      0x6dc
 *(.debug_str)
 .debug_str     0x00000000        0x0 build/default/production/_ext/1472/config.o
 .debug_str     0x00000000        0xc build/default/production/_ext/1472/interrupts.o
 .debug_str     0x0000000c       0x2a build/default/production/_ext/1472/main.o
 .debug_str     0x00000036      0x1fe ../../PLIB2_GIT/PLIB.X/dist/default/production/PLIB.X.a(_EXAMPLES_.o)
 .debug_str     0x00000234       0x16 ../../PLIB2_GIT/PLIB.X/dist/default/production/PLIB.X.a(_LOG.o)
 .debug_str     0x0000024a        0xb ../../PLIB2_GIT/PLIB.X/dist/default/production/PLIB.X.a(pink_lady.o)
 .debug_str     0x00000255      0x105 ../../PLIB2_GIT/PLIB.X/dist/default/production/PLIB.X.a(sd_card.o)
 .debug_str     0x0000035a        0x0 ../../PLIB2_GIT/PLIB.X/dist/default/production/PLIB.X.a(e_mcp23s17.o)
 .debug_str     0x0000035a       0x54 ../../PLIB2_GIT/PLIB.X/dist/default/production/PLIB.X.a(e_at42qt2120.o)
 .debug_str     0x000003ae       0x54 ../../PLIB2_GIT/PLIB.X/dist/default/production/PLIB.X.a(e_pca9685.o)
 .debug_str     0x00000402       0x54 ../../PLIB2_GIT/PLIB.X/dist/default/production/PLIB.X.a(e_veml7700.o)
 .debug_str     0x00000456       0x14 ../../PLIB2_GIT/PLIB.X/dist/default/production/PLIB.X.a(e_tps92662.o)
 .debug_str     0x0000046a       0x54 ../../PLIB2_GIT/PLIB.X/dist/default/production/PLIB.X.a(e_grove_motor_tb6612fng.o)
 .debug_str     0x000004be       0x40 ../../PLIB2_GIT/PLIB.X/dist/default/production/PLIB.X.a(ble.o)
 .debug_str     0x000004fe       0x5e ../../PLIB2_GIT/PLIB.X/dist/default/production/PLIB.X.a(utilities.o)
 .debug_str     0x0000055c        0x0 ../../PLIB2_GIT/PLIB.X/dist/default/production/PLIB.X.a(string_advance.o)
 .debug_str     0x0000055c        0x0 ../../PLIB2_GIT/PLIB.X/dist/default/production/PLIB.X.a(lin.o)
 .debug_str     0x0000055c        0x0 ../../PLIB2_GIT/PLIB.X/dist/default/production/PLIB.X.a(software_pwm.o)
 .debug_str     0x0000055c        0x0 ../../PLIB2_GIT/PLIB.X/dist/default/production/PLIB.X.a(crc_16.o)
 .debug_str     0x0000055c        0x0 ../../PLIB2_GIT/PLIB.X/dist/default/production/PLIB.X.a(errors.o)
 .debug_str     0x0000055c        0x0 ../../PLIB2_GIT/PLIB.X/dist/default/production/PLIB.X.a(s14_timers.o)
 .debug_str     0x0000055c        0xe ../../PLIB2_GIT/PLIB.X/dist/default/production/PLIB.X.a(s23_spi.o)
 .debug_str     0x0000056a        0x0 ../../PLIB2_GIT/PLIB.X/dist/default/production/PLIB.X.a(s17_adc.o)
 .debug_str     0x0000056a        0x0 ../../PLIB2_GIT/PLIB.X/dist/default/production/PLIB.X.a(s16_output_compare.o)
 .debug_str     0x0000056a       0x6c ../../PLIB2_GIT/PLIB.X/dist/default/production/PLIB.X.a(s24_i2c.o)
 .debug_str     0x000005d6        0x0 ../../PLIB2_GIT/PLIB.X/dist/default/production/PLIB.X.a(s12_ports.o)
 .debug_str     0x000005d6       0x4a ../../PLIB2_GIT/PLIB.X/dist/default/production/PLIB.X.a(s21_uart.o)
 .debug_str     0x00000620       0x47 ../../PLIB2_GIT/PLIB.X/dist/default/production/PLIB.X.a(s31_dma.o)
 .debug_str     0x00000667        0x0 ../../PLIB2_GIT/PLIB.X/dist/default/production/PLIB.X.a(s07_resets.o)
 .debug_str     0x00000667       0x1d ../../PLIB2_GIT/PLIB.X/dist/default/production/PLIB.X.a(s08_interrupts.o)
 .debug_str     0x00000684       0x32 ../../PLIB2_GIT/PLIB.X/dist/default/production/PLIB.X.a(s00_system.o)
 .debug_str     0x000006b6       0x26 ../../PLIB2_GIT/PLIB.X/dist/default/production/PLIB.X.a(s34_can.o)
 .debug_str     0x000006dc        0x0 /Applications/microchip/xc32/v2.41/bin/bin/../../lib/gcc/pic32mx/4.8.3/speed/libgcc.a(_floatundisf.o)
 .debug_str     0x000006dc        0x0 /Applications/microchip/xc32/v2.41/bin/bin/../../lib/gcc/pic32mx/4.8.3/speed/libgcc.a(_udivdi3.o)
 .debug_str     0x000006dc        0x0 /Applications/microchip/xc32/v2.41/bin/bin/../../lib/gcc/pic32mx/4.8.3/speed/libgcc.a(_umoddi3.o)
 .debug_str     0x000006dc        0x0 /Applications/microchip/xc32/v2.41/bin/bin/../../lib/gcc/pic32mx/4.8.3/speed/libgcc.a(floatunsisf.o)
 .debug_str     0x000006dc        0x0 /Applications/microchip/xc32/v2.41/bin/bin/../../lib/gcc/pic32mx/4.8.3/speed/libgcc.a(floatunsidf.o)
 .debug_str     0x000006dc        0x0 /Applications/microchip/xc32/v2.41/bin/bin/../../lib/gcc/pic32mx/4.8.3/../../../../pic32mx/lib/speed/libpic32.a(default-bootstrap-exception-handler.o)
 .debug_str     0x000006dc        0x0 /Applications/microchip/xc32/v2.41/bin/bin/../../lib/gcc/pic32mx/4.8.3/../../../../pic32mx/lib/speed/libpic32.a(default-on-reset.o)
 .debug_str     0x000006dc        0x0 /Applications/microchip/xc32/v2.41/bin/bin/../../lib/gcc/pic32mx/4.8.3/../../../../pic32mx/lib/speed/libpic32.a(default-on-bootstrap.o)
 .debug_str     0x000006dc        0x0 /Applications/microchip/xc32/v2.41/bin/bin/../../lib/gcc/pic32mx/4.8.3/../../../../pic32mx/lib/speed/libpic32.a(default-general-exception-handler.o)
 .debug_str     0x000006dc        0x0 /Applications/microchip/xc32/v2.41/bin/bin/../../lib/gcc/pic32mx/4.8.3/../../../../pic32mx/lib/speed/libpic32.a(defaultinterrupt.o)
 .debug_str     0x000006dc        0x0 /Applications/microchip/xc32/v2.41/bin/bin/../../lib/gcc/pic32mx/4.8.3/../../../../pic32mx/lib/speed/libc.a(ctypef.o)
 .debug_str     0x000006dc        0x0 /Applications/microchip/xc32/v2.41/bin/bin/../../lib/gcc/pic32mx/4.8.3/../../../../pic32mx/lib/speed/libc.a(malloc.o)
 .debug_str     0x000006dc        0x0 /Applications/microchip/xc32/v2.41/bin/bin/../../lib/gcc/pic32mx/4.8.3/../../../../pic32mx/lib/speed/libc.a(strstr.o)
 .debug_str     0x000006dc        0x0 /Applications/microchip/xc32/v2.41/bin/bin/../../lib/gcc/pic32mx/4.8.3/../../../../pic32mx/lib/speed/libc.a(ctype.o)
 .debug_str     0x000006dc        0x0 /Applications/microchip/xc32/v2.41/bin/bin/../../lib/gcc/pic32mx/4.8.3/../../../../pic32mx/lib/speed/libc.a(strchr.o)
 .debug_str     0x000006dc        0x0 /Applications/microchip/xc32/v2.41/bin/bin/../../lib/gcc/pic32mx/4.8.3/../../../../pic32mx/lib/speed/libc.a(strncmp.o)
 .debug_str     0x000006dc        0x0 /Applications/microchip/xc32/v2.41/bin/bin/../../lib/gcc/pic32mx/4.8.3/../../../../pic32mx/lib/speed/libm.a(w_pow.o)